10-18 18:27:06.850  2026  6324 W OpenGLRenderer: Failed to choose config with EGL_SWAP_BEHAVIOR_PRESERVED, retrying without...
10-18 18:27:06.850  2026  6324 D OpenGLRenderer: Swap behavior 0
10-18 18:27:06.861  2026  6324 D eglCodecCommon: setVertexArrayObject: set vao to 0 (0) 0 0
10-18 18:27:06.862  2026  6324 D EGL_emulation: eglCreateContext: 0xdefb1760: maj 2 min 0 rcv 2
10-18 18:27:06.863  2026  6324 D EGL_emulation: eglMakeCurrent: 0xdefb1760: ver 2 0 (tinfo 0xce96a330)
10-18 18:27:06.867  2171 12595 I PlacesLogger: [PlaceInferenceEngine]: No beacon scan available - ignoring candidates. [CONTEXT service_id=253 ]
10-18 18:27:06.871  2171 12623 I LogUtils: [Places]: ?: Couldn't find platform key file. [CONTEXT service_id=253 ]
10-18 18:27:06.931  2171 12595 I LogUtils: [Places]: ?: Couldn't find platform key file. [CONTEXT service_id=253 ]
10-18 18:27:07.480  2026  2055 D AutofillManagerService: Close system dialogs
10-18 18:27:07.481  2026  2112 I ActivityManager: START u0 {act=android.intent.action.MAIN cat=[android.intent.category.HOME] flg=0x10200000 cmp=com.google.android.apps.nexuslauncher/.NexusLauncherActivity (has extras)} from uid 1000
10-18 18:27:07.483  2217  2217 V StatusBar: mStatusBarWindow: com.android.systemui.statusbar.phone.StatusBarWindowView{9dc1304 V.ED..... ........ 0,0-1440,84} canPanelBeCollapsed(): false
10-18 18:27:07.484  2217  2217 I vol.Events: writeEvent dismiss_dialog volume_controller
10-18 18:27:07.670  2026  2160 I GnssLocationProvider: WakeLock acquired by sendMessage(REPORT_SV_STATUS, 0, com.android.server.location.GnssLocationProvider$SvStatusInfo@d12ce96)
10-18 18:27:07.671  2026  2048 I GnssLocationProvider: WakeLock released by handleMessage(REPORT_SV_STATUS, 0, com.android.server.location.GnssLocationProvider$SvStatusInfo@d12ce96)
10-18 18:27:07.890  2026  4891 E memtrack: Couldn't load memtrack module
10-18 18:27:07.891  2026  4891 W android.os.Debug: failed to get memory consumption info: -1
10-18 18:27:08.223  2026  2170 E TaskPersister: File error accessing recents directory (directory doesn't exist?).
10-18 18:27:08.671  2026  2160 I GnssLocationProvider: WakeLock acquired by sendMessage(REPORT_SV_STATUS, 0, com.android.server.location.GnssLocationProvider$SvStatusInfo@9f7da17)
10-18 18:27:08.672  2026  2048 I GnssLocationProvider: WakeLock released by handleMessage(REPORT_SV_STATUS, 0, com.android.server.location.GnssLocationProvider$SvStatusInfo@9f7da17)
10-18 18:27:08.969  2026  2112 I WindowManager: Ignoring HOME; event canceled.
10-18 18:27:09.105  3167  3167 I GoogleInputMethod: onFinishInput() : Dummy InputConnection bound
10-18 18:27:09.106  3167  3167 I GoogleInputMethod: onStartInput() : Dummy InputConnection bound
10-18 18:27:09.113  2217  2526 D EGL_emulation: eglMakeCurrent: 0xe1c05720: ver 2 0 (tinfo 0xe1c03530)
10-18 18:27:09.258  2217  2526 I chatty  : uid=10039(com.android.systemui) RenderThread identical 12 lines
10-18 18:27:09.267  2217  2526 D EGL_emulation: eglMakeCurrent: 0xe1c05720: ver 2 0 (tinfo 0xe1c03530)
10-18 18:27:09.671  2026  2160 I GnssLocationProvider: WakeLock acquired by sendMessage(REPORT_SV_STATUS, 0, com.android.server.location.GnssLocationProvider$SvStatusInfo@4445fed)
10-18 18:27:09.672  2026  2048 I GnssLocationProvider: WakeLock released by handleMessage(REPORT_SV_STATUS, 0, com.android.server.location.GnssLocationProvider$SvStatusInfo@4445fed)
10-18 18:27:10.274  2026  4252 I ActivityManager: START u0 {act=android.intent.action.MAIN cat=[android.intent.category.LAUNCHER] flg=0x10200000 cmp=edu.uw.ischool.qy54.activityspy/.MainActivity bnds=[47,830][316,1174]} from uid 10022
10-18 18:27:10.299 12416 12416 I MainActivity: onStart event fired
10-18 18:27:10.302 12416 12416 I MainActivity: onResume event fired
10-18 18:27:10.322  3361  3379 W System  : A resource failed to call release. 
10-18 18:27:10.323  3361  3379 I chatty  : uid=10022(com.google.android.apps.nexuslauncher) FinalizerDaemon identical 2 lines
10-18 18:27:10.323  3361  3379 W System  : A resource failed to call release. 
10-18 18:27:10.327  1649  3286 D gralloc_ranchu: gralloc_alloc: Creating ashmem region of size 14749696
10-18 18:27:10.329  1649  1714 D gralloc_ranchu: gralloc_alloc: Creating ashmem region of size 14749696
10-18 18:27:10.331  1649  3286 D gralloc_ranchu: gralloc_alloc: Creating ashmem region of size 14749696
10-18 18:27:10.335  3167  3167 I GoogleInputMethod: onFinishInput() : Dummy InputConnection bound
10-18 18:27:10.335  3167  3167 I GoogleInputMethod: onStartInput() : Dummy InputConnection bound
10-18 18:27:10.345 12416 12441 D EGL_emulation: eglMakeCurrent: 0xe1cde220: ver 2 0 (tinfo 0xe1c9c9a0)
10-18 18:27:10.534  1862  1992 W SurfaceFlinger: Attempting to set client state on removed layer: SnapshotStartingWindow for taskId=46#0
10-18 18:27:10.534  1862  1992 W SurfaceFlinger: Attempting to destroy on removed layer: SnapshotStartingWindow for taskId=46#0
10-18 18:27:10.587  2217  2526 D EGL_emulation: eglMakeCurrent: 0xe1c05720: ver 2 0 (tinfo 0xe1c03530)
10-18 18:27:10.656  2217  2526 I chatty  : uid=10039(com.android.systemui) RenderThread identical 8 lines
10-18 18:27:10.661  2217  2526 D EGL_emulation: eglMakeCurrent: 0xe1c05720: ver 2 0 (tinfo 0xe1c03530)
10-18 18:27:10.672  2026  2160 I GnssLocationProvider: WakeLock acquired by sendMessage(REPORT_SV_STATUS, 0, com.android.server.location.GnssLocationProvider$SvStatusInfo@596d32b)
10-18 18:27:10.672  2026  2048 I GnssLocationProvider: WakeLock released by handleMessage(REPORT_SV_STATUS, 0, com.android.server.location.GnssLocationProvider$SvStatusInfo@596d32b)
10-18 18:27:10.674  2217  2526 D EGL_emulation: eglMakeCurrent: 0xe1c05720: ver 2 0 (tinfo 0xe1c03530)
10-18 18:27:10.708  2217  2526 I chatty  : uid=10039(com.android.systemui) RenderThread identical 4 lines
10-18 18:27:10.715  2217  2526 D EGL_emulation: eglMakeCurrent: 0xe1c05720: ver 2 0 (tinfo 0xe1c03530)
10-18 18:27:10.782  1862  1886 W SurfaceFlinger: Attempting to set client state on removed layer: Surface(name=AppWindowToken{608c350 token=Token{e072513 ActivityRecord{90cb802 u0 edu.uw.ischool.qy54.activityspy/.MainActivity t46}}})/@0xa5ebbd - animation-leash#0
10-18 18:27:10.782  1862  1886 W SurfaceFlinger: Attempting to set client state on removed layer: Surface(name=AppWindowToken{5fcbb75 token=Token{6cf02ac ActivityRecord{9e3985f u0 com.google.android.apps.nexuslauncher/.NexusLauncherActivity t5}}})/@0x7bf12a3 - animation-leash#0
10-18 18:27:10.782  1862  1886 W SurfaceFlinger: Attempting to destroy on removed layer: Surface(name=AppWindowToken{608c350 token=Token{e072513 ActivityRecord{90cb802 u0 edu.uw.ischool.qy54.activityspy/.MainActivity t46}}})/@0xa5ebbd - animation-leash#0
10-18 18:27:10.782  1862  1886 W SurfaceFlinger: Attempting to destroy on removed layer: Surface(name=AppWindowToken{5fcbb75 token=Token{6cf02ac ActivityRecord{9e3985f u0 com.google.android.apps.nexuslauncher/.NexusLauncherActivity t5}}})/@0x7bf12a3 - animation-leash#0
10-18 18:27:10.794  2217  2526 D EGL_emulation: eglMakeCurrent: 0xe1c05720: ver 2 0 (tinfo 0xe1c03530)
10-18 18:27:10.799  3361  3464 D EGL_emulation: eglMakeCurrent: 0xe1c05a80: ver 2 0 (tinfo 0xe1c03960)
10-18 18:27:10.799  3328  3564 D EGL_emulation: eglMakeCurrent: 0xe1c05d80: ver 2 0 (tinfo 0xe1c03cb0)
10-18 18:27:10.811  1862  1862 W SurfaceFlinger: couldn't log to binary event log: overflow.
10-18 18:27:10.811  1862  1862 W SurfaceFlinger: couldn't log to binary event log: overflow.
10-18 18:27:10.924  3328  3328 I StreamRenderer: cleanUpRendererScope(nowcards--8468767141838813037)
10-18 18:27:10.928  3328 12040 I PBSessionCacheImpl: Deleted sessionId[154415741736] from persistence.
10-18 18:27:10.933  3328  3328 W SearchService: Abort, client detached.
10-18 18:27:10.933  3328  3328 I StreamController: cleanUpControllerScope(nowcards--8468767141838813037)
10-18 18:27:11.019  2217  2526 D EGL_emulation: eglMakeCurrent: 0xe1c05720: ver 2 0 (tinfo 0xe1c03530)
10-18 18:27:11.469  3328 12586 I EventLogSendingHelper: Sending log events.
10-18 18:27:11.671  2026  2160 I GnssLocationProvider: WakeLock acquired by sendMessage(REPORT_SV_STATUS, 0, com.android.server.location.GnssLocationProvider$SvStatusInfo@50a0034)
10-18 18:27:11.672  2026  2048 I GnssLocationProvider: WakeLock released by handleMessage(REPORT_SV_STATUS, 0, com.android.server.location.GnssLocationProvider$SvStatusInfo@50a0034)
10-18 18:27:11.717  2171  2171 I BeaconBle: Scan : No clients left, canceling alarm. [CONTEXT service_id=111 ]
10-18 18:27:12.624  2026  2050 D AutofillManagerService: onBackKeyPressed()
10-18 18:27:12.628 12416 12416 I MainActivity: onPause event fired
10-18 18:27:12.640  1649  3286 D gralloc_ranchu: gralloc_alloc: Creating ashmem region of size 14749696
10-18 18:27:12.644  1649  1714 D gralloc_ranchu: gralloc_alloc: Creating ashmem region of size 14749696
10-18 18:27:12.645  1649  1714 D gralloc_ranchu: gralloc_alloc: Creating ashmem region of size 14749696
10-18 18:27:12.655  3328  3564 D EGL_emulation: eglMakeCurrent: 0xe1c05d80: ver 2 0 (tinfo 0xe1c03cb0)
10-18 18:27:12.657  1862  1862 D SurfaceFlinger: duplicate layer name: changing com.google.android.apps.nexuslauncher/com.google.android.apps.nexuslauncher.NexusLauncherActivity to com.google.android.apps.nexuslauncher/com.google.android.apps.nexuslauncher.NexusLauncherActivity#1
10-18 18:27:12.668  3328  3328 W SessionLifecycleManager: Handover failed. Creating new session controller.
10-18 18:27:12.672  2026  2160 I GnssLocationProvider: WakeLock acquired by sendMessage(REPORT_SV_STATUS, 0, com.android.server.location.GnssLocationProvider$SvStatusInfo@3bd4ff6)
10-18 18:27:12.674  2026  2048 I GnssLocationProvider: WakeLock released by handleMessage(REPORT_SV_STATUS, 0, com.android.server.location.GnssLocationProvider$SvStatusInfo@3bd4ff6)
10-18 18:27:12.674  1649  1714 D gralloc_ranchu: gralloc_alloc: Creating ashmem region of size 14749696
10-18 18:27:12.676  1649  3286 D gralloc_ranchu: gralloc_alloc: Creating ashmem region of size 14749696
10-18 18:27:12.678  1649  1714 D gralloc_ranchu: gralloc_alloc: Creating ashmem region of size 14749696
10-18 18:27:12.682  3361  3464 D EGL_emulation: eglMakeCurrent: 0xe1c05a80: ver 2 0 (tinfo 0xe1c03960)
10-18 18:27:12.700  3328  3328 I StreamController: registerScope: nowcards--8468767141838813037
10-18 18:27:12.706  3328 12040 E EntrySyncManager: Cannot determine account name: drop request
10-18 18:27:12.707  3328 12040 E NowController: Failed to access data from EntryProvider. ExecutionException.
10-18 18:27:12.707  3328 12040 E NowController: java.util.concurrent.ExecutionException: com.google.android.apps.gsa.sidekick.main.h.n: Could not complete scheduled request to refresh entries. ClientErrorCode: 3
10-18 18:27:12.707  3328 12040 E NowController: 	at com.google.common.util.concurrent.d.eA(SourceFile:85)
10-18 18:27:12.707  3328 12040 E NowController: 	at com.google.common.util.concurrent.d.get(SourceFile:23)
10-18 18:27:12.707  3328 12040 E NowController: 	at com.google.common.util.concurrent.l.get(SourceFile:2)
10-18 18:27:12.707  3328 12040 E NowController: 	at com.google.android.apps.gsa.staticplugins.nowstream.b.a.be.cbB(SourceFile:49)
10-18 18:27:12.707  3328 12040 E NowController: 	at com.google.android.apps.gsa.staticplugins.nowstream.b.a.be.cbA(SourceFile:181)
10-18 18:27:12.707  3328 12040 E NowController: 	at com.google.android.apps.gsa.staticplugins.nowstream.b.a.bh.run(Unknown Source:2)
10-18 18:27:12.707  3328 12040 E NowController: 	at com.google.android.apps.gsa.shared.util.concurrent.at.run(SourceFile:4)
10-18 18:27:12.707  3328 12040 E NowController: 	at java.util.concurrent.Executors$RunnableAdapter.call(Executors.java:458)
10-18 18:27:12.707  3328 12040 E NowController: 	at java.util.concurrent.FutureTask.run(FutureTask.java:266)
10-18 18:27:12.707  3328 12040 E NowController: 	at java.util.concurrent.Executors$RunnableAdapter.call(Executors.java:458)
10-18 18:27:12.707  3328 12040 E NowController: 	at java.util.concurrent.FutureTask.run(FutureTask.java:266)
10-18 18:27:12.707  3328 12040 E NowController: 	at com.google.android.apps.gsa.shared.util.concurrent.b.g.run(Unknown Source:4)
10-18 18:27:12.707  3328 12040 E NowController: 	at com.google.android.apps.gsa.shared.util.concurrent.b.aw.run(SourceFile:4)
10-18 18:27:12.707  3328 12040 E NowController: 	at com.google.android.apps.gsa.shared.util.concurrent.b.aw.run(SourceFile:4)
10-18 18:27:12.707  3328 12040 E NowController: 	at java.util.concurrent.ThreadPoolExecutor.runWorker(ThreadPoolExecutor.java:1167)
10-18 18:27:12.707  3328 12040 E NowController: 	at java.util.concurrent.ThreadPoolExecutor$Worker.run(ThreadPoolExecutor.java:641)
10-18 18:27:12.707  3328 12040 E NowController: 	at java.lang.Thread.run(Thread.java:764)
10-18 18:27:12.707  3328 12040 E NowController: 	at com.google.android.apps.gsa.shared.util.concurrent.b.i.run(SourceFile:6)
10-18 18:27:12.707  3328 12040 E NowController: Caused by: com.google.android.apps.gsa.sidekick.main.h.n: Could not complete scheduled request to refresh entries. ClientErrorCode: 3
10-18 18:27:12.707  3328 12040 E NowController: 	at com.google.android.apps.gsa.staticplugins.nowstream.b.a.ar.az(Unknown Source:4)
10-18 18:27:12.707  3328 12040 E NowController: 	at com.google.common.util.concurrent.q.ap(SourceFile:7)
10-18 18:27:12.707  3328 12040 E NowController: 	at com.google.common.util.concurrent.p.run(SourceFile:32)
10-18 18:27:12.707  3328 12040 E NowController: 	at com.google.common.util.concurrent.bt.execute(SourceFile:3)
10-18 18:27:12.707  3328 12040 E NowController: 	at com.google.common.util.concurrent.d.b(SourceFile:275)
10-18 18:27:12.707  3328 12040 E NowController: 	at com.google.common.util.concurrent.d.addListener(SourceFile:135)
10-18 18:27:12.707  3328 12040 E NowController: 	at com.google.common.util.concurrent.p.b(SourceFile:3)
10-18 18:27:12.707  3328 12040 E NowController: 	at com.google.android.apps.gsa.shared.util.concurrent.h.a(SourceFile:16)
10-18 18:27:12.707  3328 12040 E NowController: 	at com.google.android.apps.gsa.shared.util.concurrent.h.a(SourceFile:13)
10-18 18:27:12.707  3328 12040 E NowController: 	at com.google.android.apps.gsa.staticplugins.nowstream.b.a.be.cbB(SourceFile:47)
10-18 18:27:12.707  3328 12040 E NowController: 	... 14 more
10-18 18:27:12.712  3328  3328 I StreamRenderer: maybeRegisterNowCardsScope(nowcards--8468767141838813037, com.google.android.sidekick.shared.remoteapi.CardRenderingContext@9c4ff04)
10-18 18:27:12.719  1649  1714 D gralloc_ranchu: gralloc_alloc: Creating ashmem region of size 14749696
10-18 18:27:12.723  2217  2526 D EGL_emulation: eglMakeCurrent: 0xe1c05720: ver 2 0 (tinfo 0xe1c03530)
10-18 18:27:12.735  2217  2526 D EGL_emulation: eglMakeCurrent: 0xe1c05720: ver 2 0 (tinfo 0xe1c03530)
10-18 18:27:12.744  3167  3167 I GoogleInputMethod: onFinishInput() : Dummy InputConnection bound
10-18 18:27:12.744  3167  3167 I GoogleInputMethod: onStartInput() : Dummy InputConnection bound
10-18 18:27:12.746  2217  2526 D EGL_emulation: eglMakeCurrent: 0xe1c05720: ver 2 0 (tinfo 0xe1c03530)
10-18 18:27:12.755  2217  2526 D EGL_emulation: eglMakeCurrent: 0xe1c05720: ver 2 0 (tinfo 0xe1c03530)
10-18 18:27:12.771  3328  3328 I StreamController: cleanUpControllerScope(nowcards--8468767141838813037)
10-18 18:27:12.771  3328  3328 I StreamController: registerScope: nowcards--4059495791664856211
10-18 18:27:12.781  2217  2526 D EGL_emulation: eglMakeCurrent: 0xe1c05720: ver 2 0 (tinfo 0xe1c03530)
10-18 18:27:12.790  3328  3328 I MicroDetectionWorker: #startMicroDetector [speakerMode: 0]
10-18 18:27:12.790  3328  3328 I AudioController: Using mInputStreamFactoryBuilder
10-18 18:27:12.790  3328  3328 I AudioController: Created new AudioSource
10-18 18:27:12.791  3328  3328 I StreamRenderer: cleanUpRendererScope(nowcards--8468767141838813037)
10-18 18:27:12.792  3328  3328 I StreamRenderer: maybeRegisterNowCardsScope(nowcards--4059495791664856211, com.google.android.sidekick.shared.remoteapi.CardRenderingContext@a5e6eb)
10-18 18:27:12.798  3361  3379 W System  : A resource failed to call release. 
10-18 18:27:12.798  3361  3379 W System  : A resource failed to call release. 
10-18 18:27:12.798  3361  3381 I s.nexuslaunche: NativeAlloc concurrent copying GC freed 4557(326KB) AllocSpace objects, 7(5MB) LOS objects, 40% free, 8MB/14MB, paused 10.525ms total 42.368ms
10-18 18:27:12.803  2217  2526 D EGL_emulation: eglMakeCurrent: 0xe1c05720: ver 2 0 (tinfo 0xe1c03530)
10-18 18:27:12.803  3328  3328 I MicroDetectionWorker: onReady
10-18 18:27:12.825  3328 12585 I MicroRecognitionRunner: Starting detection.
10-18 18:27:12.825  2217  2526 D EGL_emulation: eglMakeCurrent: 0xe1c05720: ver 2 0 (tinfo 0xe1c03530)
10-18 18:27:12.827  3328 12040 I MicrophoneInputStream: mic_starting  SR : 16000 CC : 16 SO : 6
10-18 18:27:12.828  1657  1657 E         : Request requires android.permission.RECORD_AUDIO
10-18 18:27:12.828  1657  1657 E AudioPolicyIntefaceImpl: getInputForAttr permission denied: recording not allowed for uid 10040 pid 3328
10-18 18:27:12.828  1657  1657 E AudioFlinger: createRecord() checkRecordThread_l failed
10-18 18:27:12.828  3328 12040 E IAudioFlinger: createRecord returned error -22
10-18 18:27:12.828  3328 12040 E AudioRecord: AudioFlinger could not create record track, status: -22
10-18 18:27:12.829  3328 12040 E AudioRecord-JNI: Error creating AudioRecord instance: initialization check failed with status -22.
10-18 18:27:12.829  3328 12040 E android.media.AudioRecord: Error code -20 when initializing native AudioRecord object.
10-18 18:27:12.829  3328 12040 I MicrophoneInputStream: mic_started  SR : 16000 CC : 16 SO : 6
10-18 18:27:12.830  3328 12040 E ActivityThread: Failed to find provider info for com.google.android.apps.gsa.testing.ui.audio.recorded
10-18 18:27:12.832  3328 12040 I MicrophoneInputStream: mic_close  SR : 16000 CC : 16 SO : 6
10-18 18:27:12.833  3328 12585 I MicroRecognitionRunner: Detection finished
10-18 18:27:12.833  3328 12585 W ErrorReporter: reportError [type: 211, code: 524300]: Error reading from input stream
10-18 18:27:12.834  3328  3691 I MicroRecognitionRunner: Stopping hotword detection.
10-18 18:27:12.834  3328 12585 W ErrorProcessor: onFatalError, processing error from engine(4)
10-18 18:27:12.834  3328 12585 W ErrorProcessor: com.google.android.apps.gsa.shared.speech.b.g: Error reading from input stream
10-18 18:27:12.834  3328 12585 W ErrorProcessor: 	at com.google.android.apps.gsa.staticplugins.microdetection.d.k.a(SourceFile:91)
10-18 18:27:12.834  3328 12585 W ErrorProcessor: 	at com.google.android.apps.gsa.staticplugins.microdetection.d.l.run(Unknown Source:14)
10-18 18:27:12.834  3328 12585 W ErrorProcessor: 	at com.google.android.libraries.gsa.runner.a.a.b(SourceFile:32)
10-18 18:27:12.834  3328 12585 W ErrorProcessor: 	at com.google.android.libraries.gsa.runner.a.c.call(Unknown Source:4)
10-18 18:27:12.834  3328 12585 W ErrorProcessor: 	at java.util.concurrent.FutureTask.run(FutureTask.java:266)
10-18 18:27:12.834  3328 12585 W ErrorProcessor: 	at java.util.concurrent.Executors$RunnableAdapter.call(Executors.java:458)
10-18 18:27:12.834  3328 12585 W ErrorProcessor: 	at java.util.concurrent.FutureTask.run(FutureTask.java:266)
10-18 18:27:12.834  3328 12585 W ErrorProcessor: 	at com.google.android.apps.gsa.shared.util.concurrent.b.g.run(Unknown Source:4)
10-18 18:27:12.834  3328 12585 W ErrorProcessor: 	at com.google.android.apps.gsa.shared.util.concurrent.b.aw.run(SourceFile:4)
10-18 18:27:12.834  3328 12585 W ErrorProcessor: 	at com.google.android.apps.gsa.shared.util.concurrent.b.aw.run(SourceFile:4)
10-18 18:27:12.834  3328 12585 W ErrorProcessor: 	at java.util.concurrent.ThreadPoolExecutor.runWorker(ThreadPoolExecutor.java:1167)
10-18 18:27:12.834  3328 12585 W ErrorProcessor: 	at java.util.concurrent.ThreadPoolExecutor$Worker.run(ThreadPoolExecutor.java:641)
10-18 18:27:12.834  3328 12585 W ErrorProcessor: 	at java.lang.Thread.run(Thread.java:764)
10-18 18:27:12.834  3328 12585 W ErrorProcessor: 	at com.google.android.apps.gsa.shared.util.concurrent.b.i.run(SourceFile:6)
10-18 18:27:12.834  3328 12585 W ErrorProcessor: Caused by: com.google.android.apps.gsa.shared.exception.GsaIOException: Error code: 393238 | Buffer overflow, no available space.
10-18 18:27:12.834  3328 12585 W ErrorProcessor: 	at com.google.android.apps.gsa.speech.audio.Tee.j(SourceFile:103)
10-18 18:27:12.834  3328 12585 W ErrorProcessor: 	at com.google.android.apps.gsa.speech.audio.au.read(SourceFile:2)
10-18 18:27:12.834  3328 12585 W ErrorProcessor: 	at java.io.InputStream.read(InputStream.java:101)
10-18 18:27:12.834  3328 12585 W ErrorProcessor: 	at com.google.android.apps.gsa.speech.audio.ao.run(SourceFile:17)
10-18 18:27:12.834  3328 12585 W ErrorProcessor: 	at com.google.android.apps.gsa.speech.audio.an.run(SourceFile:2)
10-18 18:27:12.834  3328 12585 W ErrorProcessor: 	at java.util.concurrent.Executors$RunnableAdapter.call(Executors.java:458)
10-18 18:27:12.834  3328 12585 W ErrorProcessor: 	... 10 more
10-18 18:27:12.834  3328 12585 I AudioController: internalShutdown
10-18 18:27:12.840  3328  3328 I MicroDetectionWorker: onReady
10-18 18:27:12.840  3328  3328 I MicroDetector: Keeping mic open: false
10-18 18:27:12.840  3328  3328 I MicroDetectionWorker: #onError(false)
10-18 18:27:12.841  3328 12586 I DeviceStateChecker: DeviceStateChecker cancelled
10-18 18:27:12.858  2217  2526 D EGL_emulation: eglMakeCurrent: 0xe1c05720: ver 2 0 (tinfo 0xe1c03530)
10-18 18:27:12.872  2217  2526 I chatty  : uid=10039(com.android.systemui) RenderThread identical 1 line
10-18 18:27:12.886  2217  2526 D EGL_emulation: eglMakeCurrent: 0xe1c05720: ver 2 0 (tinfo 0xe1c03530)
10-18 18:27:13.232 12416 12441 D EGL_emulation: eglMakeCurrent: 0xe1cde220: ver 2 0 (tinfo 0xe1c9c9a0)
10-18 18:27:13.239 12416 12416 I MainActivity: onStop event fired
10-18 18:27:13.240 12416 12416 I MainActivity: onDestroy event fired
10-18 18:27:13.240 12416 12416 E MainActivity: 'You're going to need a bigger boat.' --Brody, Jaws
10-18 18:27:13.672  2026  2160 I GnssLocationProvider: WakeLock acquired by sendMessage(REPORT_SV_STATUS, 0, com.android.server.location.GnssLocationProvider$SvStatusInfo@23ab4c9)
10-18 18:27:13.672  2026  2048 I GnssLocationProvider: WakeLock released by handleMessage(REPORT_SV_STATUS, 0, com.android.server.location.GnssLocationProvider$SvStatusInfo@23ab4c9)
10-18 18:27:13.871  2026  2170 E TaskPersister: File error accessing recents directory (directory doesn't exist?).
10-18 18:27:14.672  2026  2160 I GnssLocationProvider: WakeLock acquired by sendMessage(REPORT_SV_STATUS, 0, com.android.server.location.GnssLocationProvider$SvStatusInfo@28a67ce)
10-18 18:27:14.672  2026  2048 I GnssLocationProvider: WakeLock released by handleMessage(REPORT_SV_STATUS, 0, com.android.server.location.GnssLocationProvider$SvStatusInfo@28a67ce)
10-18 18:27:14.923  2026  4891 I ActivityManager: START u0 {act=android.intent.action.MAIN cat=[android.intent.category.LAUNCHER] flg=0x10200000 cmp=edu.uw.ischool.qy54.activityspy/.MainActivity bnds=[47,830][316,1174]} from uid 10022
10-18 18:27:14.933 12416 12416 W ActivityThread: handleWindowVisibility: no activity for token android.os.BinderProxy@cee2168
10-18 18:27:14.954 12416 12416 I MainActivity: onCreate event fired - Bundle: null
10-18 18:27:14.964 12416 12416 I MainActivity: onStart event fired
10-18 18:27:14.964 12416 12416 I MainActivity: onResume event fired
10-18 18:27:14.965  1649  1714 D gralloc_ranchu: gralloc_alloc: Creating ashmem region of size 14749696
10-18 18:27:15.028  1649  1714 I chatty  : uid=1000(system) HwBinder:1649_1 identical 3 lines
10-18 18:27:15.052  1649  1714 D gralloc_ranchu: gralloc_alloc: Creating ashmem region of size 14749696
10-18 18:27:15.053  3167  3167 I GoogleInputMethod: onFinishInput() : Dummy InputConnection bound
10-18 18:27:15.054  3167  3167 I GoogleInputMethod: onStartInput() : Dummy InputConnection bound
10-18 18:27:15.090 12416 12441 D EGL_emulation: eglMakeCurrent: 0xe1cde220: ver 2 0 (tinfo 0xe1c9c9a0)
10-18 18:27:15.115  2026  2057 I ActivityManager: Displayed edu.uw.ischool.qy54.activityspy/.MainActivity: +171ms
10-18 18:27:15.272  1862  1888 W SurfaceFlinger: Attempting to set client state on removed layer: Splash Screen edu.uw.ischool.qy54.activityspy#0
10-18 18:27:15.272  1862  1888 W SurfaceFlinger: Attempting to destroy on removed layer: Splash Screen edu.uw.ischool.qy54.activityspy#0
10-18 18:27:15.345  2217  2526 D EGL_emulation: eglMakeCurrent: 0xe1c05720: ver 2 0 (tinfo 0xe1c03530)
10-18 18:27:15.479  2217  2526 I chatty  : uid=10039(com.android.systemui) RenderThread identical 14 lines
10-18 18:27:15.484  2217  2526 D EGL_emulation: eglMakeCurrent: 0xe1c05720: ver 2 0 (tinfo 0xe1c03530)
10-18 18:27:15.575  3328  3564 D EGL_emulation: eglMakeCurrent: 0xe1c05d80: ver 2 0 (tinfo 0xe1c03cb0)
10-18 18:27:15.580  2217  2526 D EGL_emulation: eglMakeCurrent: 0xe1c05720: ver 2 0 (tinfo 0xe1c03530)
10-18 18:27:15.594  2217  2526 D EGL_emulation: eglMakeCurrent: 0xe1c05720: ver 2 0 (tinfo 0xe1c03530)
10-18 18:27:15.600  3361  3464 D EGL_emulation: eglMakeCurrent: 0xe1c05a80: ver 2 0 (tinfo 0xe1c03960)
10-18 18:27:15.612  1862  1862 W SurfaceFlinger: couldn't log to binary event log: overflow.
10-18 18:27:15.613  1862  1862 W SurfaceFlinger: couldn't log to binary event log: overflow.
10-18 18:27:15.672  2026  2160 I GnssLocationProvider: WakeLock acquired by sendMessage(REPORT_SV_STATUS, 0, com.android.server.location.GnssLocationProvider$SvStatusInfo@6d241ad)
10-18 18:27:15.673  2026  2048 I GnssLocationProvider: WakeLock released by handleMessage(REPORT_SV_STATUS, 0, com.android.server.location.GnssLocationProvider$SvStatusInfo@6d241ad)
10-18 18:27:15.731  3328  3328 I StreamRenderer: cleanUpRendererScope(nowcards--4059495791664856211)
10-18 18:27:15.734  3328 12581 I PBSessionCacheImpl: Deleted sessionId[154415741737] from persistence.
10-18 18:27:15.738  3328  3328 W SearchService: Abort, client detached.
10-18 18:27:15.739  3328  3328 I StreamController: cleanUpControllerScope(nowcards--4059495791664856211)
10-18 18:27:16.498  3328 12585 I EventLogSendingHelper: Sending log events.
10-18 18:27:16.509  3328 12588 I WorkController: WorkProxy is not enqueued because WorkController is disposed: WorkProxy{Name=context::j, WorkerId=context, id=d7355f}
10-18 18:27:16.510  3328 12588 I WorkController: WorkProxy is not enqueued because WorkController is disposed: WorkProxy{Name=context::m, WorkerId=context, id=45edbac}
10-18 18:27:16.510  3328 12588 I WorkController: WorkProxy is not enqueued because WorkController is disposed: WorkProxy{Name=context::n, WorkerId=context, id=65a2075}
10-18 18:27:16.510  3328 12588 I WorkController: WorkProxy is not enqueued because WorkController is disposed: WorkProxy{Name=context::p, WorkerId=context, id=9c1a80a}
10-18 18:27:16.516  2026  3536 I GnssLocationProvider: WakeLock acquired by sendMessage(SET_REQUEST, 0, com.android.server.location.GnssLocationProvider$GpsRequest@8fe4ba9)
10-18 18:27:16.517  2026  2048 I GnssLocationProvider: WakeLock released by handleMessage(SET_REQUEST, 0, com.android.server.location.GnssLocationProvider$GpsRequest@8fe4ba9)
10-18 18:27:16.535  2217  2526 D EGL_emulation: eglMakeCurrent: 0xe1c05720: ver 2 0 (tinfo 0xe1c03530)
10-18 18:27:16.552  2217  2526 I chatty  : uid=10039(com.android.systemui) RenderThread identical 2 lines
10-18 18:27:16.556  2217  2526 D EGL_emulation: eglMakeCurrent: 0xe1c05720: ver 2 0 (tinfo 0xe1c03530)
10-18 18:27:16.672  2026  2160 I GnssLocationProvider: WakeLock acquired by sendMessage(REPORT_SV_STATUS, 0, com.android.server.location.GnssLocationProvider$SvStatusInfo@d09e52e)
10-18 18:27:16.672  2026  2048 I GnssLocationProvider: WakeLock released by handleMessage(REPORT_SV_STATUS, 0, com.android.server.location.GnssLocationProvider$SvStatusInfo@d09e52e)
10-18 18:27:17.672  2026  2160 I GnssLocationProvider: WakeLock acquired by sendMessage(REPORT_SV_STATUS, 0, com.android.server.location.GnssLocationProvider$SvStatusInfo@9ec8cf)
10-18 18:27:17.672  2026  2048 I GnssLocationProvider: WakeLock released by handleMessage(REPORT_SV_STATUS, 0, com.android.server.location.GnssLocationProvider$SvStatusInfo@9ec8cf)
10-18 18:27:18.130  1639  1728 W audio_hw_generic: Not supplying enough data to HAL, expected position 10420658 , only wrote 9749520
10-18 18:27:18.672  2026  2160 I GnssLocationProvider: WakeLock acquired by sendMessage(REPORT_SV_STATUS, 0, com.android.server.location.GnssLocationProvider$SvStatusInfo@3e4c25c)
10-18 18:27:18.672  2026  2048 I GnssLocationProvider: WakeLock released by handleMessage(REPORT_SV_STATUS, 0, com.android.server.location.GnssLocationProvider$SvStatusInfo@3e4c25c)
10-18 18:27:19.037  2026  2170 E TaskPersister: File error accessing recents directory (directory doesn't exist?).
10-18 18:27:19.672  2026  2160 I GnssLocationProvider: WakeLock acquired by sendMessage(REPORT_SV_STATUS, 0, com.android.server.location.GnssLocationProvider$SvStatusInfo@ac6f965)
10-18 18:27:19.673  2026  2048 I GnssLocationProvider: WakeLock released by handleMessage(REPORT_SV_STATUS, 0, com.android.server.location.GnssLocationProvider$SvStatusInfo@ac6f965)
10-18 18:27:20.672  2026  2160 I GnssLocationProvider: WakeLock acquired by sendMessage(REPORT_SV_STATUS, 0, com.android.server.location.GnssLocationProvider$SvStatusInfo@fd3263a)
10-18 18:27:20.672  2026  2048 I GnssLocationProvider: WakeLock released by handleMessage(REPORT_SV_STATUS, 0, com.android.server.location.GnssLocationProvider$SvStatusInfo@fd3263a)
10-18 18:27:21.672  2026  2160 I GnssLocationProvider: WakeLock acquired by sendMessage(REPORT_SV_STATUS, 0, com.android.server.location.GnssLocationProvider$SvStatusInfo@d6922eb)
10-18 18:27:21.672  2026  2048 I GnssLocationProvider: WakeLock released by handleMessage(REPORT_SV_STATUS, 0, com.android.server.location.GnssLocationProvider$SvStatusInfo@d6922eb)
10-18 18:27:22.672  2026  2160 I GnssLocationProvider: WakeLock acquired by sendMessage(REPORT_SV_STATUS, 0, com.android.server.location.GnssLocationProvider$SvStatusInfo@b29a848)
10-18 18:27:22.672  2026  2048 I GnssLocationProvider: WakeLock released by handleMessage(REPORT_SV_STATUS, 0, com.android.server.location.GnssLocationProvider$SvStatusInfo@b29a848)
10-18 18:27:23.673  2026  2160 I GnssLocationProvider: WakeLock acquired by sendMessage(REPORT_SV_STATUS, 0, com.android.server.location.GnssLocationProvider$SvStatusInfo@1b2c6e1)
10-18 18:27:23.673  2026  2048 I GnssLocationProvider: WakeLock released by handleMessage(REPORT_SV_STATUS, 0, com.android.server.location.GnssLocationProvider$SvStatusInfo@1b2c6e1)
10-18 18:27:24.672  2026  2160 I GnssLocationProvider: WakeLock acquired by sendMessage(REPORT_SV_STATUS, 0, com.android.server.location.GnssLocationProvider$SvStatusInfo@4bd6c06)
10-18 18:27:24.673  2026  2048 I GnssLocationProvider: WakeLock released by handleMessage(REPORT_SV_STATUS, 0, com.android.server.location.GnssLocationProvider$SvStatusInfo@4bd6c06)
10-18 18:27:25.672  2026  2160 I GnssLocationProvider: WakeLock acquired by sendMessage(REPORT_SV_STATUS, 0, com.android.server.location.GnssLocationProvider$SvStatusInfo@e3502c7)
10-18 18:27:25.673  2026  2048 I GnssLocationProvider: WakeLock released by handleMessage(REPORT_SV_STATUS, 0, com.android.server.location.GnssLocationProvider$SvStatusInfo@e3502c7)
10-18 18:27:26.672  2026  2160 I GnssLocationProvider: WakeLock acquired by sendMessage(REPORT_SV_STATUS, 0, com.android.server.location.GnssLocationProvider$SvStatusInfo@5500f4)
10-18 18:27:26.672  2026  2048 I GnssLocationProvider: WakeLock released by handleMessage(REPORT_SV_STATUS, 0, com.android.server.location.GnssLocationProvider$SvStatusInfo@5500f4)
10-18 18:27:27.673  2026  2160 I GnssLocationProvider: WakeLock acquired by sendMessage(REPORT_SV_STATUS, 0, com.android.server.location.GnssLocationProvider$SvStatusInfo@b33f01d)
10-18 18:27:27.673  2026  2048 I GnssLocationProvider: WakeLock released by handleMessage(REPORT_SV_STATUS, 0, com.android.server.location.GnssLocationProvider$SvStatusInfo@b33f01d)
10-18 18:27:28.672  2026  2160 I GnssLocationProvider: WakeLock acquired by sendMessage(REPORT_SV_STATUS, 0, com.android.server.location.GnssLocationProvider$SvStatusInfo@bb44292)
10-18 18:27:28.673  2026  2048 I GnssLocationProvider: WakeLock released by handleMessage(REPORT_SV_STATUS, 0, com.android.server.location.GnssLocationProvider$SvStatusInfo@bb44292)
10-18 18:27:29.672  2026  2160 I GnssLocationProvider: WakeLock acquired by sendMessage(REPORT_SV_STATUS, 0, com.android.server.location.GnssLocationProvider$SvStatusInfo@6f50463)
10-18 18:27:29.673  2026  2048 I GnssLocationProvider: WakeLock released by handleMessage(REPORT_SV_STATUS, 0, com.android.server.location.GnssLocationProvider$SvStatusInfo@6f50463)
10-18 18:27:30.672  2026  2160 I GnssLocationProvider: WakeLock acquired by sendMessage(REPORT_SV_STATUS, 0, com.android.server.location.GnssLocationProvider$SvStatusInfo@53b3860)
10-18 18:27:30.672  2026  2048 I GnssLocationProvider: WakeLock released by handleMessage(REPORT_SV_STATUS, 0, com.android.server.location.GnssLocationProvider$SvStatusInfo@53b3860)
10-18 18:27:31.672  2026  2160 I GnssLocationProvider: WakeLock acquired by sendMessage(REPORT_SV_STATUS, 0, com.android.server.location.GnssLocationProvider$SvStatusInfo@5cff5de)
10-18 18:27:31.672  2026  2048 I GnssLocationProvider: WakeLock released by handleMessage(REPORT_SV_STATUS, 0, com.android.server.location.GnssLocationProvider$SvStatusInfo@5cff5de)
10-18 18:27:32.579  1875  1914 E storaged: getDiskStats failed with result NOT_SUPPORTED and size 0
10-18 18:27:32.672  2026  2160 I GnssLocationProvider: WakeLock acquired by sendMessage(REPORT_SV_STATUS, 0, com.android.server.location.GnssLocationProvider$SvStatusInfo@e2983bf)
10-18 18:27:32.673  2026  2048 I GnssLocationProvider: WakeLock released by handleMessage(REPORT_SV_STATUS, 0, com.android.server.location.GnssLocationProvider$SvStatusInfo@e2983bf)
10-18 18:27:33.253  1977  1977 E netmgr  : Failed to open QEMU pipe 'qemud:network': Invalid argument
10-18 18:27:33.253  1977  1977 E netmgr  : WifiForwarder unable to open QEMU pipe: Invalid argument
10-18 18:27:33.672  2026  2160 I GnssLocationProvider: WakeLock acquired by sendMessage(REPORT_SV_STATUS, 0, com.android.server.location.GnssLocationProvider$SvStatusInfo@28b7a8c)
10-18 18:27:33.673  2026  2048 I GnssLocationProvider: WakeLock released by handleMessage(REPORT_SV_STATUS, 0, com.android.server.location.GnssLocationProvider$SvStatusInfo@28b7a8c)
10-18 18:27:34.672  2026  2160 I GnssLocationProvider: WakeLock acquired by sendMessage(REPORT_SV_STATUS, 0, com.android.server.location.GnssLocationProvider$SvStatusInfo@90205d5)
10-18 18:27:34.673  2026  2048 I GnssLocationProvider: WakeLock released by handleMessage(REPORT_SV_STATUS, 0, com.android.server.location.GnssLocationProvider$SvStatusInfo@90205d5)
10-18 18:27:35.672  2026  2160 I GnssLocationProvider: WakeLock acquired by sendMessage(REPORT_SV_STATUS, 0, com.android.server.location.GnssLocationProvider$SvStatusInfo@b6191ea)
10-18 18:27:35.673  2026  2048 I GnssLocationProvider: WakeLock released by handleMessage(REPORT_SV_STATUS, 0, com.android.server.location.GnssLocationProvider$SvStatusInfo@b6191ea)
10-18 18:27:36.673  2026  2160 I GnssLocationProvider: WakeLock acquired by sendMessage(REPORT_SV_STATUS, 0, com.android.server.location.GnssLocationProvider$SvStatusInfo@7fc9cdb)
10-18 18:27:36.673  2026  2048 I GnssLocationProvider: WakeLock released by handleMessage(REPORT_SV_STATUS, 0, com.android.server.location.GnssLocationProvider$SvStatusInfo@7fc9cdb)
10-18 18:27:37.673  2026  2160 I GnssLocationProvider: WakeLock acquired by sendMessage(REPORT_SV_STATUS, 0, com.android.server.location.GnssLocationProvider$SvStatusInfo@abbb378)
10-18 18:27:37.673  2026  2048 I GnssLocationProvider: WakeLock released by handleMessage(REPORT_SV_STATUS, 0, com.android.server.location.GnssLocationProvider$SvStatusInfo@abbb378)
10-18 18:27:38.673  2026  2160 I GnssLocationProvider: WakeLock acquired by sendMessage(REPORT_SV_STATUS, 0, com.android.server.location.GnssLocationProvider$SvStatusInfo@96a2a51)
10-18 18:27:38.674  2026  2048 I GnssLocationProvider: WakeLock released by handleMessage(REPORT_SV_STATUS, 0, com.android.server.location.GnssLocationProvider$SvStatusInfo@96a2a51)
10-18 18:27:39.673  2026  2160 I GnssLocationProvider: WakeLock acquired by sendMessage(REPORT_SV_STATUS, 0, com.android.server.location.GnssLocationProvider$SvStatusInfo@6bee2b6)
10-18 18:27:39.673  2026  2048 I GnssLocationProvider: WakeLock released by handleMessage(REPORT_SV_STATUS, 0, com.android.server.location.GnssLocationProvider$SvStatusInfo@6bee2b6)
10-18 18:27:40.673  2026  2160 I GnssLocationProvider: WakeLock acquired by sendMessage(REPORT_SV_STATUS, 0, com.android.server.location.GnssLocationProvider$SvStatusInfo@71e2bb7)
10-18 18:27:40.674  2026  2048 I GnssLocationProvider: WakeLock released by handleMessage(REPORT_SV_STATUS, 0, com.android.server.location.GnssLocationProvider$SvStatusInfo@71e2bb7)
10-18 18:27:41.673  2026  2160 I GnssLocationProvider: WakeLock acquired by sendMessage(REPORT_SV_STATUS, 0, com.android.server.location.GnssLocationProvider$SvStatusInfo@f5fcc53)
10-18 18:27:41.674  2026  2048 I GnssLocationProvider: WakeLock released by handleMessage(REPORT_SV_STATUS, 0, com.android.server.location.GnssLocationProvider$SvStatusInfo@f5fcc53)
10-18 18:27:42.673  2026  2160 I GnssLocationProvider: WakeLock acquired by sendMessage(REPORT_SV_STATUS, 0, com.android.server.location.GnssLocationProvider$SvStatusInfo@73d7990)
10-18 18:27:42.673  2026  2048 I GnssLocationProvider: WakeLock released by handleMessage(REPORT_SV_STATUS, 0, com.android.server.location.GnssLocationProvider$SvStatusInfo@73d7990)
10-18 18:27:43.673  2026  2160 I GnssLocationProvider: WakeLock acquired by sendMessage(REPORT_SV_STATUS, 0, com.android.server.location.GnssLocationProvider$SvStatusInfo@596d289)
10-18 18:27:43.674  2026  2048 I GnssLocationProvider: WakeLock released by handleMessage(REPORT_SV_STATUS, 0, com.android.server.location.GnssLocationProvider$SvStatusInfo@596d289)
10-18 18:27:44.673  2026  2160 I GnssLocationProvider: WakeLock acquired by sendMessage(REPORT_SV_STATUS, 0, com.android.server.location.GnssLocationProvider$SvStatusInfo@453928e)
10-18 18:27:44.674  2026  2048 I GnssLocationProvider: WakeLock released by handleMessage(REPORT_SV_STATUS, 0, com.android.server.location.GnssLocationProvider$SvStatusInfo@453928e)
10-18 18:27:44.761  2026  3536 D WificondControl: Scan result ready event
10-18 18:27:45.673  2026  2160 I GnssLocationProvider: WakeLock acquired by sendMessage(REPORT_SV_STATUS, 0, com.android.server.location.GnssLocationProvider$SvStatusInfo@610daaf)
10-18 18:27:45.674  2026  2048 I GnssLocationProvider: WakeLock released by handleMessage(REPORT_SV_STATUS, 0, com.android.server.location.GnssLocationProvider$SvStatusInfo@610daaf)
10-18 18:27:46.673  2026  2160 I GnssLocationProvider: WakeLock acquired by sendMessage(REPORT_SV_STATUS, 0, com.android.server.location.GnssLocationProvider$SvStatusInfo@a289ebc)
10-18 18:27:46.674  2026  2048 I GnssLocationProvider: WakeLock released by handleMessage(REPORT_SV_STATUS, 0, com.android.server.location.GnssLocationProvider$SvStatusInfo@a289ebc)
10-18 18:27:47.674  2026  2160 I GnssLocationProvider: WakeLock acquired by sendMessage(REPORT_SV_STATUS, 0, com.android.server.location.GnssLocationProvider$SvStatusInfo@5110e45)
10-18 18:27:47.674  2026  2048 I GnssLocationProvider: WakeLock released by handleMessage(REPORT_SV_STATUS, 0, com.android.server.location.GnssLocationProvider$SvStatusInfo@5110e45)
10-18 18:27:48.674  2026  2160 I GnssLocationProvider: WakeLock acquired by sendMessage(REPORT_SV_STATUS, 0, com.android.server.location.GnssLocationProvider$SvStatusInfo@8fa499a)
10-18 18:27:48.674  2026  2048 I GnssLocationProvider: WakeLock released by handleMessage(REPORT_SV_STATUS, 0, com.android.server.location.GnssLocationProvider$SvStatusInfo@8fa499a)
10-18 18:27:49.674  2026  2160 I GnssLocationProvider: WakeLock acquired by sendMessage(REPORT_SV_STATUS, 0, com.android.server.location.GnssLocationProvider$SvStatusInfo@c1a72cb)
10-18 18:27:49.674  2026  2048 I GnssLocationProvider: WakeLock released by handleMessage(REPORT_SV_STATUS, 0, com.android.server.location.GnssLocationProvider$SvStatusInfo@c1a72cb)
10-18 18:27:50.674  2026  2160 I GnssLocationProvider: WakeLock acquired by sendMessage(REPORT_SV_STATUS, 0, com.android.server.location.GnssLocationProvider$SvStatusInfo@a3eeaa8)
10-18 18:27:50.674  2026  2048 I GnssLocationProvider: WakeLock released by handleMessage(REPORT_SV_STATUS, 0, com.android.server.location.GnssLocationProvider$SvStatusInfo@a3eeaa8)
10-18 18:27:51.674  2026  2160 I GnssLocationProvider: WakeLock acquired by sendMessage(REPORT_SV_STATUS, 0, com.android.server.location.GnssLocationProvider$SvStatusInfo@e3949c1)
10-18 18:27:51.674  2026  2048 I GnssLocationProvider: WakeLock released by handleMessage(REPORT_SV_STATUS, 0, com.android.server.location.GnssLocationProvider$SvStatusInfo@e3949c1)
10-18 18:27:52.673  2026  2160 I GnssLocationProvider: WakeLock acquired by sendMessage(REPORT_SV_STATUS, 0, com.android.server.location.GnssLocationProvider$SvStatusInfo@f236566)
10-18 18:27:52.674  2026  2048 I GnssLocationProvider: WakeLock released by handleMessage(REPORT_SV_STATUS, 0, com.android.server.location.GnssLocationProvider$SvStatusInfo@f236566)
10-18 18:27:53.674  2026  2160 I GnssLocationProvider: WakeLock acquired by sendMessage(REPORT_SV_STATUS, 0, com.android.server.location.GnssLocationProvider$SvStatusInfo@ddb70a7)
10-18 18:27:53.674  2026  2048 I GnssLocationProvider: WakeLock released by handleMessage(REPORT_SV_STATUS, 0, com.android.server.location.GnssLocationProvider$SvStatusInfo@ddb70a7)
10-18 18:27:54.674  2026  2160 I GnssLocationProvider: WakeLock acquired by sendMessage(REPORT_SV_STATUS, 0, com.android.server.location.GnssLocationProvider$SvStatusInfo@aec0954)
10-18 18:27:54.674  2026  2048 I GnssLocationProvider: WakeLock released by handleMessage(REPORT_SV_STATUS, 0, com.android.server.location.GnssLocationProvider$SvStatusInfo@aec0954)
10-18 18:27:55.673  2026  2160 I GnssLocationProvider: WakeLock acquired by sendMessage(REPORT_SV_STATUS, 0, com.android.server.location.GnssLocationProvider$SvStatusInfo@c4fc0fd)
10-18 18:27:55.674  2026  2048 I GnssLocationProvider: WakeLock released by handleMessage(REPORT_SV_STATUS, 0, com.android.server.location.GnssLocationProvider$SvStatusInfo@c4fc0fd)
10-18 18:27:56.674  2026  2160 I GnssLocationProvider: WakeLock acquired by sendMessage(REPORT_SV_STATUS, 0, com.android.server.location.GnssLocationProvider$SvStatusInfo@b7071f2)
10-18 18:27:56.674  2026  2048 I GnssLocationProvider: WakeLock released by handleMessage(REPORT_SV_STATUS, 0, com.android.server.location.GnssLocationProvider$SvStatusInfo@b7071f2)
10-18 18:27:57.674  2026  2160 I GnssLocationProvider: WakeLock acquired by sendMessage(REPORT_SV_STATUS, 0, com.android.server.location.GnssLocationProvider$SvStatusInfo@4c47043)
10-18 18:27:57.674  2026  2048 I GnssLocationProvider: WakeLock released by handleMessage(REPORT_SV_STATUS, 0, com.android.server.location.GnssLocationProvider$SvStatusInfo@4c47043)
10-18 18:27:58.674  2026  2160 I GnssLocationProvider: WakeLock acquired by sendMessage(REPORT_SV_STATUS, 0, com.android.server.location.GnssLocationProvider$SvStatusInfo@8aa66c0)
10-18 18:27:58.674  2026  2048 I GnssLocationProvider: WakeLock released by handleMessage(REPORT_SV_STATUS, 0, com.android.server.location.GnssLocationProvider$SvStatusInfo@8aa66c0)
10-18 18:27:59.674  2026  2160 I GnssLocationProvider: WakeLock acquired by sendMessage(REPORT_SV_STATUS, 0, com.android.server.location.GnssLocationProvider$SvStatusInfo@45c6ff9)
10-18 18:27:59.674  2026  2048 I GnssLocationProvider: WakeLock released by handleMessage(REPORT_SV_STATUS, 0, com.android.server.location.GnssLocationProvider$SvStatusInfo@45c6ff9)
10-18 18:28:00.018  2217  2526 D EGL_emulation: eglMakeCurrent: 0xe1c05720: ver 2 0 (tinfo 0xe1c03530)
10-18 18:28:00.034  1895  1905 D hwcomposer: hw_composer sent 306 syncs in 60s
10-18 18:28:00.674  2026  2160 I GnssLocationProvider: WakeLock acquired by sendMessage(REPORT_SV_STATUS, 0, com.android.server.location.GnssLocationProvider$SvStatusInfo@6b3cd9f)
10-18 18:28:00.674  2026  2048 I GnssLocationProvider: WakeLock released by handleMessage(REPORT_SV_STATUS, 0, com.android.server.location.GnssLocationProvider$SvStatusInfo@6b3cd9f)
10-18 18:28:01.674  2026  2160 I GnssLocationProvider: WakeLock acquired by sendMessage(REPORT_SV_STATUS, 0, com.android.server.location.GnssLocationProvider$SvStatusInfo@b2f2eec)
10-18 18:28:01.674  2026  2048 I GnssLocationProvider: WakeLock released by handleMessage(REPORT_SV_STATUS, 0, com.android.server.location.GnssLocationProvider$SvStatusInfo@b2f2eec)
10-18 18:28:02.674  2026  2160 I GnssLocationProvider: WakeLock acquired by sendMessage(REPORT_SV_STATUS, 0, com.android.server.location.GnssLocationProvider$SvStatusInfo@9eb12b5)
10-18 18:28:02.674  2026  2048 I GnssLocationProvider: WakeLock released by handleMessage(REPORT_SV_STATUS, 0, com.android.server.location.GnssLocationProvider$SvStatusInfo@9eb12b5)
10-18 18:28:03.674  2026  2160 I GnssLocationProvider: WakeLock acquired by sendMessage(REPORT_SV_STATUS, 0, com.android.server.location.GnssLocationProvider$SvStatusInfo@5c84d4a)
10-18 18:28:03.674  2026  2048 I GnssLocationProvider: WakeLock released by handleMessage(REPORT_SV_STATUS, 0, com.android.server.location.GnssLocationProvider$SvStatusInfo@5c84d4a)
10-18 18:28:04.674  2026  2160 I GnssLocationProvider: WakeLock acquired by sendMessage(REPORT_SV_STATUS, 0, com.android.server.location.GnssLocationProvider$SvStatusInfo@f11a4bb)
10-18 18:28:04.674  2026  2048 I GnssLocationProvider: WakeLock released by handleMessage(REPORT_SV_STATUS, 0, com.android.server.location.GnssLocationProvider$SvStatusInfo@f11a4bb)
10-18 18:28:04.967  5824 12627 E memtrack: Couldn't load memtrack module
10-18 18:28:04.968  5824 12627 W android.os.Debug: failed to get memory consumption info: -1
10-18 18:28:05.674  2026  2160 I GnssLocationProvider: WakeLock acquired by sendMessage(REPORT_SV_STATUS, 0, com.android.server.location.GnssLocationProvider$SvStatusInfo@e564dd8)
10-18 18:28:05.674  2026  2048 I GnssLocationProvider: WakeLock released by handleMessage(REPORT_SV_STATUS, 0, com.android.server.location.GnssLocationProvider$SvStatusInfo@e564dd8)
10-18 18:28:06.674  2026  2160 I GnssLocationProvider: WakeLock acquired by sendMessage(REPORT_SV_STATUS, 0, com.android.server.location.GnssLocationProvider$SvStatusInfo@3872531)
10-18 18:28:06.674  2026  2048 I GnssLocationProvider: WakeLock released by handleMessage(REPORT_SV_STATUS, 0, com.android.server.location.GnssLocationProvider$SvStatusInfo@3872531)
10-18 18:28:07.674  2026  2160 I GnssLocationProvider: WakeLock acquired by sendMessage(REPORT_SV_STATUS, 0, com.android.server.location.GnssLocationProvider$SvStatusInfo@2c5f416)
10-18 18:28:07.674  2026  2048 I GnssLocationProvider: WakeLock released by handleMessage(REPORT_SV_STATUS, 0, com.android.server.location.GnssLocationProvider$SvStatusInfo@2c5f416)
10-18 18:28:07.927  2026  3536 E memtrack: Couldn't load memtrack module
10-18 18:28:07.927  2026  3536 W android.os.Debug: failed to get memory consumption info: -1
10-18 18:28:08.674  2026  2160 I GnssLocationProvider: WakeLock acquired by sendMessage(REPORT_SV_STATUS, 0, com.android.server.location.GnssLocationProvider$SvStatusInfo@dabd197)
10-18 18:28:08.674  2026  2048 I GnssLocationProvider: WakeLock released by handleMessage(REPORT_SV_STATUS, 0, com.android.server.location.GnssLocationProvider$SvStatusInfo@dabd197)
10-18 18:28:09.674  2026  2160 I GnssLocationProvider: WakeLock acquired by sendMessage(REPORT_SV_STATUS, 0, com.android.server.location.GnssLocationProvider$SvStatusInfo@dce6f84)
10-18 18:28:09.674  2026  2048 I GnssLocationProvider: WakeLock released by handleMessage(REPORT_SV_STATUS, 0, com.android.server.location.GnssLocationProvider$SvStatusInfo@dce6f84)
10-18 18:28:10.674  2026  2160 I GnssLocationProvider: WakeLock acquired by sendMessage(REPORT_SV_STATUS, 0, com.android.server.location.GnssLocationProvider$SvStatusInfo@af7e36d)
10-18 18:28:10.674  2026  2048 I GnssLocationProvider: WakeLock released by handleMessage(REPORT_SV_STATUS, 0, com.android.server.location.GnssLocationProvider$SvStatusInfo@af7e36d)
10-18 18:28:11.674  2026  2160 I GnssLocationProvider: WakeLock acquired by sendMessage(REPORT_SV_STATUS, 0, com.android.server.location.GnssLocationProvider$SvStatusInfo@6253ba2)
10-18 18:28:11.674  2026  2048 I GnssLocationProvider: WakeLock released by handleMessage(REPORT_SV_STATUS, 0, com.android.server.location.GnssLocationProvider$SvStatusInfo@6253ba2)
10-18 18:28:12.674  2026  2160 I GnssLocationProvider: WakeLock acquired by sendMessage(REPORT_SV_STATUS, 0, com.android.server.location.GnssLocationProvider$SvStatusInfo@751f033)
10-18 18:28:12.674  2026  2048 I GnssLocationProvider: WakeLock released by handleMessage(REPORT_SV_STATUS, 0, com.android.server.location.GnssLocationProvider$SvStatusInfo@751f033)
10-18 18:28:13.674  2026  2160 I GnssLocationProvider: WakeLock acquired by sendMessage(REPORT_SV_STATUS, 0, com.android.server.location.GnssLocationProvider$SvStatusInfo@f84fff0)
10-18 18:28:13.675  2026  2048 I GnssLocationProvider: WakeLock released by handleMessage(REPORT_SV_STATUS, 0, com.android.server.location.GnssLocationProvider$SvStatusInfo@f84fff0)
10-18 18:28:14.674  2026  2160 I GnssLocationProvider: WakeLock acquired by sendMessage(REPORT_SV_STATUS, 0, com.android.server.location.GnssLocationProvider$SvStatusInfo@53c4969)
