--------- beginning of main
10-18 18:26:49.670  2026  2160 I GnssLocationProvider: WakeLock acquired by sendMessage(REPORT_SV_STATUS, 0, com.android.server.location.GnssLocationProvider$SvStatusInfo@4dbadd)
10-18 18:26:49.671  2026  2048 I GnssLocationProvider: WakeLock released by handleMessage(REPORT_SV_STATUS, 0, com.android.server.location.GnssLocationProvider$SvStatusInfo@4dbadd)
10-18 18:26:50.670  2026  2160 I GnssLocationProvider: WakeLock acquired by sendMessage(REPORT_SV_STATUS, 0, com.android.server.location.GnssLocationProvider$SvStatusInfo@3f61652)
10-18 18:26:50.670  2026  2048 I GnssLocationProvider: WakeLock released by handleMessage(REPORT_SV_STATUS, 0, com.android.server.location.GnssLocationProvider$SvStatusInfo@3f61652)
10-18 18:26:51.670  2026  2160 I GnssLocationProvider: WakeLock acquired by sendMessage(REPORT_SV_STATUS, 0, com.android.server.location.GnssLocationProvider$SvStatusInfo@ad23)
10-18 18:26:51.670  2026  2048 I GnssLocationProvider: WakeLock released by handleMessage(REPORT_SV_STATUS, 0, com.android.server.location.GnssLocationProvider$SvStatusInfo@ad23)
10-18 18:26:52.453  3328 12584 I EventLogSendingHelper: Sending log events.
10-18 18:26:52.469  3328 12584 I EventLogSendingHelper: Sending log events.
10-18 18:26:52.528  3328  3328 I MicroDetectionWorker: #startMicroDetector [speakerMode: 0]
10-18 18:26:52.529  3328  3328 I AudioController: Using mInputStreamFactoryBuilder
10-18 18:26:52.529  3328  3328 I AudioController: Created new AudioSource
10-18 18:26:52.529  3328  3328 I MicroDetectionWorker: onReady
10-18 18:26:52.535  3328 12588 I MicroRecognitionRunner: Starting detection.
10-18 18:26:52.535  3328 12040 I MicrophoneInputStream: mic_starting  SR : 16000 CC : 16 SO : 6
10-18 18:26:52.536  1657  1657 E         : Request requires android.permission.RECORD_AUDIO
10-18 18:26:52.536  1657  1657 E AudioPolicyIntefaceImpl: getInputForAttr permission denied: recording not allowed for uid 10040 pid 3328
10-18 18:26:52.536  1657  1657 E AudioFlinger: createRecord() checkRecordThread_l failed
10-18 18:26:52.536  3328 12040 E IAudioFlinger: createRecord returned error -22
10-18 18:26:52.536  3328 12040 E AudioRecord: AudioFlinger could not create record track, status: -22
10-18 18:26:52.536  3328 12040 E AudioRecord-JNI: Error creating AudioRecord instance: initialization check failed with status -22.
10-18 18:26:52.536  3328 12040 E android.media.AudioRecord: Error code -20 when initializing native AudioRecord object.
10-18 18:26:52.536  3328 12040 I MicrophoneInputStream: mic_started  SR : 16000 CC : 16 SO : 6
10-18 18:26:52.537  3328 12588 W SpeechLevelGenerator: Really low audio levels detected. The audio input may have issues.
10-18 18:26:52.537  3328  3328 I MicroDetectionWorker: onReady
10-18 18:26:52.545  3328 12040 I MicrophoneInputStream: mic_close  SR : 16000 CC : 16 SO : 6
10-18 18:26:52.546  3328 12588 I MicroRecognitionRunner: Detection finished
10-18 18:26:52.546  3328 12588 W ErrorReporter: reportError [type: 211, code: 524300]: Error reading from input stream
10-18 18:26:52.546  3328  3691 I MicroRecognitionRunner: Stopping hotword detection.
10-18 18:26:52.546  3328 12588 W ErrorProcessor: onFatalError, processing error from engine(4)
10-18 18:26:52.546  3328 12588 W ErrorProcessor: com.google.android.apps.gsa.shared.speech.b.g: Error reading from input stream
10-18 18:26:52.546  3328 12588 W ErrorProcessor: 	at com.google.android.apps.gsa.staticplugins.microdetection.d.k.a(SourceFile:91)
10-18 18:26:52.546  3328 12588 W ErrorProcessor: 	at com.google.android.apps.gsa.staticplugins.microdetection.d.l.run(Unknown Source:14)
10-18 18:26:52.546  3328 12588 W ErrorProcessor: 	at com.google.android.libraries.gsa.runner.a.a.b(SourceFile:32)
10-18 18:26:52.546  3328 12588 W ErrorProcessor: 	at com.google.android.libraries.gsa.runner.a.c.call(Unknown Source:4)
10-18 18:26:52.546  3328 12588 W ErrorProcessor: 	at java.util.concurrent.FutureTask.run(FutureTask.java:266)
10-18 18:26:52.546  3328 12588 W ErrorProcessor: 	at java.util.concurrent.Executors$RunnableAdapter.call(Executors.java:458)
10-18 18:26:52.546  3328 12588 W ErrorProcessor: 	at java.util.concurrent.FutureTask.run(FutureTask.java:266)
10-18 18:26:52.546  3328 12588 W ErrorProcessor: 	at com.google.android.apps.gsa.shared.util.concurrent.b.g.run(Unknown Source:4)
10-18 18:26:52.546  3328 12588 W ErrorProcessor: 	at com.google.android.apps.gsa.shared.util.concurrent.b.aw.run(SourceFile:4)
10-18 18:26:52.546  3328 12588 W ErrorProcessor: 	at com.google.android.apps.gsa.shared.util.concurrent.b.aw.run(SourceFile:4)
10-18 18:26:52.546  3328 12588 W ErrorProcessor: 	at java.util.concurrent.ThreadPoolExecutor.runWorker(ThreadPoolExecutor.java:1167)
10-18 18:26:52.546  3328 12588 W ErrorProcessor: 	at java.util.concurrent.ThreadPoolExecutor$Worker.run(ThreadPoolExecutor.java:641)
10-18 18:26:52.546  3328 12588 W ErrorProcessor: 	at java.lang.Thread.run(Thread.java:764)
10-18 18:26:52.546  3328 12588 W ErrorProcessor: 	at com.google.android.apps.gsa.shared.util.concurrent.b.i.run(SourceFile:6)
10-18 18:26:52.546  3328 12588 W ErrorProcessor: Caused by: com.google.android.apps.gsa.shared.exception.GsaIOException: Error code: 393238 | Buffer overflow, no available space.
10-18 18:26:52.546  3328 12588 W ErrorProcessor: 	at com.google.android.apps.gsa.speech.audio.Tee.j(SourceFile:103)
10-18 18:26:52.546  3328 12588 W ErrorProcessor: 	at com.google.android.apps.gsa.speech.audio.au.read(SourceFile:2)
10-18 18:26:52.546  3328 12588 W ErrorProcessor: 	at java.io.InputStream.read(InputStream.java:101)
10-18 18:26:52.546  3328 12588 W ErrorProcessor: 	at com.google.android.apps.gsa.speech.audio.ao.run(SourceFile:17)
10-18 18:26:52.546  3328 12588 W ErrorProcessor: 	at com.google.android.apps.gsa.speech.audio.an.run(SourceFile:2)
10-18 18:26:52.546  3328 12588 W ErrorProcessor: 	at java.util.concurrent.Executors$RunnableAdapter.call(Executors.java:458)
10-18 18:26:52.546  3328 12588 W ErrorProcessor: 	... 10 more
10-18 18:26:52.546  3328 12588 I AudioController: internalShutdown
10-18 18:26:52.547  3328  3328 I MicroDetector: Keeping mic open: false
10-18 18:26:52.547  3328  3328 I MicroDetectionWorker: #onError(false)
10-18 18:26:52.547  3328 12584 I DeviceStateChecker: DeviceStateChecker cancelled
10-18 18:26:52.670  2026  2160 I GnssLocationProvider: WakeLock acquired by sendMessage(REPORT_SV_STATUS, 0, com.android.server.location.GnssLocationProvider$SvStatusInfo@11c9220)
10-18 18:26:52.670  2026  2048 I GnssLocationProvider: WakeLock released by handleMessage(REPORT_SV_STATUS, 0, com.android.server.location.GnssLocationProvider$SvStatusInfo@11c9220)
10-18 18:26:53.670  2026  2160 I GnssLocationProvider: WakeLock acquired by sendMessage(REPORT_SV_STATUS, 0, com.android.server.location.GnssLocationProvider$SvStatusInfo@27027d9)
10-18 18:26:53.670  2026  2048 I GnssLocationProvider: WakeLock released by handleMessage(REPORT_SV_STATUS, 0, com.android.server.location.GnssLocationProvider$SvStatusInfo@27027d9)
10-18 18:26:54.670  2026  2160 I GnssLocationProvider: WakeLock acquired by sendMessage(REPORT_SV_STATUS, 0, com.android.server.location.GnssLocationProvider$SvStatusInfo@bb459e)
10-18 18:26:54.671  2026  2048 I GnssLocationProvider: WakeLock released by handleMessage(REPORT_SV_STATUS, 0, com.android.server.location.GnssLocationProvider$SvStatusInfo@bb459e)
10-18 18:26:55.670  2026  2160 I GnssLocationProvider: WakeLock acquired by sendMessage(REPORT_SV_STATUS, 0, com.android.server.location.GnssLocationProvider$SvStatusInfo@526f87f)
10-18 18:26:55.671  2026  2048 I GnssLocationProvider: WakeLock released by handleMessage(REPORT_SV_STATUS, 0, com.android.server.location.GnssLocationProvider$SvStatusInfo@526f87f)
10-18 18:26:56.670  2026  2160 I GnssLocationProvider: WakeLock acquired by sendMessage(REPORT_SV_STATUS, 0, com.android.server.location.GnssLocationProvider$SvStatusInfo@288b04c)
10-18 18:26:56.670  2026  2048 I GnssLocationProvider: WakeLock released by handleMessage(REPORT_SV_STATUS, 0, com.android.server.location.GnssLocationProvider$SvStatusInfo@288b04c)
10-18 18:26:57.553  3328  3328 I MicroDetectionWorker: #startMicroDetector [speakerMode: 0]
10-18 18:26:57.553  3328  3328 I AudioController: Using mInputStreamFactoryBuilder
10-18 18:26:57.553  3328  3328 I AudioController: Created new AudioSource
10-18 18:26:57.554  3328  3328 I MicroDetectionWorker: onReady
10-18 18:26:57.559  3328 12584 I MicroRecognitionRunner: Starting detection.
10-18 18:26:57.560  3328 12040 I MicrophoneInputStream: mic_starting  SR : 16000 CC : 16 SO : 6
10-18 18:26:57.561  1657  1657 E         : Request requires android.permission.RECORD_AUDIO
10-18 18:26:57.561  1657  1657 E AudioPolicyIntefaceImpl: getInputForAttr permission denied: recording not allowed for uid 10040 pid 3328
10-18 18:26:57.561  1657  1657 E AudioFlinger: createRecord() checkRecordThread_l failed
10-18 18:26:57.561  3328 12040 E IAudioFlinger: createRecord returned error -22
10-18 18:26:57.561  3328 12040 E AudioRecord: AudioFlinger could not create record track, status: -22
10-18 18:26:57.561  3328 12040 E AudioRecord-JNI: Error creating AudioRecord instance: initialization check failed with status -22.
10-18 18:26:57.561  3328 12040 E android.media.AudioRecord: Error code -20 when initializing native AudioRecord object.
10-18 18:26:57.561  3328 12040 I MicrophoneInputStream: mic_started  SR : 16000 CC : 16 SO : 6
10-18 18:26:57.562  3328  3328 I MicroDetectionWorker: onReady
10-18 18:26:57.569  3328 12040 I MicrophoneInputStream: mic_close  SR : 16000 CC : 16 SO : 6
10-18 18:26:57.569  3328 12584 I MicroRecognitionRunner: Detection finished
10-18 18:26:57.569  3328 12584 W ErrorReporter: reportError [type: 211, code: 524300]: Error reading from input stream
10-18 18:26:57.570  3328  3691 I MicroRecognitionRunner: Stopping hotword detection.
10-18 18:26:57.570  3328 12584 W ErrorProcessor: onFatalError, processing error from engine(4)
10-18 18:26:57.570  3328 12584 W ErrorProcessor: com.google.android.apps.gsa.shared.speech.b.g: Error reading from input stream
10-18 18:26:57.570  3328 12584 W ErrorProcessor: 	at com.google.android.apps.gsa.staticplugins.microdetection.d.k.a(SourceFile:91)
10-18 18:26:57.570  3328 12584 W ErrorProcessor: 	at com.google.android.apps.gsa.staticplugins.microdetection.d.l.run(Unknown Source:14)
10-18 18:26:57.570  3328 12584 W ErrorProcessor: 	at com.google.android.libraries.gsa.runner.a.a.b(SourceFile:32)
10-18 18:26:57.570  3328 12584 W ErrorProcessor: 	at com.google.android.libraries.gsa.runner.a.c.call(Unknown Source:4)
10-18 18:26:57.570  3328 12584 W ErrorProcessor: 	at java.util.concurrent.FutureTask.run(FutureTask.java:266)
10-18 18:26:57.570  3328 12584 W ErrorProcessor: 	at java.util.concurrent.Executors$RunnableAdapter.call(Executors.java:458)
10-18 18:26:57.570  3328 12584 W ErrorProcessor: 	at java.util.concurrent.FutureTask.run(FutureTask.java:266)
10-18 18:26:57.570  3328 12584 W ErrorProcessor: 	at com.google.android.apps.gsa.shared.util.concurrent.b.g.run(Unknown Source:4)
10-18 18:26:57.570  3328 12584 W ErrorProcessor: 	at com.google.android.apps.gsa.shared.util.concurrent.b.aw.run(SourceFile:4)
10-18 18:26:57.570  3328 12584 W ErrorProcessor: 	at com.google.android.apps.gsa.shared.util.concurrent.b.aw.run(SourceFile:4)
10-18 18:26:57.570  3328 12584 W ErrorProcessor: 	at java.util.concurrent.ThreadPoolExecutor.runWorker(ThreadPoolExecutor.java:1167)
10-18 18:26:57.570  3328 12584 W ErrorProcessor: 	at java.util.concurrent.ThreadPoolExecutor$Worker.run(ThreadPoolExecutor.java:641)
10-18 18:26:57.570  3328 12584 W ErrorProcessor: 	at java.lang.Thread.run(Thread.java:764)
10-18 18:26:57.570  3328 12584 W ErrorProcessor: 	at com.google.android.apps.gsa.shared.util.concurrent.b.i.run(SourceFile:6)
10-18 18:26:57.570  3328 12584 W ErrorProcessor: Caused by: com.google.android.apps.gsa.shared.exception.GsaIOException: Error code: 393238 | Buffer overflow, no available space.
10-18 18:26:57.570  3328 12584 W ErrorProcessor: 	at com.google.android.apps.gsa.speech.audio.Tee.j(SourceFile:103)
10-18 18:26:57.570  3328 12584 W ErrorProcessor: 	at com.google.android.apps.gsa.speech.audio.au.read(SourceFile:2)
10-18 18:26:57.570  3328 12584 W ErrorProcessor: 	at java.io.InputStream.read(InputStream.java:101)
10-18 18:26:57.570  3328 12584 W ErrorProcessor: 	at com.google.android.apps.gsa.speech.audio.ao.run(SourceFile:17)
10-18 18:26:57.570  3328 12584 W ErrorProcessor: 	at com.google.android.apps.gsa.speech.audio.an.run(SourceFile:2)
10-18 18:26:57.570  3328 12584 W ErrorProcessor: 	at java.util.concurrent.Executors$RunnableAdapter.call(Executors.java:458)
10-18 18:26:57.570  3328 12584 W ErrorProcessor: 	... 10 more
10-18 18:26:57.570  3328 12584 I AudioController: internalShutdown
10-18 18:26:57.571  3328  3328 I MicroDetector: Keeping mic open: false
10-18 18:26:57.571  3328  3328 I MicroDetectionWorker: #onError(false)
10-18 18:26:57.571  3328 12588 I DeviceStateChecker: DeviceStateChecker cancelled
10-18 18:26:57.670  2026  2160 I GnssLocationProvider: WakeLock acquired by sendMessage(REPORT_SV_STATUS, 0, com.android.server.location.GnssLocationProvider$SvStatusInfo@b26895)
10-18 18:26:57.670  2026  2048 I GnssLocationProvider: WakeLock released by handleMessage(REPORT_SV_STATUS, 0, com.android.server.location.GnssLocationProvider$SvStatusInfo@b26895)
10-18 18:26:58.670  2026  2160 I GnssLocationProvider: WakeLock acquired by sendMessage(REPORT_SV_STATUS, 0, com.android.server.location.GnssLocationProvider$SvStatusInfo@121daa)
10-18 18:26:58.671  2026  2048 I GnssLocationProvider: WakeLock released by handleMessage(REPORT_SV_STATUS, 0, com.android.server.location.GnssLocationProvider$SvStatusInfo@121daa)
10-18 18:26:59.670  2026  2160 I GnssLocationProvider: WakeLock acquired by sendMessage(REPORT_SV_STATUS, 0, com.android.server.location.GnssLocationProvider$SvStatusInfo@83c9d9b)
10-18 18:26:59.670  2026  2048 I GnssLocationProvider: WakeLock released by handleMessage(REPORT_SV_STATUS, 0, com.android.server.location.GnssLocationProvider$SvStatusInfo@83c9d9b)
10-18 18:27:00.006  2217  2526 D EGL_emulation: eglMakeCurrent: 0xe1c05720: ver 2 0 (tinfo 0xe1c03530)
10-18 18:27:00.029  1895  1905 D hwcomposer: hw_composer sent 108 syncs in 60s
10-18 18:27:00.670  2026  2160 I GnssLocationProvider: WakeLock acquired by sendMessage(REPORT_SV_STATUS, 0, com.android.server.location.GnssLocationProvider$SvStatusInfo@d9df911)
10-18 18:27:00.670  2026  2048 I GnssLocationProvider: WakeLock released by handleMessage(REPORT_SV_STATUS, 0, com.android.server.location.GnssLocationProvider$SvStatusInfo@d9df911)
10-18 18:27:01.670  2026  2160 I GnssLocationProvider: WakeLock acquired by sendMessage(REPORT_SV_STATUS, 0, com.android.server.location.GnssLocationProvider$SvStatusInfo@24c6a76)
10-18 18:27:01.670  2026  2048 I GnssLocationProvider: WakeLock released by handleMessage(REPORT_SV_STATUS, 0, com.android.server.location.GnssLocationProvider$SvStatusInfo@24c6a76)
10-18 18:27:02.577  3328  3328 I MicroDetectionWorker: #startMicroDetector [speakerMode: 0]
10-18 18:27:02.577  3328  3328 I AudioController: Using mInputStreamFactoryBuilder
10-18 18:27:02.577  3328  3328 I AudioController: Created new AudioSource
10-18 18:27:02.578  3328  3328 I MicroDetectionWorker: onReady
10-18 18:27:02.583  3328 12588 I MicroRecognitionRunner: Starting detection.
10-18 18:27:02.584  3328 12040 I MicrophoneInputStream: mic_starting  SR : 16000 CC : 16 SO : 6
10-18 18:27:02.585  1657  1657 E         : Request requires android.permission.RECORD_AUDIO
10-18 18:27:02.585  1657  1657 E AudioPolicyIntefaceImpl: getInputForAttr permission denied: recording not allowed for uid 10040 pid 3328
10-18 18:27:02.585  1657  1657 E AudioFlinger: createRecord() checkRecordThread_l failed
10-18 18:27:02.585  3328 12040 E IAudioFlinger: createRecord returned error -22
10-18 18:27:02.585  3328 12040 E AudioRecord: AudioFlinger could not create record track, status: -22
10-18 18:27:02.585  3328 12040 E AudioRecord-JNI: Error creating AudioRecord instance: initialization check failed with status -22.
10-18 18:27:02.586  3328 12040 E android.media.AudioRecord: Error code -20 when initializing native AudioRecord object.
10-18 18:27:02.586  3328 12040 I MicrophoneInputStream: mic_started  SR : 16000 CC : 16 SO : 6
10-18 18:27:02.586  3328  3328 I MicroDetectionWorker: onReady
10-18 18:27:02.588  3328 12040 I MicrophoneInputStream: mic_close  SR : 16000 CC : 16 SO : 6
10-18 18:27:02.589  3328 12588 I MicroRecognitionRunner: Detection finished
10-18 18:27:02.589  3328 12588 W ErrorReporter: reportError [type: 211, code: 524300]: Error reading from input stream
10-18 18:27:02.589  3328  3691 I MicroRecognitionRunner: Stopping hotword detection.
10-18 18:27:02.589  3328 12588 W ErrorProcessor: onFatalError, processing error from engine(4)
10-18 18:27:02.589  3328 12588 W ErrorProcessor: com.google.android.apps.gsa.shared.speech.b.g: Error reading from input stream
10-18 18:27:02.589  3328 12588 W ErrorProcessor: 	at com.google.android.apps.gsa.staticplugins.microdetection.d.k.a(SourceFile:91)
10-18 18:27:02.589  3328 12588 W ErrorProcessor: 	at com.google.android.apps.gsa.staticplugins.microdetection.d.l.run(Unknown Source:14)
10-18 18:27:02.589  3328 12588 W ErrorProcessor: 	at com.google.android.libraries.gsa.runner.a.a.b(SourceFile:32)
10-18 18:27:02.589  3328 12588 W ErrorProcessor: 	at com.google.android.libraries.gsa.runner.a.c.call(Unknown Source:4)
10-18 18:27:02.589  3328 12588 W ErrorProcessor: 	at java.util.concurrent.FutureTask.run(FutureTask.java:266)
10-18 18:27:02.589  3328 12588 W ErrorProcessor: 	at java.util.concurrent.Executors$RunnableAdapter.call(Executors.java:458)
10-18 18:27:02.589  3328 12588 W ErrorProcessor: 	at java.util.concurrent.FutureTask.run(FutureTask.java:266)
10-18 18:27:02.589  3328 12588 W ErrorProcessor: 	at com.google.android.apps.gsa.shared.util.concurrent.b.g.run(Unknown Source:4)
10-18 18:27:02.589  3328 12588 W ErrorProcessor: 	at com.google.android.apps.gsa.shared.util.concurrent.b.aw.run(SourceFile:4)
10-18 18:27:02.589  3328 12588 W ErrorProcessor: 	at com.google.android.apps.gsa.shared.util.concurrent.b.aw.run(SourceFile:4)
10-18 18:27:02.589  3328 12588 W ErrorProcessor: 	at java.util.concurrent.ThreadPoolExecutor.runWorker(ThreadPoolExecutor.java:1167)
10-18 18:27:02.589  3328 12588 W ErrorProcessor: 	at java.util.concurrent.ThreadPoolExecutor$Worker.run(ThreadPoolExecutor.java:641)
10-18 18:27:02.589  3328 12588 W ErrorProcessor: 	at java.lang.Thread.run(Thread.java:764)
10-18 18:27:02.589  3328 12588 W ErrorProcessor: 	at com.google.android.apps.gsa.shared.util.concurrent.b.i.run(SourceFile:6)
10-18 18:27:02.589  3328 12588 W ErrorProcessor: Caused by: com.google.android.apps.gsa.shared.exception.GsaIOException: Error code: 393238 | Buffer overflow, no available space.
10-18 18:27:02.589  3328 12588 W ErrorProcessor: 	at com.google.android.apps.gsa.speech.audio.Tee.j(SourceFile:103)
10-18 18:27:02.589  3328 12588 W ErrorProcessor: 	at com.google.android.apps.gsa.speech.audio.au.read(SourceFile:2)
10-18 18:27:02.589  3328 12588 W ErrorProcessor: 	at java.io.InputStream.read(InputStream.java:101)
10-18 18:27:02.589  3328 12588 W ErrorProcessor: 	at com.google.android.apps.gsa.speech.audio.ao.run(SourceFile:17)
10-18 18:27:02.589  3328 12588 W ErrorProcessor: 	at com.google.android.apps.gsa.speech.audio.an.run(SourceFile:2)
10-18 18:27:02.589  3328 12588 W ErrorProcessor: 	at java.util.concurrent.Executors$RunnableAdapter.call(Executors.java:458)
10-18 18:27:02.589  3328 12588 W ErrorProcessor: 	... 10 more
10-18 18:27:02.589  3328 12588 I AudioController: internalShutdown
10-18 18:27:02.590  3328  3328 I MicroDetector: Keeping mic open: false
10-18 18:27:02.591  3328  3328 I MicroDetectionWorker: #onError(false)
10-18 18:27:02.591  3328 12584 I DeviceStateChecker: DeviceStateChecker cancelled
10-18 18:27:02.670  2026  2160 I GnssLocationProvider: WakeLock acquired by sendMessage(REPORT_SV_STATUS, 0, com.android.server.location.GnssLocationProvider$SvStatusInfo@3d7877)
10-18 18:27:02.670  2026  2048 I GnssLocationProvider: WakeLock released by handleMessage(REPORT_SV_STATUS, 0, com.android.server.location.GnssLocationProvider$SvStatusInfo@3d7877)
10-18 18:27:03.670  2026  2160 I GnssLocationProvider: WakeLock acquired by sendMessage(REPORT_SV_STATUS, 0, com.android.server.location.GnssLocationProvider$SvStatusInfo@7eabce4)
10-18 18:27:03.670  2026  2048 I GnssLocationProvider: WakeLock released by handleMessage(REPORT_SV_STATUS, 0, com.android.server.location.GnssLocationProvider$SvStatusInfo@7eabce4)
10-18 18:27:03.677  2026  2048 E memtrack: Couldn't load memtrack module
10-18 18:27:03.677  2026  2048 W android.os.Debug: failed to get memory consumption info: -1
--------- beginning of system
10-18 18:26:57.562  3328 12040 I chatty  : uid=10040(com.google.android.googlequicksearchbox) UserFacing57 expire 2 lines
10-18 18:27:02.586  3328 12040 E ActivityThread: Failed to find provider info for com.google.android.apps.gsa.testing.ui.audio.recorded
10-18 18:27:04.102  2026  2086 I ActivityManager: START u0 {act=android.intent.action.MAIN cat=[android.intent.category.LAUNCHER] flg=0x10200000 cmp=edu.uw.ischool.qy54.activityspy/.MainActivity bnds=[47,830][316,1174]} from uid 10022
10-18 18:27:04.105  1639  6320 W audio_hw_generic: Not supplying enough data to HAL, expected position 9076416 , only wrote 9076320
10-18 18:27:04.114 12416 12416 W ActivityThread: handleWindowVisibility: no activity for token android.os.BinderProxy@f42ecb5
10-18 18:27:04.138 12416 12416 I MainActivity: onCreate event fired - Bundle: null
10-18 18:27:04.150  1649  3286 D gralloc_ranchu: gralloc_alloc: Creating ashmem region of size 14749696
10-18 18:27:04.185 12416 12416 I MainActivity: onStart event fired
10-18 18:27:04.187 12416 12416 I MainActivity: onResume event fired
10-18 18:27:04.209  3361  3387 I s.nexuslaunche: Waiting for a blocking GC ProfileSaver
10-18 18:27:04.240  3361  3387 I s.nexuslaunche: WaitForGcToComplete blocked ProfileSaver on HeapTrim for 31.737ms
10-18 18:27:04.248  1649  3286 D gralloc_ranchu: gralloc_alloc: Creating ashmem region of size 14749696
10-18 18:27:04.250  1649  1714 D gralloc_ranchu: gralloc_alloc: Creating ashmem region of size 14749696
10-18 18:27:04.253  1649  3286 D gralloc_ranchu: gralloc_alloc: Creating ashmem region of size 14749696
10-18 18:27:04.271  3167  3167 I GoogleInputMethod: onFinishInput() : Dummy InputConnection bound
10-18 18:27:04.272  3167  3167 I GoogleInputMethod: onStartInput() : Dummy InputConnection bound
10-18 18:27:04.281 12416 12441 D EGL_emulation: eglMakeCurrent: 0xe1cde220: ver 2 0 (tinfo 0xe1c9c9a0)
10-18 18:27:04.325  2026  2057 I ActivityManager: Displayed edu.uw.ischool.qy54.activityspy/.MainActivity: +193ms
10-18 18:27:04.488  1862  2111 W SurfaceFlinger: Attempting to set client state on removed layer: Splash Screen edu.uw.ischool.qy54.activityspy#0
10-18 18:27:04.488  1862  2111 W SurfaceFlinger: Attempting to destroy on removed layer: Splash Screen edu.uw.ischool.qy54.activityspy#0
10-18 18:27:04.544  2217  2526 D EGL_emulation: eglMakeCurrent: 0xe1c05720: ver 2 0 (tinfo 0xe1c03530)
10-18 18:27:04.662  2217  2526 I chatty  : uid=10039(com.android.systemui) RenderThread identical 13 lines
10-18 18:27:04.668  2217  2526 D EGL_emulation: eglMakeCurrent: 0xe1c05720: ver 2 0 (tinfo 0xe1c03530)
10-18 18:27:04.670  2026  2160 I GnssLocationProvider: WakeLock acquired by sendMessage(REPORT_SV_STATUS, 0, com.android.server.location.GnssLocationProvider$SvStatusInfo@1e1057b)
10-18 18:27:04.671  2026  2048 I GnssLocationProvider: WakeLock released by handleMessage(REPORT_SV_STATUS, 0, com.android.server.location.GnssLocationProvider$SvStatusInfo@1e1057b)
10-18 18:27:04.751  1862  2111 W SurfaceFlinger: Attempting to set client state on removed layer: Surface(name=AppWindowToken{608c350 token=Token{e072513 ActivityRecord{90cb802 u0 edu.uw.ischool.qy54.activityspy/.MainActivity t46}}})/@0xa5ebbd - animation-leash#0
10-18 18:27:04.751  1862  2111 W SurfaceFlinger: Attempting to set client state on removed layer: Surface(name=AppWindowToken{5fcbb75 token=Token{6cf02ac ActivityRecord{9e3985f u0 com.google.android.apps.nexuslauncher/.NexusLauncherActivity t5}}})/@0x7bf12a3 - animation-leash#0
10-18 18:27:04.751  1862  2111 W SurfaceFlinger: Attempting to destroy on removed layer: Surface(name=AppWindowToken{608c350 token=Token{e072513 ActivityRecord{90cb802 u0 edu.uw.ischool.qy54.activityspy/.MainActivity t46}}})/@0xa5ebbd - animation-leash#0
10-18 18:27:04.751  1862  2111 W SurfaceFlinger: Attempting to destroy on removed layer: Surface(name=AppWindowToken{5fcbb75 token=Token{6cf02ac ActivityRecord{9e3985f u0 com.google.android.apps.nexuslauncher/.NexusLauncherActivity t5}}})/@0x7bf12a3 - animation-leash#0
10-18 18:27:04.763  3328  3564 D EGL_emulation: eglMakeCurrent: 0xe1c05d80: ver 2 0 (tinfo 0xe1c03cb0)
10-18 18:27:04.768  2217  2526 D EGL_emulation: eglMakeCurrent: 0xe1c05720: ver 2 0 (tinfo 0xe1c03530)
10-18 18:27:04.773  3361  3464 D EGL_emulation: eglMakeCurrent: 0xe1c05a80: ver 2 0 (tinfo 0xe1c03960)
10-18 18:27:04.777  2217  2526 D EGL_emulation: eglMakeCurrent: 0xe1c05720: ver 2 0 (tinfo 0xe1c03530)
10-18 18:27:04.815  1862  1862 W SurfaceFlinger: couldn't log to binary event log: overflow.
10-18 18:27:04.816  1862  1862 W SurfaceFlinger: couldn't log to binary event log: overflow.
10-18 18:27:04.920  3328  3328 I StreamRenderer: cleanUpRendererScope(nowcards-2042762719333958075)
10-18 18:27:04.925  3328 12582 I PBSessionCacheImpl: Deleted sessionId[154415737928] from persistence.
10-18 18:27:04.930  3328  3328 W SearchService: Abort, client detached.
10-18 18:27:04.930  3328  3328 I StreamController: cleanUpControllerScope(nowcards-2042762719333958075)
10-18 18:27:04.949  3328 12586 I WorkController: WorkProxy is not enqueued because WorkController is disposed: WorkProxy{Name=context::j, WorkerId=context, id=bd85866}
10-18 18:27:04.949  3328 12586 I WorkController: WorkProxy is not enqueued because WorkController is disposed: WorkProxy{Name=context::m, WorkerId=context, id=af0e7a7}
10-18 18:27:04.949  3328 12586 I WorkController: WorkProxy is not enqueued because WorkController is disposed: WorkProxy{Name=context::n, WorkerId=context, id=151b454}
10-18 18:27:04.949  3328 12586 I WorkController: WorkProxy is not enqueued because WorkController is disposed: WorkProxy{Name=context::p, WorkerId=context, id=1b38ffd}
10-18 18:27:04.956  2026  2086 I GnssLocationProvider: WakeLock acquired by sendMessage(SET_REQUEST, 0, com.android.server.location.GnssLocationProvider$GpsRequest@f14a8f3)
10-18 18:27:04.957  2026  2048 I GnssLocationProvider: WakeLock released by handleMessage(SET_REQUEST, 0, com.android.server.location.GnssLocationProvider$GpsRequest@f14a8f3)
10-18 18:27:04.978  2217  2526 D EGL_emulation: eglMakeCurrent: 0xe1c05720: ver 2 0 (tinfo 0xe1c03530)
10-18 18:27:04.994  2217  2526 I chatty  : uid=10039(com.android.systemui) RenderThread identical 2 lines
10-18 18:27:04.999  2217  2526 D EGL_emulation: eglMakeCurrent: 0xe1c05720: ver 2 0 (tinfo 0xe1c03530)
10-18 18:27:05.670  2026  2160 I GnssLocationProvider: WakeLock acquired by sendMessage(REPORT_SV_STATUS, 0, com.android.server.location.GnssLocationProvider$SvStatusInfo@63829b0)
10-18 18:27:05.670  2026  2048 I GnssLocationProvider: WakeLock released by handleMessage(REPORT_SV_STATUS, 0, com.android.server.location.GnssLocationProvider$SvStatusInfo@63829b0)
10-18 18:27:06.250  2026  2055 D AutofillManagerService: Close system dialogs
10-18 18:27:06.251  2026  2112 I ActivityManager: START u0 {act=android.intent.action.MAIN cat=[android.intent.category.HOME] flg=0x10200000 cmp=com.google.android.apps.nexuslauncher/.NexusLauncherActivity (has extras)} from uid 1000
10-18 18:27:06.255 12416 12416 I MainActivity: onPause event fired
10-18 18:27:06.260  2217  2217 V StatusBar: mStatusBarWindow: com.android.systemui.statusbar.phone.StatusBarWindowView{9dc1304 V.ED..... ........ 0,0-1440,84} canPanelBeCollapsed(): false
10-18 18:27:06.260  2217  2217 I vol.Events: writeEvent dismiss_dialog volume_controller
10-18 18:27:06.267 12416 12441 D EGL_emulation: eglMakeCurrent: 0xe1cde220: ver 2 0 (tinfo 0xe1c9c9a0)
10-18 18:27:06.269 12416 12416 I MainActivity: onStop event fired
10-18 18:27:06.279  1649  3286 D gralloc_ranchu: gralloc_alloc: Creating ashmem region of size 14749696
10-18 18:27:06.283  1649  3286 I chatty  : uid=1000(system) HwBinder:1649_3 identical 1 line
10-18 18:27:06.285  1649  3286 D gralloc_ranchu: gralloc_alloc: Creating ashmem region of size 14749696
10-18 18:27:06.300  1862  1862 D SurfaceFlinger: duplicate layer name: changing com.google.android.apps.nexuslauncher/com.google.android.apps.nexuslauncher.NexusLauncherActivity to com.google.android.apps.nexuslauncher/com.google.android.apps.nexuslauncher.NexusLauncherActivity#1
10-18 18:27:06.303  1649  3286 D gralloc_ranchu: gralloc_alloc: Creating ashmem region of size 14749696
10-18 18:27:06.305  3328  3564 D EGL_emulation: eglMakeCurrent: 0xe1c05d80: ver 2 0 (tinfo 0xe1c03cb0)
10-18 18:27:06.306  1649  1714 D gralloc_ranchu: gralloc_alloc: Creating ashmem region of size 14749696
10-18 18:27:06.316  1649  3286 D gralloc_ranchu: gralloc_alloc: Creating ashmem region of size 14749696
10-18 18:27:06.326  3167  3167 I GoogleInputMethod: onFinishInput() : Dummy InputConnection bound
10-18 18:27:06.326  3167  3167 I GoogleInputMethod: onStartInput() : Dummy InputConnection bound
10-18 18:27:06.332  3361  3464 D EGL_emulation: eglMakeCurrent: 0xe1c05a80: ver 2 0 (tinfo 0xe1c03960)
10-18 18:27:06.340  3328  3328 W SessionLifecycleManager: Handover failed. Creating new session controller.
10-18 18:27:06.360  3328  3328 I StreamController: registerScope: nowcards-2042762719333958075
10-18 18:27:06.366  1649  3286 D gralloc_ranchu: gralloc_alloc: Creating ashmem region of size 14749696
10-18 18:27:06.374  3328 12581 E EntrySyncManager: Cannot determine account name: drop request
10-18 18:27:06.375  3328 12581 E NowController: Failed to access data from EntryProvider. ExecutionException.
10-18 18:27:06.375  3328 12581 E NowController: java.util.concurrent.ExecutionException: com.google.android.apps.gsa.sidekick.main.h.n: Could not complete scheduled request to refresh entries. ClientErrorCode: 3
10-18 18:27:06.375  3328 12581 E NowController: 	at com.google.common.util.concurrent.d.eA(SourceFile:85)
10-18 18:27:06.375  3328 12581 E NowController: 	at com.google.common.util.concurrent.d.get(SourceFile:23)
10-18 18:27:06.375  3328 12581 E NowController: 	at com.google.common.util.concurrent.l.get(SourceFile:2)
10-18 18:27:06.375  3328 12581 E NowController: 	at com.google.android.apps.gsa.staticplugins.nowstream.b.a.be.cbB(SourceFile:49)
10-18 18:27:06.375  3328 12581 E NowController: 	at com.google.android.apps.gsa.staticplugins.nowstream.b.a.be.cbA(SourceFile:181)
10-18 18:27:06.375  3328 12581 E NowController: 	at com.google.android.apps.gsa.staticplugins.nowstream.b.a.bh.run(Unknown Source:2)
10-18 18:27:06.375  3328 12581 E NowController: 	at com.google.android.apps.gsa.shared.util.concurrent.at.run(SourceFile:4)
10-18 18:27:06.375  3328 12581 E NowController: 	at java.util.concurrent.Executors$RunnableAdapter.call(Executors.java:458)
10-18 18:27:06.375  3328 12581 E NowController: 	at java.util.concurrent.FutureTask.run(FutureTask.java:266)
10-18 18:27:06.375  3328 12581 E NowController: 	at java.util.concurrent.Executors$RunnableAdapter.call(Executors.java:458)
10-18 18:27:06.375  3328 12581 E NowController: 	at java.util.concurrent.FutureTask.run(FutureTask.java:266)
10-18 18:27:06.375  3328 12581 E NowController: 	at com.google.android.apps.gsa.shared.util.concurrent.b.g.run(Unknown Source:4)
10-18 18:27:06.375  3328 12581 E NowController: 	at com.google.android.apps.gsa.shared.util.concurrent.b.aw.run(SourceFile:4)
10-18 18:27:06.375  3328 12581 E NowController: 	at com.google.android.apps.gsa.shared.util.concurrent.b.aw.run(SourceFile:4)
10-18 18:27:06.375  3328 12581 E NowController: 	at java.util.concurrent.ThreadPoolExecutor.runWorker(ThreadPoolExecutor.java:1167)
10-18 18:27:06.375  3328 12581 E NowController: 	at java.util.concurrent.ThreadPoolExecutor$Worker.run(ThreadPoolExecutor.java:641)
10-18 18:27:06.375  3328 12581 E NowController: 	at java.lang.Thread.run(Thread.java:764)
10-18 18:27:06.375  3328 12581 E NowController: 	at com.google.android.apps.gsa.shared.util.concurrent.b.i.run(SourceFile:6)
10-18 18:27:06.375  3328 12581 E NowController: Caused by: com.google.android.apps.gsa.sidekick.main.h.n: Could not complete scheduled request to refresh entries. ClientErrorCode: 3
10-18 18:27:06.375  3328 12581 E NowController: 	at com.google.android.apps.gsa.staticplugins.nowstream.b.a.ar.az(Unknown Source:4)
10-18 18:27:06.375  3328 12581 E NowController: 	at com.google.common.util.concurrent.q.ap(SourceFile:7)
10-18 18:27:06.375  3328 12581 E NowController: 	at com.google.common.util.concurrent.p.run(SourceFile:32)
10-18 18:27:06.375  3328 12581 E NowController: 	at com.google.common.util.concurrent.bt.execute(SourceFile:3)
10-18 18:27:06.375  3328 12581 E NowController: 	at com.google.common.util.concurrent.d.b(SourceFile:275)
10-18 18:27:06.375  3328 12581 E NowController: 	at com.google.common.util.concurrent.d.addListener(SourceFile:135)
10-18 18:27:06.375  3328 12581 E NowController: 	at com.google.common.util.concurrent.p.b(SourceFile:3)
10-18 18:27:06.375  3328 12581 E NowController: 	at com.google.android.apps.gsa.shared.util.concurrent.h.a(SourceFile:16)
10-18 18:27:06.375  3328 12581 E NowController: 	at com.google.android.apps.gsa.shared.util.concurrent.h.a(SourceFile:13)
10-18 18:27:06.375  3328 12581 E NowController: 	at com.google.android.apps.gsa.staticplugins.nowstream.b.a.be.cbB(SourceFile:47)
10-18 18:27:06.375  3328 12581 E NowController: 	... 14 more
10-18 18:27:06.379  3328 12588 W LocationOracle: No location history returned by ContextManager
10-18 18:27:06.382  2217  2526 D EGL_emulation: eglMakeCurrent: 0xe1c05720: ver 2 0 (tinfo 0xe1c03530)
10-18 18:27:06.404  3328  3328 I StreamRenderer: maybeRegisterNowCardsScope(nowcards-2042762719333958075, com.google.android.sidekick.shared.remoteapi.CardRenderingContext@8c19b25)
10-18 18:27:06.404  2217  2526 D EGL_emulation: eglMakeCurrent: 0xe1c05720: ver 2 0 (tinfo 0xe1c03530)
10-18 18:27:06.442  2026  4310 I GnssLocationProvider: WakeLock acquired by sendMessage(SET_REQUEST, 0, com.android.server.location.GnssLocationProvider$GpsRequest@98b4d3c)
10-18 18:27:06.444  2171  3129 E ModuleIdSetter: exception when setting module id
10-18 18:27:06.444  2171  3129 E ModuleIdSetter: java.lang.IllegalStateException: Unable to get current module info in ModuleManager created with non-module Context
10-18 18:27:06.444  2171  3129 E ModuleIdSetter: 	at com.google.android.chimera.config.ModuleManager.getCurrentModule(:com.google.android.gms@202414022@20.24.14 (040700-319035315):2)
10-18 18:27:06.444  2171  3129 E ModuleIdSetter: 	at aewd.a(:com.google.android.gms@202414022@20.24.14 (040700-319035315):4)
10-18 18:27:06.444  2171  3129 E ModuleIdSetter: 	at aewg.b(:com.google.android.gms@202414022@20.24.14 (040700-319035315):9)
10-18 18:27:06.444  2171  3129 E ModuleIdSetter: 	at aeso.a(Unknown Source:0)
10-18 18:27:06.444  2171  3129 E ModuleIdSetter: 	at rpm.a(:com.google.android.gms@202414022@20.24.14 (040700-319035315):0)
10-18 18:27:06.444  2171  3129 E ModuleIdSetter: 	at rlv.c(:com.google.android.gms@202414022@20.24.14 (040700-319035315):1)
10-18 18:27:06.444  2171  3129 E ModuleIdSetter: 	at rlt.b(:com.google.android.gms@202414022@20.24.14 (040700-319035315):1)
10-18 18:27:06.444  2171  3129 E ModuleIdSetter: 	at rok.b(:com.google.android.gms@202414022@20.24.14 (040700-319035315):6)
10-18 18:27:06.444  2171  3129 E ModuleIdSetter: 	at rok.c(:com.google.android.gms@202414022@20.24.14 (040700-319035315):6)
10-18 18:27:06.444  2171  3129 E ModuleIdSetter: 	at rok.a(:com.google.android.gms@202414022@20.24.14 (040700-319035315):63)
10-18 18:27:06.444  2171  3129 E ModuleIdSetter: 	at roo.handleMessage(:com.google.android.gms@202414022@20.24.14 (040700-319035315):71)
10-18 18:27:06.444  2171  3129 E ModuleIdSetter: 	at android.os.Handler.dispatchMessage(Handler.java:102)
10-18 18:27:06.444  2171  3129 E ModuleIdSetter: 	at aekz.a(:com.google.android.gms@202414022@20.24.14 (040700-319035315):2)
10-18 18:27:06.444  2171  3129 E ModuleIdSetter: 	at aekz.dispatchMessage(:com.google.android.gms@202414022@20.24.14 (040700-319035315):14)
10-18 18:27:06.444  2171  3129 E ModuleIdSetter: 	at android.os.Looper.loop(Looper.java:193)
10-18 18:27:06.444  2171  3129 E ModuleIdSetter: 	at android.os.HandlerThread.run(HandlerThread.java:65)
10-18 18:27:06.446  2026  2160 I GnssLocationProvider: WakeLock acquired by sendMessage(REPORT_SV_STATUS, 0, com.android.server.location.GnssLocationProvider$SvStatusInfo@a405ac5)
10-18 18:27:06.446  2026  2160 I GnssLocationProvider: WakeLock acquired by sendMessage(REPORT_LOCATION, 1, Location[gps 37.421998,-122.084000 hAcc=20 et=?!? alt=5.0 vel=0.0 bear=0.0 vAcc=??? sAcc=??? bAcc=???])
10-18 18:27:06.447  2026  2048 I GnssLocationProvider: WakeLock released by handleMessage(SET_REQUEST, 0, com.android.server.location.GnssLocationProvider$GpsRequest@98b4d3c)
10-18 18:27:06.447  2026  2048 I GnssLocationProvider: WakeLock released by handleMessage(REPORT_SV_STATUS, 0, com.android.server.location.GnssLocationProvider$SvStatusInfo@a405ac5)
10-18 18:27:06.449  2026  2160 I GnssLocationProvider: WakeLock acquired by sendMessage(REPORT_SV_STATUS, 0, com.android.server.location.GnssLocationProvider$SvStatusInfo@26cdc1a)
10-18 18:27:06.451  2026  2048 I GnssLocationProvider: WakeLock released by handleMessage(REPORT_LOCATION, 1, Location[gps 37.421998,-122.084000 hAcc=20 et=+2h30m30s426ms alt=5.0 vel=0.0 bear=0.0 vAcc=??? sAcc=??? bAcc=??? {Bundle[{satellites=0, maxCn0=0, meanCn0=0}]}])
10-18 18:27:06.462  2026  2048 I GnssLocationProvider: WakeLock released by handleMessage(REPORT_SV_STATUS, 0, com.android.server.location.GnssLocationProvider$SvStatusInfo@26cdc1a)
10-18 18:27:06.468  3328  3328 I StreamController: cleanUpControllerScope(nowcards-2042762719333958075)
10-18 18:27:06.468  3328  3328 I StreamController: registerScope: nowcards--8468767141838813037
10-18 18:27:06.474  2217  2526 D EGL_emulation: eglMakeCurrent: 0xe1c05720: ver 2 0 (tinfo 0xe1c03530)
10-18 18:27:06.477  3328  3328 I StreamRenderer: cleanUpRendererScope(nowcards-2042762719333958075)
10-18 18:27:06.477  3328  3328 I StreamRenderer: maybeRegisterNowCardsScope(nowcards--8468767141838813037, com.google.android.sidekick.shared.remoteapi.CardRenderingContext@9c4ff04)
10-18 18:27:06.484  3361  3379 W System  : A resource failed to call release. 
10-18 18:27:06.485  3361  3379 W System  : A resource failed to call release. 
10-18 18:27:06.485  3328  3328 I MicroDetectionWorker: #startMicroDetector [speakerMode: 0]
10-18 18:27:06.486  3328  3328 I AudioController: Using mInputStreamFactoryBuilder
10-18 18:27:06.486  3328  3328 I AudioController: Created new AudioSource
10-18 18:27:06.493  3328  3328 I MicroDetectionWorker: onReady
10-18 18:27:06.496  2217  2526 D EGL_emulation: eglMakeCurrent: 0xe1c05720: ver 2 0 (tinfo 0xe1c03530)
10-18 18:27:06.498  2171 12520 W ctxmgr  : [AclManager] No 3 for (accnt=account#-517948760#, com.google.android.gms(10012):UserVelocityProducer, vrsn=202414022, 0, 3pPkg = null ,  3pMdlId = null ,  pid = 2171). Was: 3 for 1, account#-517948760# [CONTEXT service_id=47 ]
10-18 18:27:06.506  3328 12590 I MicroRecognitionRunner: Starting detection.
10-18 18:27:06.506  3328 12581 I MicrophoneInputStream: mic_starting  SR : 16000 CC : 16 SO : 6
10-18 18:27:06.507  2217  2526 D EGL_emulation: eglMakeCurrent: 0xe1c05720: ver 2 0 (tinfo 0xe1c03530)
10-18 18:27:06.522  1657  1657 E         : Request requires android.permission.RECORD_AUDIO
10-18 18:27:06.522  1657  1657 E AudioPolicyIntefaceImpl: getInputForAttr permission denied: recording not allowed for uid 10040 pid 3328
10-18 18:27:06.522  1657  1657 E AudioFlinger: createRecord() checkRecordThread_l failed
10-18 18:27:06.522  3328 12581 E IAudioFlinger: createRecord returned error -22
10-18 18:27:06.522  3328 12581 E AudioRecord: AudioFlinger could not create record track, status: -22
10-18 18:27:06.525  2217  2526 D EGL_emulation: eglMakeCurrent: 0xe1c05720: ver 2 0 (tinfo 0xe1c03530)
10-18 18:27:06.529  3328 12581 E AudioRecord-JNI: Error creating AudioRecord instance: initialization check failed with status -22.
10-18 18:27:06.529  3328 12581 E android.media.AudioRecord: Error code -20 when initializing native AudioRecord object.
10-18 18:27:06.529  3328 12581 I MicrophoneInputStream: mic_started  SR : 16000 CC : 16 SO : 6
10-18 18:27:06.530  3328 12581 E ActivityThread: Failed to find provider info for com.google.android.apps.gsa.testing.ui.audio.recorded
10-18 18:27:06.530  3328  3328 I MicroDetectionWorker: onReady
10-18 18:27:06.530  3328 12590 W SpeechLevelGenerator: Really low audio levels detected. The audio input may have issues.
10-18 18:27:06.534  3328 12581 I MicrophoneInputStream: mic_close  SR : 16000 CC : 16 SO : 6
10-18 18:27:06.536  3328 12590 I MicroRecognitionRunner: Detection finished
10-18 18:27:06.536  3328 12590 W ErrorReporter: reportError [type: 211, code: 524300]: Error reading from input stream
10-18 18:27:06.536  2171  3792 I Places  : Converted 0 out of 1 WiFi scans
10-18 18:27:06.543  2171 12595 I LogUtils: [Places]: ?: Couldn't find platform key file. [CONTEXT service_id=253 ]
10-18 18:27:06.543  2171 12517 I LogUtils: [Places]: ?: Couldn't find platform key file. [CONTEXT service_id=253 ]
10-18 18:27:06.544  2171 12595 I LogUtils: [Places]: ?: Couldn't find platform key file. [CONTEXT service_id=253 ]
10-18 18:27:06.546  3328  3691 I MicroRecognitionRunner: Stopping hotword detection.
10-18 18:27:06.547  3328 12590 W ErrorProcessor: onFatalError, processing error from engine(4)
10-18 18:27:06.547  3328 12590 W ErrorProcessor: com.google.android.apps.gsa.shared.speech.b.g: Error reading from input stream
10-18 18:27:06.547  3328 12590 W ErrorProcessor: 	at com.google.android.apps.gsa.staticplugins.microdetection.d.k.a(SourceFile:91)
10-18 18:27:06.547  3328 12590 W ErrorProcessor: 	at com.google.android.apps.gsa.staticplugins.microdetection.d.l.run(Unknown Source:14)
10-18 18:27:06.547  3328 12590 W ErrorProcessor: 	at com.google.android.libraries.gsa.runner.a.a.b(SourceFile:32)
10-18 18:27:06.547  3328 12590 W ErrorProcessor: 	at com.google.android.libraries.gsa.runner.a.c.call(Unknown Source:4)
10-18 18:27:06.547  3328 12590 W ErrorProcessor: 	at java.util.concurrent.FutureTask.run(FutureTask.java:266)
10-18 18:27:06.547  3328 12590 W ErrorProcessor: 	at java.util.concurrent.Executors$RunnableAdapter.call(Executors.java:458)
10-18 18:27:06.547  3328 12590 W ErrorProcessor: 	at java.util.concurrent.FutureTask.run(FutureTask.java:266)
10-18 18:27:06.547  3328 12590 W ErrorProcessor: 	at com.google.android.apps.gsa.shared.util.concurrent.b.g.run(Unknown Source:4)
10-18 18:27:06.547  3328 12590 W ErrorProcessor: 	at com.google.android.apps.gsa.shared.util.concurrent.b.aw.run(SourceFile:4)
10-18 18:27:06.547  3328 12590 W ErrorProcessor: 	at com.google.android.apps.gsa.shared.util.concurrent.b.aw.run(SourceFile:4)
10-18 18:27:06.547  3328 12590 W ErrorProcessor: 	at java.util.concurrent.ThreadPoolExecutor.runWorker(ThreadPoolExecutor.java:1167)
10-18 18:27:06.547  3328 12590 W ErrorProcessor: 	at java.util.concurrent.ThreadPoolExecutor$Worker.run(ThreadPoolExecutor.java:641)
10-18 18:27:06.547  3328 12590 W ErrorProcessor: 	at java.lang.Thread.run(Thread.java:764)
10-18 18:27:06.547  3328 12590 W ErrorProcessor: 	at com.google.android.apps.gsa.shared.util.concurrent.b.i.run(SourceFile:6)
10-18 18:27:06.547  3328 12590 W ErrorProcessor: Caused by: com.google.android.apps.gsa.shared.exception.GsaIOException: Error code: 393238 | Buffer overflow, no available space.
10-18 18:27:06.547  3328 12590 W ErrorProcessor: 	at com.google.android.apps.gsa.speech.audio.Tee.j(SourceFile:103)
10-18 18:27:06.547  3328 12590 W ErrorProcessor: 	at com.google.android.apps.gsa.speech.audio.au.read(SourceFile:2)
10-18 18:27:06.547  3328 12590 W ErrorProcessor: 	at java.io.InputStream.read(InputStream.java:101)
10-18 18:27:06.547  3328 12590 W ErrorProcessor: 	at com.google.android.apps.gsa.speech.audio.ao.run(SourceFile:17)
10-18 18:27:06.547  3328 12590 W ErrorProcessor: 	at com.google.android.apps.gsa.speech.audio.an.run(SourceFile:2)
10-18 18:27:06.547  3328 12590 W ErrorProcessor: 	at java.util.concurrent.Executors$RunnableAdapter.call(Executors.java:458)
10-18 18:27:06.547  3328 12590 W ErrorProcessor: 	... 10 more
10-18 18:27:06.547  3328 12590 I AudioController: internalShutdown
10-18 18:27:06.548  3328  3328 I MicroDetector: Keeping mic open: false
10-18 18:27:06.548  3328  3328 I MicroDetectionWorker: #onError(false)
10-18 18:27:06.549  2171 12517 I LogUtils: [Places]: ?: Couldn't find platform key file. [CONTEXT service_id=253 ]
10-18 18:27:06.549  2171 12595 I PlacesLogger: [PlaceInferenceEngine]: No beacon scan available - ignoring candidates. [CONTEXT service_id=253 ]
10-18 18:27:06.552  3328 12588 I DeviceStateChecker: DeviceStateChecker cancelled
10-18 18:27:06.637  2171 12521 I LogUtils: [Places]: ?: Couldn't find platform key file. [CONTEXT service_id=253 ]
10-18 18:27:06.638  2171 12521 I LogUtils: [Places]: ?: Couldn't find platform key file. [CONTEXT service_id=253 ]
10-18 18:27:06.658  2171  3792 I LogUtils: [Places]: ?: PlacesBleScanner start() with priority 2 [CONTEXT service_id=253 ]
10-18 18:27:06.663  2171 12595 I PlacesLogger: [PlaceInferenceEngine]: No beacon scan available - ignoring candidates. [CONTEXT service_id=253 ]
10-18 18:27:06.665  2171  3792 I PlacesLogger: [PlaceInferenceEngine]: [anon] Changed inference mode: 1 [CONTEXT service_id=253 ]
10-18 18:27:06.665  2171  3792 I PlacesLogger: [PlaceInferenceEngine]: [account#-29786098] Changed inference mode: 1 [CONTEXT service_id=253 ]
10-18 18:27:06.670  2026  2160 I GnssLocationProvider: WakeLock acquired by sendMessage(REPORT_SV_STATUS, 0, com.android.server.location.GnssLocationProvider$SvStatusInfo@e421479)
10-18 18:27:06.670  2026  2048 I GnssLocationProvider: WakeLock released by handleMessage(REPORT_SV_STATUS, 0, com.android.server.location.GnssLocationProvider$SvStatusInfo@e421479)
10-18 18:27:06.672  2171 12521 I LogUtils: [Places]: ?: Couldn't find platform key file. [CONTEXT service_id=253 ]
10-18 18:27:06.679  2171  2171 E BeaconBle: Missing BluetoothAdapter [CONTEXT service_id=111 ]
10-18 18:27:06.679  2171  2171 I BeaconBle: BLE 'KK+' software access layer enabled [CONTEXT service_id=111 ]
10-18 18:27:06.691  2171  3792 I LogUtils: [Places]: ?: PlacesBleScanner stop() [CONTEXT service_id=253 ]
10-18 18:27:06.697  2171  3792 I PlacesLogger: [PlaceInferenceEngine]: [anon] Changed inference mode: 1 [CONTEXT service_id=253 ]
10-18 18:27:06.697  2171  3792 I PlacesLogger: [PlaceInferenceEngine]: [account#-29786098] Changed inference mode: 1 [CONTEXT service_id=253 ]
10-18 18:27:06.713  2171  2171 I BeaconBle: Client requested scan, settings=BleSettings [scanMode=ZERO_POWER, callbackType=ALL_MATCHES, reportDelayMillis=0, 1 filters, 0 clients, callingClientName=Places] [CONTEXT service_id=111 ]
10-18 18:27:06.713  2171  2171 I BeaconBle: Scan : No clients left, canceling alarm. [CONTEXT service_id=111 ]
10-18 18:27:06.714  2171  2171 E BeaconBle: Scan couldn't start for Places [CONTEXT service_id=111 ]
10-18 18:27:06.714  2171  2171 I BeaconBle: Scan : No clients left, canceling alarm. [CONTEXT service_id=111 ]
10-18 18:27:06.715  2171  2171 I BeaconBle: Scan canceled successfully. [CONTEXT service_id=111 ]
10-18 18:27:06.764  2171  3792 I Places  : Converted 0 out of 1 WiFi scans
10-18 18:27:06.771  2171 12520 I LogUtils: [Places]: ?: Couldn't find platform key file. [CONTEXT service_id=253 ]
10-18 18:27:06.773  2171 12517 I LogUtils: [Places]: ?: Couldn't find platform key file. [CONTEXT service_id=253 ]
10-18 18:27:06.785  2171 12621 I LogUtils: [Places]: ?: Couldn't find platform key file. [CONTEXT service_id=253 ]
10-18 18:27:06.790  2171 12595 I LogUtils: [Places]: ?: Couldn't find platform key file. [CONTEXT service_id=253 ]
10-18 18:27:06.799  2171 12595 I PlacesLogger: [PlaceInferenceEngine]: No beacon scan available - ignoring candidates. [CONTEXT service_id=253 ]
10-18 18:27:06.799  2171 12621 I LogUtils: [Places]: ?: Couldn't find platform key file. [CONTEXT service_id=253 ]
10-18 18:27:06.834  1862  1992 W SurfaceFlinger: Attempting to set client state on removed layer: edu.uw.ischool.qy54.activityspy/edu.uw.ischool.qy54.activityspy.MainActivity#0
10-18 18:27:06.834  1862  1992 W SurfaceFlinger: Attempting to destroy on removed layer: edu.uw.ischool.qy54.activityspy/edu.uw.ischool.qy54.activityspy.MainActivity#0
10-18 18:27:06.835  1862  1992 W SurfaceFlinger: Attempting to set client state on removed layer: edu.uw.ischool.qy54.activityspy/edu.uw.ischool.qy54.activityspy.MainActivity#0
10-18 18:27:06.835  1862  1992 W SurfaceFlinger: Attempting to destroy on removed layer: edu.uw.ischool.qy54.activityspy/edu.uw.ischool.qy54.activityspy.MainActivity#0
10-18 18:27:06.847  2026  6324 I OpenGLRenderer: Initialized EGL, version 1.4
10-18 18:27:06.847  2026  6324 D OpenGLRenderer: Swap behavior 1
10-18 18:27:06.847  2026  6324 D HostConnection: HostConnection::get() New Host Connection established 0xc6613730, tid 6324
10-18 18:27:06.850  2026  6324 D HostConnection: HostComposition ext ANDROID_EMU_CHECKSUM_HELPER_v1 ANDROID_EMU_dma_v1 ANDROID_EMU_YUV420_888_to_NV21 ANDROID_EMU_YUV_Cache ANDROID_EMU_sync_buffer_data GL_OES_vertex_array_object GL_KHR_texture_compression_astc_ldr ANDROID_EMU_host_side_tracing ANDROID_EMU_gles_max_version_2 
