10-18 18:28:14.674  2026  2048 I GnssLocationProvider: WakeLock released by handleMessage(REPORT_SV_STATUS, 0, com.android.server.location.GnssLocationProvider$SvStatusInfo@53c4969)
10-18 18:28:15.674  2026  2160 I GnssLocationProvider: WakeLock acquired by sendMessage(REPORT_SV_STATUS, 0, com.android.server.location.GnssLocationProvider$SvStatusInfo@93f6fee)
10-18 18:28:15.674  2026  2048 I GnssLocationProvider: WakeLock released by handleMessage(REPORT_SV_STATUS, 0, com.android.server.location.GnssLocationProvider$SvStatusInfo@93f6fee)
10-18 18:28:16.674  2026  2160 I GnssLocationProvider: WakeLock acquired by sendMessage(REPORT_SV_STATUS, 0, com.android.server.location.GnssLocationProvider$SvStatusInfo@4315c8f)
10-18 18:28:16.674  2026  2048 I GnssLocationProvider: WakeLock released by handleMessage(REPORT_SV_STATUS, 0, com.android.server.location.GnssLocationProvider$SvStatusInfo@4315c8f)
10-18 18:28:17.674  2026  2160 I GnssLocationProvider: WakeLock acquired by sendMessage(REPORT_SV_STATUS, 0, com.android.server.location.GnssLocationProvider$SvStatusInfo@8d22b1c)
10-18 18:28:17.674  2026  2048 I GnssLocationProvider: WakeLock released by handleMessage(REPORT_SV_STATUS, 0, com.android.server.location.GnssLocationProvider$SvStatusInfo@8d22b1c)
10-18 18:28:18.674  2026  2160 I GnssLocationProvider: WakeLock acquired by sendMessage(REPORT_SV_STATUS, 0, com.android.server.location.GnssLocationProvider$SvStatusInfo@e471325)
10-18 18:28:18.675  2026  2048 I GnssLocationProvider: WakeLock released by handleMessage(REPORT_SV_STATUS, 0, com.android.server.location.GnssLocationProvider$SvStatusInfo@e471325)
10-18 18:28:19.675  2026  2160 I GnssLocationProvider: WakeLock acquired by sendMessage(REPORT_SV_STATUS, 0, com.android.server.location.GnssLocationProvider$SvStatusInfo@fb69cfa)
10-18 18:28:19.675  2026  2048 I GnssLocationProvider: WakeLock released by handleMessage(REPORT_SV_STATUS, 0, com.android.server.location.GnssLocationProvider$SvStatusInfo@fb69cfa)
10-18 18:28:20.674  2026  2160 I GnssLocationProvider: WakeLock acquired by sendMessage(REPORT_SV_STATUS, 0, com.android.server.location.GnssLocationProvider$SvStatusInfo@7f132ab)
10-18 18:28:20.675  2026  2048 I GnssLocationProvider: WakeLock released by handleMessage(REPORT_SV_STATUS, 0, com.android.server.location.GnssLocationProvider$SvStatusInfo@7f132ab)
10-18 18:28:21.674  2026  2160 I GnssLocationProvider: WakeLock acquired by sendMessage(REPORT_SV_STATUS, 0, com.android.server.location.GnssLocationProvider$SvStatusInfo@a64dd08)
10-18 18:28:21.675  2026  2048 I GnssLocationProvider: WakeLock released by handleMessage(REPORT_SV_STATUS, 0, com.android.server.location.GnssLocationProvider$SvStatusInfo@a64dd08)
10-18 18:28:22.674  2026  2160 I GnssLocationProvider: WakeLock acquired by sendMessage(REPORT_SV_STATUS, 0, com.android.server.location.GnssLocationProvider$SvStatusInfo@47abca1)
10-18 18:28:22.675  2026  2048 I GnssLocationProvider: WakeLock released by handleMessage(REPORT_SV_STATUS, 0, com.android.server.location.GnssLocationProvider$SvStatusInfo@47abca1)
10-18 18:28:23.675  2026  2160 I GnssLocationProvider: WakeLock acquired by sendMessage(REPORT_SV_STATUS, 0, com.android.server.location.GnssLocationProvider$SvStatusInfo@3418ec6)
10-18 18:28:23.675  2026  2048 I GnssLocationProvider: WakeLock released by handleMessage(REPORT_SV_STATUS, 0, com.android.server.location.GnssLocationProvider$SvStatusInfo@3418ec6)
10-18 18:28:24.675  2026  2160 I GnssLocationProvider: WakeLock acquired by sendMessage(REPORT_SV_STATUS, 0, com.android.server.location.GnssLocationProvider$SvStatusInfo@f8e4e87)
10-18 18:28:24.675  2026  2048 I GnssLocationProvider: WakeLock released by handleMessage(REPORT_SV_STATUS, 0, com.android.server.location.GnssLocationProvider$SvStatusInfo@f8e4e87)
10-18 18:28:25.675  2026  2160 I GnssLocationProvider: WakeLock acquired by sendMessage(REPORT_SV_STATUS, 0, com.android.server.location.GnssLocationProvider$SvStatusInfo@eeec1b4)
10-18 18:28:25.675  2026  2048 I GnssLocationProvider: WakeLock released by handleMessage(REPORT_SV_STATUS, 0, com.android.server.location.GnssLocationProvider$SvStatusInfo@eeec1b4)
10-18 18:28:26.675  2026  2160 I GnssLocationProvider: WakeLock acquired by sendMessage(REPORT_SV_STATUS, 0, com.android.server.location.GnssLocationProvider$SvStatusInfo@fe581dd)
10-18 18:28:26.675  2026  2048 I GnssLocationProvider: WakeLock released by handleMessage(REPORT_SV_STATUS, 0, com.android.server.location.GnssLocationProvider$SvStatusInfo@fe581dd)
10-18 18:28:27.675  2026  2160 I GnssLocationProvider: WakeLock acquired by sendMessage(REPORT_SV_STATUS, 0, com.android.server.location.GnssLocationProvider$SvStatusInfo@37d152)
10-18 18:28:27.675  2026  2048 I GnssLocationProvider: WakeLock released by handleMessage(REPORT_SV_STATUS, 0, com.android.server.location.GnssLocationProvider$SvStatusInfo@37d152)
10-18 18:28:28.675  2026  2160 I GnssLocationProvider: WakeLock acquired by sendMessage(REPORT_SV_STATUS, 0, com.android.server.location.GnssLocationProvider$SvStatusInfo@f74c23)
10-18 18:28:28.675  2026  2048 I GnssLocationProvider: WakeLock released by handleMessage(REPORT_SV_STATUS, 0, com.android.server.location.GnssLocationProvider$SvStatusInfo@f74c23)
10-18 18:28:29.675  2026  2160 I GnssLocationProvider: WakeLock acquired by sendMessage(REPORT_SV_STATUS, 0, com.android.server.location.GnssLocationProvider$SvStatusInfo@8904520)
10-18 18:28:29.675  2026  2048 I GnssLocationProvider: WakeLock released by handleMessage(REPORT_SV_STATUS, 0, com.android.server.location.GnssLocationProvider$SvStatusInfo@8904520)
10-18 18:28:30.675  2026  2160 I GnssLocationProvider: WakeLock acquired by sendMessage(REPORT_SV_STATUS, 0, com.android.server.location.GnssLocationProvider$SvStatusInfo@13d5ed9)
10-18 18:28:30.675  2026  2048 I GnssLocationProvider: WakeLock released by handleMessage(REPORT_SV_STATUS, 0, com.android.server.location.GnssLocationProvider$SvStatusInfo@13d5ed9)
10-18 18:28:31.675  2026  2160 I GnssLocationProvider: WakeLock acquired by sendMessage(REPORT_SV_STATUS, 0, com.android.server.location.GnssLocationProvider$SvStatusInfo@eddb09e)
10-18 18:28:31.675  2026  2048 I GnssLocationProvider: WakeLock released by handleMessage(REPORT_SV_STATUS, 0, com.android.server.location.GnssLocationProvider$SvStatusInfo@eddb09e)
10-18 18:28:32.581  1875  1914 E storaged: getDiskStats failed with result NOT_SUPPORTED and size 0
10-18 18:28:32.674  2026  2160 I GnssLocationProvider: WakeLock acquired by sendMessage(REPORT_SV_STATUS, 0, com.android.server.location.GnssLocationProvider$SvStatusInfo@868877f)
10-18 18:28:32.675  2026  2048 I GnssLocationProvider: WakeLock released by handleMessage(REPORT_SV_STATUS, 0, com.android.server.location.GnssLocationProvider$SvStatusInfo@868877f)
10-18 18:28:33.255  1977  1977 E netmgr  : Failed to open QEMU pipe 'qemud:network': Invalid argument
10-18 18:28:33.255  1977  1977 E netmgr  : WifiForwarder unable to open QEMU pipe: Invalid argument
10-18 18:28:33.675  2026  2160 I GnssLocationProvider: WakeLock acquired by sendMessage(REPORT_SV_STATUS, 0, com.android.server.location.GnssLocationProvider$SvStatusInfo@904934c)
10-18 18:28:33.675  2026  2048 I GnssLocationProvider: WakeLock released by handleMessage(REPORT_SV_STATUS, 0, com.android.server.location.GnssLocationProvider$SvStatusInfo@904934c)
10-18 18:28:34.675  2026  2160 I GnssLocationProvider: WakeLock acquired by sendMessage(REPORT_SV_STATUS, 0, com.android.server.location.GnssLocationProvider$SvStatusInfo@49c0f95)
10-18 18:28:34.675  2026  2048 I GnssLocationProvider: WakeLock released by handleMessage(REPORT_SV_STATUS, 0, com.android.server.location.GnssLocationProvider$SvStatusInfo@49c0f95)
10-18 18:28:35.675  2026  2160 I GnssLocationProvider: WakeLock acquired by sendMessage(REPORT_SV_STATUS, 0, com.android.server.location.GnssLocationProvider$SvStatusInfo@57038aa)
10-18 18:28:35.675  2026  2048 I GnssLocationProvider: WakeLock released by handleMessage(REPORT_SV_STATUS, 0, com.android.server.location.GnssLocationProvider$SvStatusInfo@57038aa)
10-18 18:28:36.675  2026  2160 I GnssLocationProvider: WakeLock acquired by sendMessage(REPORT_SV_STATUS, 0, com.android.server.location.GnssLocationProvider$SvStatusInfo@f881c9b)
10-18 18:28:36.675  2026  2048 I GnssLocationProvider: WakeLock released by handleMessage(REPORT_SV_STATUS, 0, com.android.server.location.GnssLocationProvider$SvStatusInfo@f881c9b)
10-18 18:28:37.674  2026  2160 I GnssLocationProvider: WakeLock acquired by sendMessage(REPORT_SV_STATUS, 0, com.android.server.location.GnssLocationProvider$SvStatusInfo@8d9838)
10-18 18:28:37.675  2026  2048 I GnssLocationProvider: WakeLock released by handleMessage(REPORT_SV_STATUS, 0, com.android.server.location.GnssLocationProvider$SvStatusInfo@8d9838)
10-18 18:28:38.675  2026  2160 I GnssLocationProvider: WakeLock acquired by sendMessage(REPORT_SV_STATUS, 0, com.android.server.location.GnssLocationProvider$SvStatusInfo@3fb1011)
10-18 18:28:38.675  2026  2048 I GnssLocationProvider: WakeLock released by handleMessage(REPORT_SV_STATUS, 0, com.android.server.location.GnssLocationProvider$SvStatusInfo@3fb1011)
10-18 18:28:39.675  2026  2160 I GnssLocationProvider: WakeLock acquired by sendMessage(REPORT_SV_STATUS, 0, com.android.server.location.GnssLocationProvider$SvStatusInfo@ef13576)
10-18 18:28:39.675  2026  2048 I GnssLocationProvider: WakeLock released by handleMessage(REPORT_SV_STATUS, 0, com.android.server.location.GnssLocationProvider$SvStatusInfo@ef13576)
10-18 18:28:40.675  2026  2160 I GnssLocationProvider: WakeLock acquired by sendMessage(REPORT_SV_STATUS, 0, com.android.server.location.GnssLocationProvider$SvStatusInfo@a41e777)
10-18 18:28:40.675  2026  2048 I GnssLocationProvider: WakeLock released by handleMessage(REPORT_SV_STATUS, 0, com.android.server.location.GnssLocationProvider$SvStatusInfo@a41e777)
10-18 18:28:41.675  2026  2160 I GnssLocationProvider: WakeLock acquired by sendMessage(REPORT_SV_STATUS, 0, com.android.server.location.GnssLocationProvider$SvStatusInfo@56f9c4d)
10-18 18:28:41.675  2026  2048 I GnssLocationProvider: WakeLock released by handleMessage(REPORT_SV_STATUS, 0, com.android.server.location.GnssLocationProvider$SvStatusInfo@56f9c4d)
10-18 18:28:42.674  2026  2160 I GnssLocationProvider: WakeLock acquired by sendMessage(REPORT_SV_STATUS, 0, com.android.server.location.GnssLocationProvider$SvStatusInfo@2b33302)
10-18 18:28:42.675  2026  2048 I GnssLocationProvider: WakeLock released by handleMessage(REPORT_SV_STATUS, 0, com.android.server.location.GnssLocationProvider$SvStatusInfo@2b33302)
10-18 18:28:43.675  2026  2160 I GnssLocationProvider: WakeLock acquired by sendMessage(REPORT_SV_STATUS, 0, com.android.server.location.GnssLocationProvider$SvStatusInfo@5638413)
10-18 18:28:43.675  2026  2048 I GnssLocationProvider: WakeLock released by handleMessage(REPORT_SV_STATUS, 0, com.android.server.location.GnssLocationProvider$SvStatusInfo@5638413)
10-18 18:28:44.675  2026  2160 I GnssLocationProvider: WakeLock acquired by sendMessage(REPORT_SV_STATUS, 0, com.android.server.location.GnssLocationProvider$SvStatusInfo@74f3650)
10-18 18:28:44.675  2026  2048 I GnssLocationProvider: WakeLock released by handleMessage(REPORT_SV_STATUS, 0, com.android.server.location.GnssLocationProvider$SvStatusInfo@74f3650)
10-18 18:28:45.674  2026  2160 I GnssLocationProvider: WakeLock acquired by sendMessage(REPORT_SV_STATUS, 0, com.android.server.location.GnssLocationProvider$SvStatusInfo@126b049)
10-18 18:28:45.675  2026  2048 I GnssLocationProvider: WakeLock released by handleMessage(REPORT_SV_STATUS, 0, com.android.server.location.GnssLocationProvider$SvStatusInfo@126b049)
10-18 18:28:46.675  2026  2160 I GnssLocationProvider: WakeLock acquired by sendMessage(REPORT_SV_STATUS, 0, com.android.server.location.GnssLocationProvider$SvStatusInfo@8a57d4e)
10-18 18:28:46.675  2026  2048 I GnssLocationProvider: WakeLock released by handleMessage(REPORT_SV_STATUS, 0, com.android.server.location.GnssLocationProvider$SvStatusInfo@8a57d4e)
10-18 18:28:47.676  2026  2160 I GnssLocationProvider: WakeLock acquired by sendMessage(REPORT_SV_STATUS, 0, com.android.server.location.GnssLocationProvider$SvStatusInfo@2f84e6f)
10-18 18:28:47.677  2026  2048 I GnssLocationProvider: WakeLock released by handleMessage(REPORT_SV_STATUS, 0, com.android.server.location.GnssLocationProvider$SvStatusInfo@2f84e6f)
10-18 18:28:48.676  2026  2160 I GnssLocationProvider: WakeLock acquired by sendMessage(REPORT_SV_STATUS, 0, com.android.server.location.GnssLocationProvider$SvStatusInfo@479677c)
10-18 18:28:48.676  2026  2048 I GnssLocationProvider: WakeLock released by handleMessage(REPORT_SV_STATUS, 0, com.android.server.location.GnssLocationProvider$SvStatusInfo@479677c)
10-18 18:28:49.676  2026  2160 I GnssLocationProvider: WakeLock acquired by sendMessage(REPORT_SV_STATUS, 0, com.android.server.location.GnssLocationProvider$SvStatusInfo@b210805)
10-18 18:28:49.677  2026  2048 I GnssLocationProvider: WakeLock released by handleMessage(REPORT_SV_STATUS, 0, com.android.server.location.GnssLocationProvider$SvStatusInfo@b210805)
10-18 18:28:50.676  2026  2160 I GnssLocationProvider: WakeLock acquired by sendMessage(REPORT_SV_STATUS, 0, com.android.server.location.GnssLocationProvider$SvStatusInfo@660205a)
10-18 18:28:50.677  2026  2048 I GnssLocationProvider: WakeLock released by handleMessage(REPORT_SV_STATUS, 0, com.android.server.location.GnssLocationProvider$SvStatusInfo@660205a)
10-18 18:28:51.676  2026  2160 I GnssLocationProvider: WakeLock acquired by sendMessage(REPORT_SV_STATUS, 0, com.android.server.location.GnssLocationProvider$SvStatusInfo@65628b)
10-18 18:28:51.676  2026  2048 I GnssLocationProvider: WakeLock released by handleMessage(REPORT_SV_STATUS, 0, com.android.server.location.GnssLocationProvider$SvStatusInfo@65628b)
10-18 18:28:52.676  2026  2160 I GnssLocationProvider: WakeLock acquired by sendMessage(REPORT_SV_STATUS, 0, com.android.server.location.GnssLocationProvider$SvStatusInfo@1b37f68)
10-18 18:28:52.677  2026  2048 I GnssLocationProvider: WakeLock released by handleMessage(REPORT_SV_STATUS, 0, com.android.server.location.GnssLocationProvider$SvStatusInfo@1b37f68)
10-18 18:28:53.676  2026  2160 I GnssLocationProvider: WakeLock acquired by sendMessage(REPORT_SV_STATUS, 0, com.android.server.location.GnssLocationProvider$SvStatusInfo@caf1f81)
10-18 18:28:53.677  2026  2048 I GnssLocationProvider: WakeLock released by handleMessage(REPORT_SV_STATUS, 0, com.android.server.location.GnssLocationProvider$SvStatusInfo@caf1f81)
10-18 18:28:54.676  2026  2160 I GnssLocationProvider: WakeLock acquired by sendMessage(REPORT_SV_STATUS, 0, com.android.server.location.GnssLocationProvider$SvStatusInfo@efe826)
10-18 18:28:54.677  2026  2048 I GnssLocationProvider: WakeLock released by handleMessage(REPORT_SV_STATUS, 0, com.android.server.location.GnssLocationProvider$SvStatusInfo@efe826)
10-18 18:28:55.676  2026  2160 I GnssLocationProvider: WakeLock acquired by sendMessage(REPORT_SV_STATUS, 0, com.android.server.location.GnssLocationProvider$SvStatusInfo@2459c67)
10-18 18:28:55.676  2026  2048 I GnssLocationProvider: WakeLock released by handleMessage(REPORT_SV_STATUS, 0, com.android.server.location.GnssLocationProvider$SvStatusInfo@2459c67)
10-18 18:28:56.676  2026  2160 I GnssLocationProvider: WakeLock acquired by sendMessage(REPORT_SV_STATUS, 0, com.android.server.location.GnssLocationProvider$SvStatusInfo@bf52a14)
10-18 18:28:56.677  2026  2048 I GnssLocationProvider: WakeLock released by handleMessage(REPORT_SV_STATUS, 0, com.android.server.location.GnssLocationProvider$SvStatusInfo@bf52a14)
10-18 18:28:57.676  2026  2160 I GnssLocationProvider: WakeLock acquired by sendMessage(REPORT_SV_STATUS, 0, com.android.server.location.GnssLocationProvider$SvStatusInfo@9ad32bd)
10-18 18:28:57.677  2026  2048 I GnssLocationProvider: WakeLock released by handleMessage(REPORT_SV_STATUS, 0, com.android.server.location.GnssLocationProvider$SvStatusInfo@9ad32bd)
10-18 18:28:58.676  2026  2160 I GnssLocationProvider: WakeLock acquired by sendMessage(REPORT_SV_STATUS, 0, com.android.server.location.GnssLocationProvider$SvStatusInfo@f6260b2)
10-18 18:28:58.677  2026  2048 I GnssLocationProvider: WakeLock released by handleMessage(REPORT_SV_STATUS, 0, com.android.server.location.GnssLocationProvider$SvStatusInfo@f6260b2)
10-18 18:28:59.676  2026  2160 I GnssLocationProvider: WakeLock acquired by sendMessage(REPORT_SV_STATUS, 0, com.android.server.location.GnssLocationProvider$SvStatusInfo@2059803)
10-18 18:28:59.677  2026  2048 I GnssLocationProvider: WakeLock released by handleMessage(REPORT_SV_STATUS, 0, com.android.server.location.GnssLocationProvider$SvStatusInfo@2059803)
10-18 18:29:00.028  1895  1905 D hwcomposer: hw_composer sent 6 syncs in 60s
10-18 18:29:00.677  2026  2160 I GnssLocationProvider: WakeLock acquired by sendMessage(REPORT_SV_STATUS, 0, com.android.server.location.GnssLocationProvider$SvStatusInfo@d7f3db9)
10-18 18:29:00.677  2026  2048 I GnssLocationProvider: WakeLock released by handleMessage(REPORT_SV_STATUS, 0, com.android.server.location.GnssLocationProvider$SvStatusInfo@d7f3db9)
10-18 18:29:01.676  2026  2160 I GnssLocationProvider: WakeLock acquired by sendMessage(REPORT_SV_STATUS, 0, com.android.server.location.GnssLocationProvider$SvStatusInfo@a11d5fe)
10-18 18:29:01.677  2026  2048 I GnssLocationProvider: WakeLock released by handleMessage(REPORT_SV_STATUS, 0, com.android.server.location.GnssLocationProvider$SvStatusInfo@a11d5fe)
10-18 18:29:02.676  2026  2160 I GnssLocationProvider: WakeLock acquired by sendMessage(REPORT_SV_STATUS, 0, com.android.server.location.GnssLocationProvider$SvStatusInfo@93fb15f)
10-18 18:29:02.677  2026  2048 I GnssLocationProvider: WakeLock released by handleMessage(REPORT_SV_STATUS, 0, com.android.server.location.GnssLocationProvider$SvStatusInfo@93fb15f)
10-18 18:29:03.676  2026  2160 I GnssLocationProvider: WakeLock acquired by sendMessage(REPORT_SV_STATUS, 0, com.android.server.location.GnssLocationProvider$SvStatusInfo@6a3a7ac)
10-18 18:29:03.676  2026  2048 I GnssLocationProvider: WakeLock released by handleMessage(REPORT_SV_STATUS, 0, com.android.server.location.GnssLocationProvider$SvStatusInfo@6a3a7ac)
10-18 18:29:04.676  2026  2160 I GnssLocationProvider: WakeLock acquired by sendMessage(REPORT_SV_STATUS, 0, com.android.server.location.GnssLocationProvider$SvStatusInfo@bccfc75)
10-18 18:29:04.677  2026  2048 I GnssLocationProvider: WakeLock released by handleMessage(REPORT_SV_STATUS, 0, com.android.server.location.GnssLocationProvider$SvStatusInfo@bccfc75)
10-18 18:29:05.676  2026  2160 I GnssLocationProvider: WakeLock acquired by sendMessage(REPORT_SV_STATUS, 0, com.android.server.location.GnssLocationProvider$SvStatusInfo@2b1540a)
10-18 18:29:05.677  2026  2048 I GnssLocationProvider: WakeLock released by handleMessage(REPORT_SV_STATUS, 0, com.android.server.location.GnssLocationProvider$SvStatusInfo@2b1540a)
10-18 18:29:06.677  2026  2160 I GnssLocationProvider: WakeLock acquired by sendMessage(REPORT_SV_STATUS, 0, com.android.server.location.GnssLocationProvider$SvStatusInfo@6d8047b)
10-18 18:29:06.677  2026  2048 I GnssLocationProvider: WakeLock released by handleMessage(REPORT_SV_STATUS, 0, com.android.server.location.GnssLocationProvider$SvStatusInfo@6d8047b)
10-18 18:29:07.677  2026  2160 I GnssLocationProvider: WakeLock acquired by sendMessage(REPORT_SV_STATUS, 0, com.android.server.location.GnssLocationProvider$SvStatusInfo@d799298)
10-18 18:29:07.677  2026  2048 I GnssLocationProvider: WakeLock released by handleMessage(REPORT_SV_STATUS, 0, com.android.server.location.GnssLocationProvider$SvStatusInfo@d799298)
10-18 18:29:08.047  2026  3536 E memtrack: Couldn't load memtrack module
10-18 18:29:08.047  2026  3536 W android.os.Debug: failed to get memory consumption info: -1
10-18 18:29:08.677  2026  2160 I GnssLocationProvider: WakeLock acquired by sendMessage(REPORT_SV_STATUS, 0, com.android.server.location.GnssLocationProvider$SvStatusInfo@fdeaf1)
10-18 18:29:08.678  2026  2048 I GnssLocationProvider: WakeLock released by handleMessage(REPORT_SV_STATUS, 0, com.android.server.location.GnssLocationProvider$SvStatusInfo@fdeaf1)
10-18 18:29:09.677  2026  2160 I GnssLocationProvider: WakeLock acquired by sendMessage(REPORT_SV_STATUS, 0, com.android.server.location.GnssLocationProvider$SvStatusInfo@118a6d6)
10-18 18:29:09.677  2026  2048 I GnssLocationProvider: WakeLock released by handleMessage(REPORT_SV_STATUS, 0, com.android.server.location.GnssLocationProvider$SvStatusInfo@118a6d6)
10-18 18:29:10.677  2026  2160 I GnssLocationProvider: WakeLock acquired by sendMessage(REPORT_SV_STATUS, 0, com.android.server.location.GnssLocationProvider$SvStatusInfo@9d86d57)
10-18 18:29:10.678  2026  2048 I GnssLocationProvider: WakeLock released by handleMessage(REPORT_SV_STATUS, 0, com.android.server.location.GnssLocationProvider$SvStatusInfo@9d86d57)
10-18 18:29:11.677  2026  2160 I GnssLocationProvider: WakeLock acquired by sendMessage(REPORT_SV_STATUS, 0, com.android.server.location.GnssLocationProvider$SvStatusInfo@ac14044)
10-18 18:29:11.678  2026  2048 I GnssLocationProvider: WakeLock released by handleMessage(REPORT_SV_STATUS, 0, com.android.server.location.GnssLocationProvider$SvStatusInfo@ac14044)
10-18 18:29:12.677  2026  2160 I GnssLocationProvider: WakeLock acquired by sendMessage(REPORT_SV_STATUS, 0, com.android.server.location.GnssLocationProvider$SvStatusInfo@e75452d)
10-18 18:29:12.677  2026  2048 I GnssLocationProvider: WakeLock released by handleMessage(REPORT_SV_STATUS, 0, com.android.server.location.GnssLocationProvider$SvStatusInfo@e75452d)
10-18 18:29:13.677  2026  2160 I GnssLocationProvider: WakeLock acquired by sendMessage(REPORT_SV_STATUS, 0, com.android.server.location.GnssLocationProvider$SvStatusInfo@d05a62)
10-18 18:29:13.677  2026  2048 I GnssLocationProvider: WakeLock released by handleMessage(REPORT_SV_STATUS, 0, com.android.server.location.GnssLocationProvider$SvStatusInfo@d05a62)
10-18 18:29:14.677  2026  2160 I GnssLocationProvider: WakeLock acquired by sendMessage(REPORT_SV_STATUS, 0, com.android.server.location.GnssLocationProvider$SvStatusInfo@e0c87f3)
10-18 18:29:14.678  2026  2048 I GnssLocationProvider: WakeLock released by handleMessage(REPORT_SV_STATUS, 0, com.android.server.location.GnssLocationProvider$SvStatusInfo@e0c87f3)
10-18 18:29:15.677  2026  2160 I GnssLocationProvider: WakeLock acquired by sendMessage(REPORT_SV_STATUS, 0, com.android.server.location.GnssLocationProvider$SvStatusInfo@5b41cb0)
10-18 18:29:15.677  2026  2048 I GnssLocationProvider: WakeLock released by handleMessage(REPORT_SV_STATUS, 0, com.android.server.location.GnssLocationProvider$SvStatusInfo@5b41cb0)
10-18 18:29:16.677  2026  2160 I GnssLocationProvider: WakeLock acquired by sendMessage(REPORT_SV_STATUS, 0, com.android.server.location.GnssLocationProvider$SvStatusInfo@e8e0729)
10-18 18:29:16.678  2026  2048 I GnssLocationProvider: WakeLock released by handleMessage(REPORT_SV_STATUS, 0, com.android.server.location.GnssLocationProvider$SvStatusInfo@e8e0729)
10-18 18:29:17.655  1639  6320 W audio_hw_generic: Not supplying enough data to HAL, expected position 9749685 , only wrote 9749520
10-18 18:29:17.655  2217  2526 D EGL_emulation: eglMakeCurrent: 0xe1c05720: ver 2 0 (tinfo 0xe1c03530)
10-18 18:29:17.677  2026  2160 I GnssLocationProvider: WakeLock acquired by sendMessage(REPORT_SV_STATUS, 0, com.android.server.location.GnssLocationProvider$SvStatusInfo@65db04f)
10-18 18:29:17.678  2026  2048 I GnssLocationProvider: WakeLock released by handleMessage(REPORT_SV_STATUS, 0, com.android.server.location.GnssLocationProvider$SvStatusInfo@65db04f)
10-18 18:29:17.744  2026  2050 D AutofillManagerService: onBackKeyPressed()
10-18 18:29:17.749 12416 12416 I MainActivity: onPause event fired
10-18 18:29:17.769  1649  1714 D gralloc_ranchu: gralloc_alloc: Creating ashmem region of size 14749696
10-18 18:29:17.773  1649  3286 D gralloc_ranchu: gralloc_alloc: Creating ashmem region of size 14749696
10-18 18:29:17.775  1649  1714 D gralloc_ranchu: gralloc_alloc: Creating ashmem region of size 14749696
10-18 18:29:17.781  3328  3564 D EGL_emulation: eglMakeCurrent: 0xe1c05d80: ver 2 0 (tinfo 0xe1c03cb0)
10-18 18:29:17.786  1862  1862 D SurfaceFlinger: duplicate layer name: changing com.google.android.apps.nexuslauncher/com.google.android.apps.nexuslauncher.NexusLauncherActivity to com.google.android.apps.nexuslauncher/com.google.android.apps.nexuslauncher.NexusLauncherActivity#1
10-18 18:29:17.792  1649  1714 D gralloc_ranchu: gralloc_alloc: Creating ashmem region of size 14749696
10-18 18:29:17.794  1649  3286 D gralloc_ranchu: gralloc_alloc: Creating ashmem region of size 14749696
10-18 18:29:17.796  1649  3286 D gralloc_ranchu: gralloc_alloc: Creating ashmem region of size 14749696
10-18 18:29:17.800  3361  3464 D EGL_emulation: eglMakeCurrent: 0xe1c05a80: ver 2 0 (tinfo 0xe1c03960)
10-18 18:29:17.821  3328  3328 W SessionLifecycleManager: Handover failed. Creating new session controller.
10-18 18:29:17.837  3328  3328 I StreamController: registerScope: nowcards--4059495791664856211
10-18 18:29:17.839  1649  3286 D gralloc_ranchu: gralloc_alloc: Creating ashmem region of size 14749696
10-18 18:29:17.849  3167  3167 I GoogleInputMethod: onFinishInput() : Dummy InputConnection bound
10-18 18:29:17.849  3167  3167 I GoogleInputMethod: onStartInput() : Dummy InputConnection bound
10-18 18:29:17.854  3328 12590 W LocationOracle: No location history returned by ContextManager
10-18 18:29:17.858  3328 12579 E EntrySyncManager: Cannot determine account name: drop request
10-18 18:29:17.859  3328 12579 E NowController: Failed to access data from EntryProvider. ExecutionException.
10-18 18:29:17.859  3328 12579 E NowController: java.util.concurrent.ExecutionException: com.google.android.apps.gsa.sidekick.main.h.n: Could not complete scheduled request to refresh entries. ClientErrorCode: 3
10-18 18:29:17.859  3328 12579 E NowController: 	at com.google.common.util.concurrent.d.eA(SourceFile:85)
10-18 18:29:17.859  3328 12579 E NowController: 	at com.google.common.util.concurrent.d.get(SourceFile:23)
10-18 18:29:17.859  3328 12579 E NowController: 	at com.google.common.util.concurrent.l.get(SourceFile:2)
10-18 18:29:17.859  3328 12579 E NowController: 	at com.google.android.apps.gsa.staticplugins.nowstream.b.a.be.cbB(SourceFile:49)
10-18 18:29:17.859  3328 12579 E NowController: 	at com.google.android.apps.gsa.staticplugins.nowstream.b.a.be.cbA(SourceFile:181)
10-18 18:29:17.859  3328 12579 E NowController: 	at com.google.android.apps.gsa.staticplugins.nowstream.b.a.bh.run(Unknown Source:2)
10-18 18:29:17.859  3328 12579 E NowController: 	at com.google.android.apps.gsa.shared.util.concurrent.at.run(SourceFile:4)
10-18 18:29:17.859  3328 12579 E NowController: 	at java.util.concurrent.Executors$RunnableAdapter.call(Executors.java:458)
10-18 18:29:17.859  3328 12579 E NowController: 	at java.util.concurrent.FutureTask.run(FutureTask.java:266)
10-18 18:29:17.859  3328 12579 E NowController: 	at java.util.concurrent.Executors$RunnableAdapter.call(Executors.java:458)
10-18 18:29:17.859  3328 12579 E NowController: 	at java.util.concurrent.FutureTask.run(FutureTask.java:266)
10-18 18:29:17.859  3328 12579 E NowController: 	at com.google.android.apps.gsa.shared.util.concurrent.b.g.run(Unknown Source:4)
10-18 18:29:17.859  3328 12579 E NowController: 	at com.google.android.apps.gsa.shared.util.concurrent.b.aw.run(SourceFile:4)
10-18 18:29:17.859  3328 12579 E NowController: 	at com.google.android.apps.gsa.shared.util.concurrent.b.aw.run(SourceFile:4)
10-18 18:29:17.859  3328 12579 E NowController: 	at java.util.concurrent.ThreadPoolExecutor.runWorker(ThreadPoolExecutor.java:1167)
10-18 18:29:17.859  3328 12579 E NowController: 	at java.util.concurrent.ThreadPoolExecutor$Worker.run(ThreadPoolExecutor.java:641)
10-18 18:29:17.859  3328 12579 E NowController: 	at java.lang.Thread.run(Thread.java:764)
10-18 18:29:17.859  3328 12579 E NowController: 	at com.google.android.apps.gsa.shared.util.concurrent.b.i.run(SourceFile:6)
10-18 18:29:17.859  3328 12579 E NowController: Caused by: com.google.android.apps.gsa.sidekick.main.h.n: Could not complete scheduled request to refresh entries. ClientErrorCode: 3
10-18 18:29:17.859  3328 12579 E NowController: 	at com.google.android.apps.gsa.staticplugins.nowstream.b.a.ar.az(Unknown Source:4)
10-18 18:29:17.859  3328 12579 E NowController: 	at com.google.common.util.concurrent.q.ap(SourceFile:7)
10-18 18:29:17.859  3328 12579 E NowController: 	at com.google.common.util.concurrent.p.run(SourceFile:32)
10-18 18:29:17.859  3328 12579 E NowController: 	at com.google.common.util.concurrent.bt.execute(SourceFile:3)
10-18 18:29:17.859  3328 12579 E NowController: 	at com.google.common.util.concurrent.d.b(SourceFile:275)
10-18 18:29:17.859  3328 12579 E NowController: 	at com.google.common.util.concurrent.d.addListener(SourceFile:135)
10-18 18:29:17.859  3328 12579 E NowController: 	at com.google.common.util.concurrent.p.b(SourceFile:3)
10-18 18:29:17.859  3328 12579 E NowController: 	at com.google.android.apps.gsa.shared.util.concurrent.h.a(SourceFile:16)
10-18 18:29:17.859  3328 12579 E NowController: 	at com.google.android.apps.gsa.shared.util.concurrent.h.a(SourceFile:13)
10-18 18:29:17.859  3328 12579 E NowController: 	at com.google.android.apps.gsa.staticplugins.nowstream.b.a.be.cbB(SourceFile:47)
10-18 18:29:17.859  3328 12579 E NowController: 	... 14 more
10-18 18:29:17.867  3328  3328 I StreamRenderer: maybeRegisterNowCardsScope(nowcards--4059495791664856211, com.google.android.sidekick.shared.remoteapi.CardRenderingContext@a5e6eb)
10-18 18:29:17.871  2217  2526 D EGL_emulation: eglMakeCurrent: 0xe1c05720: ver 2 0 (tinfo 0xe1c03530)
10-18 18:29:17.876  2217  2526 I chatty  : uid=10039(com.android.systemui) RenderThread identical 1 line
10-18 18:29:17.891  2217  2526 D EGL_emulation: eglMakeCurrent: 0xe1c05720: ver 2 0 (tinfo 0xe1c03530)
10-18 18:29:17.893  3328  3328 I StreamController: cleanUpControllerScope(nowcards--4059495791664856211)
10-18 18:29:17.893  3328  3328 I StreamController: registerScope: nowcards-5463611204348267784
10-18 18:29:17.898  3328  3328 I StreamRenderer: cleanUpRendererScope(nowcards--4059495791664856211)
10-18 18:29:17.898  3328  3328 I StreamRenderer: maybeRegisterNowCardsScope(nowcards-5463611204348267784, com.google.android.sidekick.shared.remoteapi.CardRenderingContext@3c1b397)
10-18 18:29:17.900  2217  2526 D EGL_emulation: eglMakeCurrent: 0xe1c05720: ver 2 0 (tinfo 0xe1c03530)
10-18 18:29:17.932  2217  2526 D EGL_emulation: eglMakeCurrent: 0xe1c05720: ver 2 0 (tinfo 0xe1c03530)
10-18 18:29:17.944  3328  3328 I MicroDetectionWorker: #startMicroDetector [speakerMode: 0]
10-18 18:29:17.944  3328  3328 I AudioController: Using mInputStreamFactoryBuilder
10-18 18:29:17.944  3328  3328 I AudioController: Created new AudioSource
10-18 18:29:17.946  3328  3328 I MicroDetectionWorker: onReady
10-18 18:29:17.947  2026  4891 I GnssLocationProvider: WakeLock acquired by sendMessage(SET_REQUEST, 0, com.android.server.location.GnssLocationProvider$GpsRequest@ab2647d)
10-18 18:29:17.948  2026  2160 I GnssLocationProvider: WakeLock acquired by sendMessage(REPORT_SV_STATUS, 0, com.android.server.location.GnssLocationProvider$SvStatusInfo@e410f72)
10-18 18:29:17.948  2026  2160 I GnssLocationProvider: WakeLock acquired by sendMessage(REPORT_LOCATION, 1, Location[gps 37.421998,-122.084000 hAcc=20 et=?!? alt=5.0 vel=0.0 bear=0.0 vAcc=??? sAcc=??? bAcc=???])
10-18 18:29:17.948  2026  2048 I GnssLocationProvider: WakeLock released by handleMessage(SET_REQUEST, 0, com.android.server.location.GnssLocationProvider$GpsRequest@ab2647d)
10-18 18:29:17.948  2026  2048 I GnssLocationProvider: WakeLock released by handleMessage(REPORT_SV_STATUS, 0, com.android.server.location.GnssLocationProvider$SvStatusInfo@e410f72)
10-18 18:29:17.949  2026  2160 I GnssLocationProvider: WakeLock acquired by sendMessage(REPORT_SV_STATUS, 0, com.android.server.location.GnssLocationProvider$SvStatusInfo@8947fc3)
10-18 18:29:17.949  2026  2048 I GnssLocationProvider: WakeLock released by handleMessage(REPORT_LOCATION, 1, Location[gps 37.421998,-122.084000 hAcc=20 et=+2h32m41s928ms alt=5.0 vel=0.0 bear=0.0 vAcc=??? sAcc=??? bAcc=??? {Bundle[{satellites=0, maxCn0=0, meanCn0=0}]}])
10-18 18:29:17.960  2217  2526 D EGL_emulation: eglMakeCurrent: 0xe1c05720: ver 2 0 (tinfo 0xe1c03530)
10-18 18:29:17.964  3361  3381 I s.nexuslaunche: NativeAlloc concurrent copying GC freed 1059(124KB) AllocSpace objects, 2(104KB) LOS objects, 40% free, 8MB/14MB, paused 35.441ms total 49.266ms
10-18 18:29:17.964  3361  3379 W System  : A resource failed to call release. 
10-18 18:29:17.964  3361  3379 W System  : A resource failed to call release. 
10-18 18:29:17.973  3328 12590 I MicroRecognitionRunner: Starting detection.
10-18 18:29:17.973  3328 12581 I MicrophoneInputStream: mic_starting  SR : 16000 CC : 16 SO : 6
10-18 18:29:17.975  2026  2048 I GnssLocationProvider: WakeLock released by handleMessage(REPORT_SV_STATUS, 0, com.android.server.location.GnssLocationProvider$SvStatusInfo@8947fc3)
10-18 18:29:17.983  3328  3344 I earchbox:searc: Background concurrent copying GC freed 49110(1822KB) AllocSpace objects, 0(0B) LOS objects, 36% free, 10MB/16MB, paused 9.825ms total 83.781ms
10-18 18:29:17.984  1657  1657 E         : Request requires android.permission.RECORD_AUDIO
10-18 18:29:17.984  1657  1657 E AudioPolicyIntefaceImpl: getInputForAttr permission denied: recording not allowed for uid 10040 pid 3328
10-18 18:29:17.984  1657  1657 E AudioFlinger: createRecord() checkRecordThread_l failed
10-18 18:29:17.985  3328 12581 E IAudioFlinger: createRecord returned error -22
10-18 18:29:17.985  3328 12581 E AudioRecord: AudioFlinger could not create record track, status: -22
10-18 18:29:17.985  3328 12581 E AudioRecord-JNI: Error creating AudioRecord instance: initialization check failed with status -22.
10-18 18:29:17.985  3328 12581 E android.media.AudioRecord: Error code -20 when initializing native AudioRecord object.
10-18 18:29:17.985  3328 12581 I MicrophoneInputStream: mic_started  SR : 16000 CC : 16 SO : 6
10-18 18:29:17.992  3328 12581 E ActivityThread: Failed to find provider info for com.google.android.apps.gsa.testing.ui.audio.recorded
10-18 18:29:17.995  3328 12590 W SpeechLevelGenerator: Really low audio levels detected. The audio input may have issues.
10-18 18:29:18.000  3328  3328 I MicroDetectionWorker: onReady
10-18 18:29:18.001  2171  3129 E ModuleIdSetter: exception when setting module id
10-18 18:29:18.001  2171  3129 E ModuleIdSetter: java.lang.IllegalStateException: Unable to get current module info in ModuleManager created with non-module Context
10-18 18:29:18.001  2171  3129 E ModuleIdSetter: 	at com.google.android.chimera.config.ModuleManager.getCurrentModule(:com.google.android.gms@202414022@20.24.14 (040700-319035315):2)
10-18 18:29:18.001  2171  3129 E ModuleIdSetter: 	at aewd.a(:com.google.android.gms@202414022@20.24.14 (040700-319035315):4)
10-18 18:29:18.001  2171  3129 E ModuleIdSetter: 	at aewg.b(:com.google.android.gms@202414022@20.24.14 (040700-319035315):9)
10-18 18:29:18.001  2171  3129 E ModuleIdSetter: 	at aeso.a(Unknown Source:0)
10-18 18:29:18.001  2171  3129 E ModuleIdSetter: 	at rpm.a(:com.google.android.gms@202414022@20.24.14 (040700-319035315):0)
10-18 18:29:18.001  2171  3129 E ModuleIdSetter: 	at rlv.c(:com.google.android.gms@202414022@20.24.14 (040700-319035315):1)
10-18 18:29:18.001  2171  3129 E ModuleIdSetter: 	at rlt.b(:com.google.android.gms@202414022@20.24.14 (040700-319035315):1)
10-18 18:29:18.001  2171  3129 E ModuleIdSetter: 	at rok.b(:com.google.android.gms@202414022@20.24.14 (040700-319035315):6)
10-18 18:29:18.001  2171  3129 E ModuleIdSetter: 	at rok.c(:com.google.android.gms@202414022@20.24.14 (040700-319035315):6)
10-18 18:29:18.001  2171  3129 E ModuleIdSetter: 	at rok.a(:com.google.android.gms@202414022@20.24.14 (040700-319035315):63)
10-18 18:29:18.001  2171  3129 E ModuleIdSetter: 	at roo.handleMessage(:com.google.android.gms@202414022@20.24.14 (040700-319035315):71)
10-18 18:29:18.001  2171  3129 E ModuleIdSetter: 	at android.os.Handler.dispatchMessage(Handler.java:102)
10-18 18:29:18.001  2171  3129 E ModuleIdSetter: 	at aekz.a(:com.google.android.gms@202414022@20.24.14 (040700-319035315):2)
10-18 18:29:18.001  2171  3129 E ModuleIdSetter: 	at aekz.dispatchMessage(:com.google.android.gms@202414022@20.24.14 (040700-319035315):14)
10-18 18:29:18.001  2171  3129 E ModuleIdSetter: 	at android.os.Looper.loop(Looper.java:193)
10-18 18:29:18.001  2171  3129 E ModuleIdSetter: 	at android.os.HandlerThread.run(HandlerThread.java:65)
10-18 18:29:18.001  3328 12581 I MicrophoneInputStream: mic_close  SR : 16000 CC : 16 SO : 6
10-18 18:29:18.002  2217  2526 D EGL_emulation: eglMakeCurrent: 0xe1c05720: ver 2 0 (tinfo 0xe1c03530)
10-18 18:29:18.002  3328 12590 I MicroRecognitionRunner: Detection finished
10-18 18:29:18.007  3328 12590 W ErrorReporter: reportError [type: 211, code: 524300]: Error reading from input stream
10-18 18:29:18.008  3328  3691 I MicroRecognitionRunner: Stopping hotword detection.
10-18 18:29:18.008  3328 12590 W ErrorProcessor: onFatalError, processing error from engine(4)
10-18 18:29:18.008  3328 12590 W ErrorProcessor: com.google.android.apps.gsa.shared.speech.b.g: Error reading from input stream
10-18 18:29:18.008  3328 12590 W ErrorProcessor: 	at com.google.android.apps.gsa.staticplugins.microdetection.d.k.a(SourceFile:91)
10-18 18:29:18.008  3328 12590 W ErrorProcessor: 	at com.google.android.apps.gsa.staticplugins.microdetection.d.l.run(Unknown Source:14)
10-18 18:29:18.008  3328 12590 W ErrorProcessor: 	at com.google.android.libraries.gsa.runner.a.a.b(SourceFile:32)
10-18 18:29:18.008  3328 12590 W ErrorProcessor: 	at com.google.android.libraries.gsa.runner.a.c.call(Unknown Source:4)
10-18 18:29:18.008  3328 12590 W ErrorProcessor: 	at java.util.concurrent.FutureTask.run(FutureTask.java:266)
10-18 18:29:18.008  3328 12590 W ErrorProcessor: 	at java.util.concurrent.Executors$RunnableAdapter.call(Executors.java:458)
10-18 18:29:18.008  3328 12590 W ErrorProcessor: 	at java.util.concurrent.FutureTask.run(FutureTask.java:266)
10-18 18:29:18.008  3328 12590 W ErrorProcessor: 	at com.google.android.apps.gsa.shared.util.concurrent.b.g.run(Unknown Source:4)
10-18 18:29:18.008  3328 12590 W ErrorProcessor: 	at com.google.android.apps.gsa.shared.util.concurrent.b.aw.run(SourceFile:4)
10-18 18:29:18.008  3328 12590 W ErrorProcessor: 	at com.google.android.apps.gsa.shared.util.concurrent.b.aw.run(SourceFile:4)
10-18 18:29:18.008  3328 12590 W ErrorProcessor: 	at java.util.concurrent.ThreadPoolExecutor.runWorker(ThreadPoolExecutor.java:1167)
10-18 18:29:18.008  3328 12590 W ErrorProcessor: 	at java.util.concurrent.ThreadPoolExecutor$Worker.run(ThreadPoolExecutor.java:641)
10-18 18:29:18.008  3328 12590 W ErrorProcessor: 	at java.lang.Thread.run(Thread.java:764)
10-18 18:29:18.008  3328 12590 W ErrorProcessor: 	at com.google.android.apps.gsa.shared.util.concurrent.b.i.run(SourceFile:6)
10-18 18:29:18.008  3328 12590 W ErrorProcessor: Caused by: com.google.android.apps.gsa.shared.exception.GsaIOException: Error code: 393238 | Buffer overflow, no available space.
10-18 18:29:18.008  3328 12590 W ErrorProcessor: 	at com.google.android.apps.gsa.speech.audio.Tee.j(SourceFile:103)
10-18 18:29:18.008  3328 12590 W ErrorProcessor: 	at com.google.android.apps.gsa.speech.audio.au.read(SourceFile:2)
10-18 18:29:18.008  3328 12590 W ErrorProcessor: 	at java.io.InputStream.read(InputStream.java:101)
10-18 18:29:18.008  3328 12590 W ErrorProcessor: 	at com.google.android.apps.gsa.speech.audio.ao.run(SourceFile:17)
10-18 18:29:18.008  3328 12590 W ErrorProcessor: 	at com.google.android.apps.gsa.speech.audio.an.run(SourceFile:2)
10-18 18:29:18.008  3328 12590 W ErrorProcessor: 	at java.util.concurrent.Executors$RunnableAdapter.call(Executors.java:458)
10-18 18:29:18.008  3328 12590 W ErrorProcessor: 	... 10 more
10-18 18:29:18.008  3328 12590 I AudioController: internalShutdown
10-18 18:29:18.010  3328 12588 I DeviceStateChecker: DeviceStateChecker cancelled
10-18 18:29:18.010  3328  3328 I MicroDetector: Keeping mic open: false
10-18 18:29:18.010  3328  3328 I MicroDetectionWorker: #onError(false)
10-18 18:29:18.013  2171 12623 W ctxmgr  : [AclManager] No 3 for (accnt=account#-517948760#, com.google.android.gms(10012):UserVelocityProducer, vrsn=202414022, 0, 3pPkg = null ,  3pMdlId = null ,  pid = 2171). Was: 3 for 1, account#-517948760# [CONTEXT service_id=47 ]
10-18 18:29:18.018  2171  3792 I Places  : Converted 0 out of 1 WiFi scans
10-18 18:29:18.021  2171 12521 I LogUtils: [Places]: ?: Couldn't find platform key file. [CONTEXT service_id=253 ]
10-18 18:29:18.021  2171 12517 I LogUtils: [Places]: ?: Couldn't find platform key file. [CONTEXT service_id=253 ]
10-18 18:29:18.021  2171 12521 I LogUtils: [Places]: ?: Couldn't find platform key file. [CONTEXT service_id=253 ]
10-18 18:29:18.027  2171 12517 I PlacesLogger: [PlaceInferenceEngine]: No beacon scan available - ignoring candidates. [CONTEXT service_id=253 ]
10-18 18:29:18.029  2171 12639 I LogUtils: [Places]: ?: Couldn't find platform key file. [CONTEXT service_id=253 ]
10-18 18:29:18.030  2217  2526 D EGL_emulation: eglMakeCurrent: 0xe1c05720: ver 2 0 (tinfo 0xe1c03530)
10-18 18:29:18.037  2217  2526 I chatty  : uid=10039(com.android.systemui) RenderThread identical 1 line
10-18 18:29:18.046  2217  2526 D EGL_emulation: eglMakeCurrent: 0xe1c05720: ver 2 0 (tinfo 0xe1c03530)
10-18 18:29:18.101  2171 12517 I PlacesLogger: [PlaceInferenceEngine]: No beacon scan available - ignoring candidates. [CONTEXT service_id=253 ]
10-18 18:29:18.102  2171 12640 I LogUtils: [Places]: ?: Couldn't find platform key file. [CONTEXT service_id=253 ]
10-18 18:29:18.102  2171 12640 I LogUtils: [Places]: ?: Couldn't find platform key file. [CONTEXT service_id=253 ]
10-18 18:29:18.104  2171 12623 I LogUtils: [Places]: ?: Couldn't find platform key file. [CONTEXT service_id=253 ]
10-18 18:29:18.120  2171  3792 I LogUtils: [Places]: ?: PlacesBleScanner start() with priority 2 [CONTEXT service_id=253 ]
10-18 18:29:18.120  2171  3792 I PlacesLogger: [PlaceInferenceEngine]: [anon] Changed inference mode: 1 [CONTEXT service_id=253 ]
10-18 18:29:18.120  2171  3792 I PlacesLogger: [PlaceInferenceEngine]: [account#-29786098] Changed inference mode: 1 [CONTEXT service_id=253 ]
10-18 18:29:18.135  2171  2171 E BeaconBle: Missing BluetoothAdapter [CONTEXT service_id=111 ]
10-18 18:29:18.135  2171  2171 I BeaconBle: BLE 'KK+' software access layer enabled [CONTEXT service_id=111 ]
10-18 18:29:18.144  2171  3792 I LogUtils: [Places]: ?: PlacesBleScanner stop() [CONTEXT service_id=253 ]
10-18 18:29:18.153  2171  2171 I BeaconBle: Client requested scan, settings=BleSettings [scanMode=ZERO_POWER, callbackType=ALL_MATCHES, reportDelayMillis=0, 1 filters, 0 clients, callingClientName=Places] [CONTEXT service_id=111 ]
10-18 18:29:18.153  2171  3792 I PlacesLogger: [PlaceInferenceEngine]: [anon] Changed inference mode: 1 [CONTEXT service_id=253 ]
10-18 18:29:18.153  2171  3792 I PlacesLogger: [PlaceInferenceEngine]: [account#-29786098] Changed inference mode: 1 [CONTEXT service_id=253 ]
10-18 18:29:18.153  2171  2171 I BeaconBle: Scan : No clients left, canceling alarm. [CONTEXT service_id=111 ]
10-18 18:29:18.154  2171  2171 E BeaconBle: Scan couldn't start for Places [CONTEXT service_id=111 ]
10-18 18:29:18.155  2171  2171 I BeaconBle: Scan : No clients left, canceling alarm. [CONTEXT service_id=111 ]
10-18 18:29:18.155  2171  2171 I BeaconBle: Scan canceled successfully. [CONTEXT service_id=111 ]
10-18 18:29:18.157  2171 12641 I LogUtils: [Places]: ?: Couldn't find platform key file. [CONTEXT service_id=253 ]
10-18 18:29:18.181  2171  3792 I Places  : Converted 0 out of 1 WiFi scans
10-18 18:29:18.188  2171 12623 I LogUtils: [Places]: ?: Couldn't find platform key file. [CONTEXT service_id=253 ]
10-18 18:29:18.188  2171 12639 I LogUtils: [Places]: ?: Couldn't find platform key file. [CONTEXT service_id=253 ]
10-18 18:29:18.188  2171 12641 I LogUtils: [Places]: ?: Couldn't find platform key file. [CONTEXT service_id=253 ]
10-18 18:29:18.201  2171 12640 I PlacesLogger: [PlaceInferenceEngine]: No beacon scan available - ignoring candidates. [CONTEXT service_id=253 ]
10-18 18:29:18.205  2171 12623 I LogUtils: [Places]: ?: Couldn't find platform key file. [CONTEXT service_id=253 ]
10-18 18:29:18.299  2171 12640 I PlacesLogger: [PlaceInferenceEngine]: No beacon scan available - ignoring candidates. [CONTEXT service_id=253 ]
10-18 18:29:18.303  2171 12517 I LogUtils: [Places]: ?: Couldn't find platform key file. [CONTEXT service_id=253 ]
10-18 18:29:18.332 12416 12441 D EGL_emulation: eglMakeCurrent: 0xe1cde220: ver 2 0 (tinfo 0xe1c9c9a0)
10-18 18:29:18.338 12416 12416 I MainActivity: onStop event fired
10-18 18:29:18.342  2026  6324 I OpenGLRenderer: Initialized EGL, version 1.4
10-18 18:29:18.342  2026  6324 D OpenGLRenderer: Swap behavior 1
10-18 18:29:18.342  2026  6324 D HostConnection: HostConnection::get() New Host Connection established 0xc6613730, tid 6324
10-18 18:29:18.343 12416 12416 I MainActivity: onDestroy event fired
10-18 18:29:18.343 12416 12416 E MainActivity: 'You're going to need a bigger boat.' --Brody, Jaws
10-18 18:29:18.348  1862  1888 W SurfaceFlinger: Attempting to destroy on removed layer: AppWindowToken{de932da token=Token{6b0d485 ActivityRecord{d6e95fc u0 edu.uw.ischool.qy54.activityspy/.MainActivity t47}}}#0
10-18 18:29:18.349  2026  6324 D HostConnection: HostComposition ext ANDROID_EMU_CHECKSUM_HELPER_v1 ANDROID_EMU_dma_v1 ANDROID_EMU_YUV420_888_to_NV21 ANDROID_EMU_YUV_Cache ANDROID_EMU_sync_buffer_data GL_OES_vertex_array_object GL_KHR_texture_compression_astc_ldr ANDROID_EMU_host_side_tracing ANDROID_EMU_gles_max_version_2 
10-18 18:29:18.349  2026  6324 W OpenGLRenderer: Failed to choose config with EGL_SWAP_BEHAVIOR_PRESERVED, retrying without...
10-18 18:29:18.349  2026  6324 D OpenGLRenderer: Swap behavior 0
10-18 18:29:18.366  2026  6324 D eglCodecCommon: setVertexArrayObject: set vao to 0 (0) 0 0
10-18 18:29:18.366  2026  6324 D EGL_emulation: eglCreateContext: 0xdefb00e0: maj 2 min 0 rcv 2
10-18 18:29:18.368  2026  6324 D EGL_emulation: eglMakeCurrent: 0xdefb00e0: ver 2 0 (tinfo 0xce96a330)
10-18 18:29:18.385  2171 12640 I LogUtils: [Places]: ?: Couldn't find platform key file. [CONTEXT service_id=253 ]
10-18 18:29:18.677  2026  2160 I GnssLocationProvider: WakeLock acquired by sendMessage(REPORT_SV_STATUS, 0, com.android.server.location.GnssLocationProvider$SvStatusInfo@7513c9c)
10-18 18:29:18.677  2026  2048 I GnssLocationProvider: WakeLock released by handleMessage(REPORT_SV_STATUS, 0, com.android.server.location.GnssLocationProvider$SvStatusInfo@7513c9c)
10-18 18:29:19.677  2026  2160 I GnssLocationProvider: WakeLock acquired by sendMessage(REPORT_SV_STATUS, 0, com.android.server.location.GnssLocationProvider$SvStatusInfo@ab686a5)
10-18 18:29:19.678  2026  2048 I GnssLocationProvider: WakeLock released by handleMessage(REPORT_SV_STATUS, 0, com.android.server.location.GnssLocationProvider$SvStatusInfo@ab686a5)
10-18 18:29:20.677  2026  2160 I GnssLocationProvider: WakeLock acquired by sendMessage(REPORT_SV_STATUS, 0, com.android.server.location.GnssLocationProvider$SvStatusInfo@55bca7a)
10-18 18:29:20.678  2026  2048 I GnssLocationProvider: WakeLock released by handleMessage(REPORT_SV_STATUS, 0, com.android.server.location.GnssLocationProvider$SvStatusInfo@55bca7a)
10-18 18:29:20.881  1639  1728 W audio_hw_generic: Not supplying enough data to HAL, expected position 10057237 , only wrote 9904320
10-18 18:29:21.393  2026  2170 E TaskPersister: File error accessing recents directory (directory doesn't exist?).
10-18 18:29:21.678  2026  2160 I GnssLocationProvider: WakeLock acquired by sendMessage(REPORT_SV_STATUS, 0, com.android.server.location.GnssLocationProvider$SvStatusInfo@422922b)
10-18 18:29:21.678  2026  2048 I GnssLocationProvider: WakeLock released by handleMessage(REPORT_SV_STATUS, 0, com.android.server.location.GnssLocationProvider$SvStatusInfo@422922b)
10-18 18:29:22.678  2026  2160 I GnssLocationProvider: WakeLock acquired by sendMessage(REPORT_SV_STATUS, 0, com.android.server.location.GnssLocationProvider$SvStatusInfo@3838688)
10-18 18:29:22.678  2026  2048 I GnssLocationProvider: WakeLock released by handleMessage(REPORT_SV_STATUS, 0, com.android.server.location.GnssLocationProvider$SvStatusInfo@3838688)
10-18 18:29:22.889  3328 12590 I EventLogSendingHelper: Sending log events.
10-18 18:29:23.014  3328  3328 I MicroDetectionWorker: #startMicroDetector [speakerMode: 0]
10-18 18:29:23.014  3328  3328 I AudioController: Using mInputStreamFactoryBuilder
10-18 18:29:23.014  3328  3328 I AudioController: Created new AudioSource
10-18 18:29:23.015  3328  3328 I MicroDetectionWorker: onReady
10-18 18:29:23.020  3328 12590 I MicroRecognitionRunner: Starting detection.
10-18 18:29:23.020  3328 12581 I MicrophoneInputStream: mic_starting  SR : 16000 CC : 16 SO : 6
10-18 18:29:23.021  1657  1657 E         : Request requires android.permission.RECORD_AUDIO
10-18 18:29:23.021  1657  1657 E AudioPolicyIntefaceImpl: getInputForAttr permission denied: recording not allowed for uid 10040 pid 3328
10-18 18:29:23.021  1657  1657 E AudioFlinger: createRecord() checkRecordThread_l failed
10-18 18:29:23.021  3328 12581 E IAudioFlinger: createRecord returned error -22
10-18 18:29:23.021  3328 12581 E AudioRecord: AudioFlinger could not create record track, status: -22
10-18 18:29:23.022  3328 12581 E AudioRecord-JNI: Error creating AudioRecord instance: initialization check failed with status -22.
