10-18 18:29:58.177  3328 12584 W ErrorProcessor: 	at java.util.concurrent.Executors$RunnableAdapter.call(Executors.java:458)
10-18 18:29:58.177  3328 12584 W ErrorProcessor: 	at java.util.concurrent.FutureTask.run(FutureTask.java:266)
10-18 18:29:58.177  3328 12584 W ErrorProcessor: 	at com.google.android.apps.gsa.shared.util.concurrent.b.g.run(Unknown Source:4)
10-18 18:29:58.177  3328 12584 W ErrorProcessor: 	at com.google.android.apps.gsa.shared.util.concurrent.b.aw.run(SourceFile:4)
10-18 18:29:58.177  3328 12584 W ErrorProcessor: 	at com.google.android.apps.gsa.shared.util.concurrent.b.aw.run(SourceFile:4)
10-18 18:29:58.177  3328 12584 W ErrorProcessor: 	at java.util.concurrent.ThreadPoolExecutor.runWorker(ThreadPoolExecutor.java:1167)
10-18 18:29:58.177  3328 12584 W ErrorProcessor: 	at java.util.concurrent.ThreadPoolExecutor$Worker.run(ThreadPoolExecutor.java:641)
10-18 18:29:58.177  3328 12584 W ErrorProcessor: 	at java.lang.Thread.run(Thread.java:764)
10-18 18:29:58.177  3328 12584 W ErrorProcessor: 	at com.google.android.apps.gsa.shared.util.concurrent.b.i.run(SourceFile:6)
10-18 18:29:58.177  3328 12584 W ErrorProcessor: Caused by: com.google.android.apps.gsa.shared.exception.GsaIOException: Error code: 393238 | Buffer overflow, no available space.
10-18 18:29:58.177  3328 12584 W ErrorProcessor: 	at com.google.android.apps.gsa.speech.audio.Tee.j(SourceFile:103)
10-18 18:29:58.177  3328 12584 W ErrorProcessor: 	at com.google.android.apps.gsa.speech.audio.au.read(SourceFile:2)
10-18 18:29:58.177  3328 12584 W ErrorProcessor: 	at java.io.InputStream.read(InputStream.java:101)
10-18 18:29:58.177  3328 12584 W ErrorProcessor: 	at com.google.android.apps.gsa.speech.audio.ao.run(SourceFile:17)
10-18 18:29:58.177  3328 12584 W ErrorProcessor: 	at com.google.android.apps.gsa.speech.audio.an.run(SourceFile:2)
10-18 18:29:58.177  3328 12584 W ErrorProcessor: 	at java.util.concurrent.Executors$RunnableAdapter.call(Executors.java:458)
10-18 18:29:58.177  3328 12584 W ErrorProcessor: 	... 10 more
10-18 18:29:58.177  3328 12584 I AudioController: internalShutdown
10-18 18:29:58.178  3328  3328 I MicroDetector: Keeping mic open: false
10-18 18:29:58.178  3328  3328 I MicroDetectionWorker: #onError(false)
10-18 18:29:58.178  3328 12590 I DeviceStateChecker: DeviceStateChecker cancelled
10-18 18:29:58.678  2026  2160 I GnssLocationProvider: WakeLock acquired by sendMessage(REPORT_SV_STATUS, 0, com.android.server.location.GnssLocationProvider$SvStatusInfo@cb01939)
10-18 18:29:58.679  2026  2048 I GnssLocationProvider: WakeLock released by handleMessage(REPORT_SV_STATUS, 0, com.android.server.location.GnssLocationProvider$SvStatusInfo@cb01939)
10-18 18:29:59.678  2026  2160 I GnssLocationProvider: WakeLock acquired by sendMessage(REPORT_SV_STATUS, 0, com.android.server.location.GnssLocationProvider$SvStatusInfo@9c04b7e)
10-18 18:29:59.679  2026  2048 I GnssLocationProvider: WakeLock released by handleMessage(REPORT_SV_STATUS, 0, com.android.server.location.GnssLocationProvider$SvStatusInfo@9c04b7e)
10-18 18:30:00.028  1895  1905 D hwcomposer: hw_composer sent 258 syncs in 60s
10-18 18:30:00.679  2026  2160 I GnssLocationProvider: WakeLock acquired by sendMessage(REPORT_SV_STATUS, 0, com.android.server.location.GnssLocationProvider$SvStatusInfo@2e0d92c)
10-18 18:30:00.679  2026  2048 I GnssLocationProvider: WakeLock released by handleMessage(REPORT_SV_STATUS, 0, com.android.server.location.GnssLocationProvider$SvStatusInfo@2e0d92c)
10-18 18:30:01.679  2026  2160 I GnssLocationProvider: WakeLock acquired by sendMessage(REPORT_SV_STATUS, 0, com.android.server.location.GnssLocationProvider$SvStatusInfo@ff00ff5)
10-18 18:30:01.679  2026  2048 I GnssLocationProvider: WakeLock released by handleMessage(REPORT_SV_STATUS, 0, com.android.server.location.GnssLocationProvider$SvStatusInfo@ff00ff5)
10-18 18:30:02.678  2026  2160 I GnssLocationProvider: WakeLock acquired by sendMessage(REPORT_SV_STATUS, 0, com.android.server.location.GnssLocationProvider$SvStatusInfo@a91a18a)
10-18 18:30:02.679  2026  2048 I GnssLocationProvider: WakeLock released by handleMessage(REPORT_SV_STATUS, 0, com.android.server.location.GnssLocationProvider$SvStatusInfo@a91a18a)
10-18 18:30:03.184  3328  3328 I MicroDetectionWorker: #startMicroDetector [speakerMode: 0]
10-18 18:30:03.184  3328  3328 I AudioController: Using mInputStreamFactoryBuilder
10-18 18:30:03.184  3328  3328 I AudioController: Created new AudioSource
10-18 18:30:03.185  3328  3328 I MicroDetectionWorker: onReady
10-18 18:30:03.207  3328 12590 I MicroRecognitionRunner: Starting detection.
10-18 18:30:03.207  3328 12581 I MicrophoneInputStream: mic_starting  SR : 16000 CC : 16 SO : 6
10-18 18:30:03.208  1657  1657 E         : Request requires android.permission.RECORD_AUDIO
10-18 18:30:03.208  1657  1657 E AudioPolicyIntefaceImpl: getInputForAttr permission denied: recording not allowed for uid 10040 pid 3328
10-18 18:30:03.208  1657  1657 E AudioFlinger: createRecord() checkRecordThread_l failed
10-18 18:30:03.208  3328 12581 E IAudioFlinger: createRecord returned error -22
10-18 18:30:03.208  3328 12581 E AudioRecord: AudioFlinger could not create record track, status: -22
10-18 18:30:03.208  3328 12581 E AudioRecord-JNI: Error creating AudioRecord instance: initialization check failed with status -22.
10-18 18:30:03.208  3328 12581 E android.media.AudioRecord: Error code -20 when initializing native AudioRecord object.
10-18 18:30:03.209  3328 12581 I MicrophoneInputStream: mic_started  SR : 16000 CC : 16 SO : 6
10-18 18:30:03.209  3328  3328 I MicroDetectionWorker: onReady
10-18 18:30:03.213  3328 12581 I MicrophoneInputStream: mic_close  SR : 16000 CC : 16 SO : 6
10-18 18:30:03.213  3328 12590 I MicroRecognitionRunner: Detection finished
10-18 18:30:03.213  3328 12590 W ErrorReporter: reportError [type: 211, code: 524300]: Error reading from input stream
10-18 18:30:03.214  3328  3691 I MicroRecognitionRunner: Stopping hotword detection.
10-18 18:30:03.214  3328 12590 W ErrorProcessor: onFatalError, processing error from engine(4)
10-18 18:30:03.214  3328 12590 W ErrorProcessor: com.google.android.apps.gsa.shared.speech.b.g: Error reading from input stream
10-18 18:30:03.214  3328 12590 W ErrorProcessor: 	at com.google.android.apps.gsa.staticplugins.microdetection.d.k.a(SourceFile:91)
10-18 18:30:03.214  3328 12590 W ErrorProcessor: 	at com.google.android.apps.gsa.staticplugins.microdetection.d.l.run(Unknown Source:14)
10-18 18:30:03.214  3328 12590 W ErrorProcessor: 	at com.google.android.libraries.gsa.runner.a.a.b(SourceFile:32)
10-18 18:30:03.214  3328 12590 W ErrorProcessor: 	at com.google.android.libraries.gsa.runner.a.c.call(Unknown Source:4)
10-18 18:30:03.214  3328 12590 W ErrorProcessor: 	at java.util.concurrent.FutureTask.run(FutureTask.java:266)
10-18 18:30:03.214  3328 12590 W ErrorProcessor: 	at java.util.concurrent.Executors$RunnableAdapter.call(Executors.java:458)
10-18 18:30:03.214  3328 12590 W ErrorProcessor: 	at java.util.concurrent.FutureTask.run(FutureTask.java:266)
10-18 18:30:03.214  3328 12590 W ErrorProcessor: 	at com.google.android.apps.gsa.shared.util.concurrent.b.g.run(Unknown Source:4)
10-18 18:30:03.214  3328 12590 W ErrorProcessor: 	at com.google.android.apps.gsa.shared.util.concurrent.b.aw.run(SourceFile:4)
10-18 18:30:03.214  3328 12590 W ErrorProcessor: 	at com.google.android.apps.gsa.shared.util.concurrent.b.aw.run(SourceFile:4)
10-18 18:30:03.214  3328 12590 W ErrorProcessor: 	at java.util.concurrent.ThreadPoolExecutor.runWorker(ThreadPoolExecutor.java:1167)
10-18 18:30:03.214  3328 12590 W ErrorProcessor: 	at java.util.concurrent.ThreadPoolExecutor$Worker.run(ThreadPoolExecutor.java:641)
10-18 18:30:03.214  3328 12590 W ErrorProcessor: 	at java.lang.Thread.run(Thread.java:764)
10-18 18:30:03.214  3328 12590 W ErrorProcessor: 	at com.google.android.apps.gsa.shared.util.concurrent.b.i.run(SourceFile:6)
10-18 18:30:03.214  3328 12590 W ErrorProcessor: Caused by: com.google.android.apps.gsa.shared.exception.GsaIOException: Error code: 393238 | Buffer overflow, no available space.
10-18 18:30:03.214  3328 12590 W ErrorProcessor: 	at com.google.android.apps.gsa.speech.audio.Tee.j(SourceFile:103)
10-18 18:30:03.214  3328 12590 W ErrorProcessor: 	at com.google.android.apps.gsa.speech.audio.au.read(SourceFile:2)
10-18 18:30:03.214  3328 12590 W ErrorProcessor: 	at java.io.InputStream.read(InputStream.java:101)
10-18 18:30:03.214  3328 12590 W ErrorProcessor: 	at com.google.android.apps.gsa.speech.audio.ao.run(SourceFile:17)
10-18 18:30:03.214  3328 12590 W ErrorProcessor: 	at com.google.android.apps.gsa.speech.audio.an.run(SourceFile:2)
10-18 18:30:03.214  3328 12590 W ErrorProcessor: 	at java.util.concurrent.Executors$RunnableAdapter.call(Executors.java:458)
10-18 18:30:03.214  3328 12590 W ErrorProcessor: 	... 10 more
10-18 18:30:03.214  3328 12590 I AudioController: internalShutdown
10-18 18:30:03.215  3328  3328 I MicroDetector: Keeping mic open: false
10-18 18:30:03.215  3328  3328 I MicroDetectionWorker: #onError(false)
10-18 18:30:03.215  3328 12584 I DeviceStateChecker: DeviceStateChecker cancelled
10-18 18:30:03.679  2026  2160 I GnssLocationProvider: WakeLock acquired by sendMessage(REPORT_SV_STATUS, 0, com.android.server.location.GnssLocationProvider$SvStatusInfo@9f603fb)
10-18 18:30:03.679  2026  2048 I GnssLocationProvider: WakeLock released by handleMessage(REPORT_SV_STATUS, 0, com.android.server.location.GnssLocationProvider$SvStatusInfo@9f603fb)
10-18 18:30:04.678  2026  2160 I GnssLocationProvider: WakeLock acquired by sendMessage(REPORT_SV_STATUS, 0, com.android.server.location.GnssLocationProvider$SvStatusInfo@2185c18)
10-18 18:30:04.679  2026  2048 I GnssLocationProvider: WakeLock released by handleMessage(REPORT_SV_STATUS, 0, com.android.server.location.GnssLocationProvider$SvStatusInfo@2185c18)
10-18 18:30:05.679  2026  2160 I GnssLocationProvider: WakeLock acquired by sendMessage(REPORT_SV_STATUS, 0, com.android.server.location.GnssLocationProvider$SvStatusInfo@84321c4)
10-18 18:30:05.679  2026  2048 I GnssLocationProvider: WakeLock released by handleMessage(REPORT_SV_STATUS, 0, com.android.server.location.GnssLocationProvider$SvStatusInfo@84321c4)
10-18 18:30:06.678  2026  2160 I GnssLocationProvider: WakeLock acquired by sendMessage(REPORT_SV_STATUS, 0, com.android.server.location.GnssLocationProvider$SvStatusInfo@a7748ad)
10-18 18:30:06.679  2026  2048 I GnssLocationProvider: WakeLock released by handleMessage(REPORT_SV_STATUS, 0, com.android.server.location.GnssLocationProvider$SvStatusInfo@a7748ad)
10-18 18:30:07.678  2026  2160 I GnssLocationProvider: WakeLock acquired by sendMessage(REPORT_SV_STATUS, 0, com.android.server.location.GnssLocationProvider$SvStatusInfo@fbcd7e2)
10-18 18:30:07.679  2026  2048 I GnssLocationProvider: WakeLock released by handleMessage(REPORT_SV_STATUS, 0, com.android.server.location.GnssLocationProvider$SvStatusInfo@fbcd7e2)
10-18 18:30:08.079  2026  4891 E memtrack: Couldn't load memtrack module
10-18 18:30:08.079  2026  4891 W android.os.Debug: failed to get memory consumption info: -1
10-18 18:30:08.221  3328  3328 I MicroDetectionWorker: #startMicroDetector [speakerMode: 0]
10-18 18:30:08.221  3328  3328 I AudioController: Using mInputStreamFactoryBuilder
10-18 18:30:08.221  3328  3328 I AudioController: Created new AudioSource
10-18 18:30:08.222  3328  3328 I MicroDetectionWorker: onReady
10-18 18:30:08.228  3328 12584 I MicroRecognitionRunner: Starting detection.
10-18 18:30:08.228  3328 12581 I MicrophoneInputStream: mic_starting  SR : 16000 CC : 16 SO : 6
10-18 18:30:08.229  1657  1657 E         : Request requires android.permission.RECORD_AUDIO
10-18 18:30:08.229  1657  1657 E AudioPolicyIntefaceImpl: getInputForAttr permission denied: recording not allowed for uid 10040 pid 3328
10-18 18:30:08.229  1657  1657 E AudioFlinger: createRecord() checkRecordThread_l failed
10-18 18:30:08.229  3328 12581 E IAudioFlinger: createRecord returned error -22
10-18 18:30:08.229  3328 12581 E AudioRecord: AudioFlinger could not create record track, status: -22
10-18 18:30:08.229  3328 12581 E AudioRecord-JNI: Error creating AudioRecord instance: initialization check failed with status -22.
10-18 18:30:08.229  3328 12581 E android.media.AudioRecord: Error code -20 when initializing native AudioRecord object.
10-18 18:30:08.229  3328 12581 I MicrophoneInputStream: mic_started  SR : 16000 CC : 16 SO : 6
10-18 18:30:08.230  3328  3328 I MicroDetectionWorker: onReady
10-18 18:30:08.236  3328 12581 I MicrophoneInputStream: mic_close  SR : 16000 CC : 16 SO : 6
10-18 18:30:08.237  3328 12584 I MicroRecognitionRunner: Detection finished
10-18 18:30:08.238  3328 12584 W ErrorReporter: reportError [type: 211, code: 524300]: Error reading from input stream
10-18 18:30:08.238  3328  3691 I MicroRecognitionRunner: Stopping hotword detection.
10-18 18:30:08.238  3328 12584 W ErrorProcessor: onFatalError, processing error from engine(4)
10-18 18:30:08.238  3328 12584 W ErrorProcessor: com.google.android.apps.gsa.shared.speech.b.g: Error reading from input stream
10-18 18:30:08.238  3328 12584 W ErrorProcessor: 	at com.google.android.apps.gsa.staticplugins.microdetection.d.k.a(SourceFile:91)
10-18 18:30:08.238  3328 12584 W ErrorProcessor: 	at com.google.android.apps.gsa.staticplugins.microdetection.d.l.run(Unknown Source:14)
10-18 18:30:08.238  3328 12584 W ErrorProcessor: 	at com.google.android.libraries.gsa.runner.a.a.b(SourceFile:32)
10-18 18:30:08.238  3328 12584 W ErrorProcessor: 	at com.google.android.libraries.gsa.runner.a.c.call(Unknown Source:4)
10-18 18:30:08.238  3328 12584 W ErrorProcessor: 	at java.util.concurrent.FutureTask.run(FutureTask.java:266)
10-18 18:30:08.238  3328 12584 W ErrorProcessor: 	at java.util.concurrent.Executors$RunnableAdapter.call(Executors.java:458)
10-18 18:30:08.238  3328 12584 W ErrorProcessor: 	at java.util.concurrent.FutureTask.run(FutureTask.java:266)
10-18 18:30:08.238  3328 12584 W ErrorProcessor: 	at com.google.android.apps.gsa.shared.util.concurrent.b.g.run(Unknown Source:4)
10-18 18:30:08.238  3328 12584 W ErrorProcessor: 	at com.google.android.apps.gsa.shared.util.concurrent.b.aw.run(SourceFile:4)
10-18 18:30:08.238  3328 12584 W ErrorProcessor: 	at com.google.android.apps.gsa.shared.util.concurrent.b.aw.run(SourceFile:4)
10-18 18:30:08.238  3328 12584 W ErrorProcessor: 	at java.util.concurrent.ThreadPoolExecutor.runWorker(ThreadPoolExecutor.java:1167)
10-18 18:30:08.238  3328 12584 W ErrorProcessor: 	at java.util.concurrent.ThreadPoolExecutor$Worker.run(ThreadPoolExecutor.java:641)
10-18 18:30:08.238  3328 12584 W ErrorProcessor: 	at java.lang.Thread.run(Thread.java:764)
10-18 18:30:08.238  3328 12584 W ErrorProcessor: 	at com.google.android.apps.gsa.shared.util.concurrent.b.i.run(SourceFile:6)
10-18 18:30:08.238  3328 12584 W ErrorProcessor: Caused by: com.google.android.apps.gsa.shared.exception.GsaIOException: Error code: 393238 | Buffer overflow, no available space.
10-18 18:30:08.238  3328 12584 W ErrorProcessor: 	at com.google.android.apps.gsa.speech.audio.Tee.j(SourceFile:103)
10-18 18:30:08.238  3328 12584 W ErrorProcessor: 	at com.google.android.apps.gsa.speech.audio.au.read(SourceFile:2)
10-18 18:30:08.238  3328 12584 W ErrorProcessor: 	at java.io.InputStream.read(InputStream.java:101)
10-18 18:30:08.238  3328 12584 W ErrorProcessor: 	at com.google.android.apps.gsa.speech.audio.ao.run(SourceFile:17)
10-18 18:30:08.238  3328 12584 W ErrorProcessor: 	at com.google.android.apps.gsa.speech.audio.an.run(SourceFile:2)
10-18 18:30:08.238  3328 12584 W ErrorProcessor: 	at java.util.concurrent.Executors$RunnableAdapter.call(Executors.java:458)
10-18 18:30:08.238  3328 12584 W ErrorProcessor: 	... 10 more
10-18 18:30:08.238  3328 12584 I AudioController: internalShutdown
10-18 18:30:08.239  3328  3328 I MicroDetector: Keeping mic open: false
10-18 18:30:08.239  3328  3328 I MicroDetectionWorker: #onError(false)
10-18 18:30:08.239  3328 12590 I DeviceStateChecker: DeviceStateChecker cancelled
10-18 18:30:08.678  2026  2160 I GnssLocationProvider: WakeLock acquired by sendMessage(REPORT_SV_STATUS, 0, com.android.server.location.GnssLocationProvider$SvStatusInfo@7faf773)
10-18 18:30:08.679  2026  2048 I GnssLocationProvider: WakeLock released by handleMessage(REPORT_SV_STATUS, 0, com.android.server.location.GnssLocationProvider$SvStatusInfo@7faf773)
10-18 18:30:09.679  2026  2160 I GnssLocationProvider: WakeLock acquired by sendMessage(REPORT_SV_STATUS, 0, com.android.server.location.GnssLocationProvider$SvStatusInfo@3329630)
10-18 18:30:09.679  2026  2048 I GnssLocationProvider: WakeLock released by handleMessage(REPORT_SV_STATUS, 0, com.android.server.location.GnssLocationProvider$SvStatusInfo@3329630)
10-18 18:30:10.678  2026  2160 I GnssLocationProvider: WakeLock acquired by sendMessage(REPORT_SV_STATUS, 0, com.android.server.location.GnssLocationProvider$SvStatusInfo@f6cc2a9)
10-18 18:30:10.679  2026  2048 I GnssLocationProvider: WakeLock released by handleMessage(REPORT_SV_STATUS, 0, com.android.server.location.GnssLocationProvider$SvStatusInfo@f6cc2a9)
10-18 18:30:11.679  2026  2160 I GnssLocationProvider: WakeLock acquired by sendMessage(REPORT_SV_STATUS, 0, com.android.server.location.GnssLocationProvider$SvStatusInfo@c54902e)
10-18 18:30:11.679  2026  2048 I GnssLocationProvider: WakeLock released by handleMessage(REPORT_SV_STATUS, 0, com.android.server.location.GnssLocationProvider$SvStatusInfo@c54902e)
10-18 18:30:12.678  2026  2160 I GnssLocationProvider: WakeLock acquired by sendMessage(REPORT_SV_STATUS, 0, com.android.server.location.GnssLocationProvider$SvStatusInfo@58397cf)
10-18 18:30:12.679  2026  2048 I GnssLocationProvider: WakeLock released by handleMessage(REPORT_SV_STATUS, 0, com.android.server.location.GnssLocationProvider$SvStatusInfo@58397cf)
10-18 18:30:13.247  3328  3328 I MicroDetectionWorker: #startMicroDetector [speakerMode: 0]
10-18 18:30:13.247  3328  3328 I AudioController: Using mInputStreamFactoryBuilder
10-18 18:30:13.247  3328  3328 I AudioController: Created new AudioSource
10-18 18:30:13.248  3328  3328 I MicroDetectionWorker: onReady
10-18 18:30:13.253  3328 12584 I MicroRecognitionRunner: Starting detection.
10-18 18:30:13.254  3328 12581 I MicrophoneInputStream: mic_starting  SR : 16000 CC : 16 SO : 6
10-18 18:30:13.254  1657  1657 E         : Request requires android.permission.RECORD_AUDIO
10-18 18:30:13.254  1657  1657 E AudioPolicyIntefaceImpl: getInputForAttr permission denied: recording not allowed for uid 10040 pid 3328
10-18 18:30:13.255  1657  1657 E AudioFlinger: createRecord() checkRecordThread_l failed
10-18 18:30:13.255  3328 12581 E IAudioFlinger: createRecord returned error -22
10-18 18:30:13.255  3328 12581 E AudioRecord: AudioFlinger could not create record track, status: -22
10-18 18:30:13.255  3328 12581 E AudioRecord-JNI: Error creating AudioRecord instance: initialization check failed with status -22.
10-18 18:30:13.255  3328 12581 E android.media.AudioRecord: Error code -20 when initializing native AudioRecord object.
10-18 18:30:13.255  3328 12581 I MicrophoneInputStream: mic_started  SR : 16000 CC : 16 SO : 6
10-18 18:30:13.256  3328  3328 I MicroDetectionWorker: onReady
10-18 18:30:13.264  3328 12581 I MicrophoneInputStream: mic_close  SR : 16000 CC : 16 SO : 6
10-18 18:30:13.264  3328 12584 I MicroRecognitionRunner: Detection finished
10-18 18:30:13.264  3328 12584 W ErrorReporter: reportError [type: 211, code: 524300]: Error reading from input stream
10-18 18:30:13.265  3328  3691 I MicroRecognitionRunner: Stopping hotword detection.
10-18 18:30:13.265  3328 12584 W ErrorProcessor: onFatalError, processing error from engine(4)
10-18 18:30:13.265  3328 12584 W ErrorProcessor: com.google.android.apps.gsa.shared.speech.b.g: Error reading from input stream
10-18 18:30:13.265  3328 12584 W ErrorProcessor: 	at com.google.android.apps.gsa.staticplugins.microdetection.d.k.a(SourceFile:91)
10-18 18:30:13.265  3328 12584 W ErrorProcessor: 	at com.google.android.apps.gsa.staticplugins.microdetection.d.l.run(Unknown Source:14)
10-18 18:30:13.265  3328 12584 W ErrorProcessor: 	at com.google.android.libraries.gsa.runner.a.a.b(SourceFile:32)
10-18 18:30:13.265  3328 12584 W ErrorProcessor: 	at com.google.android.libraries.gsa.runner.a.c.call(Unknown Source:4)
10-18 18:30:13.265  3328 12584 W ErrorProcessor: 	at java.util.concurrent.FutureTask.run(FutureTask.java:266)
10-18 18:30:13.265  3328 12584 W ErrorProcessor: 	at java.util.concurrent.Executors$RunnableAdapter.call(Executors.java:458)
10-18 18:30:13.265  3328 12584 W ErrorProcessor: 	at java.util.concurrent.FutureTask.run(FutureTask.java:266)
10-18 18:30:13.265  3328 12584 W ErrorProcessor: 	at com.google.android.apps.gsa.shared.util.concurrent.b.g.run(Unknown Source:4)
10-18 18:30:13.265  3328 12584 W ErrorProcessor: 	at com.google.android.apps.gsa.shared.util.concurrent.b.aw.run(SourceFile:4)
10-18 18:30:13.265  3328 12584 W ErrorProcessor: 	at com.google.android.apps.gsa.shared.util.concurrent.b.aw.run(SourceFile:4)
10-18 18:30:13.265  3328 12584 W ErrorProcessor: 	at java.util.concurrent.ThreadPoolExecutor.runWorker(ThreadPoolExecutor.java:1167)
10-18 18:30:13.265  3328 12584 W ErrorProcessor: 	at java.util.concurrent.ThreadPoolExecutor$Worker.run(ThreadPoolExecutor.java:641)
10-18 18:30:13.265  3328 12584 W ErrorProcessor: 	at java.lang.Thread.run(Thread.java:764)
10-18 18:30:13.265  3328 12584 W ErrorProcessor: 	at com.google.android.apps.gsa.shared.util.concurrent.b.i.run(SourceFile:6)
10-18 18:30:13.265  3328 12584 W ErrorProcessor: Caused by: com.google.android.apps.gsa.shared.exception.GsaIOException: Error code: 393238 | Buffer overflow, no available space.
10-18 18:30:13.265  3328 12584 W ErrorProcessor: 	at com.google.android.apps.gsa.speech.audio.Tee.j(SourceFile:103)
10-18 18:30:13.265  3328 12584 W ErrorProcessor: 	at com.google.android.apps.gsa.speech.audio.au.read(SourceFile:2)
10-18 18:30:13.265  3328 12584 W ErrorProcessor: 	at java.io.InputStream.read(InputStream.java:101)
10-18 18:30:13.265  3328 12584 W ErrorProcessor: 	at com.google.android.apps.gsa.speech.audio.ao.run(SourceFile:17)
10-18 18:30:13.265  3328 12584 W ErrorProcessor: 	at com.google.android.apps.gsa.speech.audio.an.run(SourceFile:2)
10-18 18:30:13.265  3328 12584 W ErrorProcessor: 	at java.util.concurrent.Executors$RunnableAdapter.call(Executors.java:458)
10-18 18:30:13.265  3328 12584 W ErrorProcessor: 	... 10 more
10-18 18:30:13.265  3328 12584 I AudioController: internalShutdown
10-18 18:30:13.266  3328  3328 I MicroDetector: Keeping mic open: false
10-18 18:30:13.266  3328 12590 I DeviceStateChecker: DeviceStateChecker cancelled
10-18 18:30:13.266  3328  3328 I MicroDetectionWorker: #onError(false)
10-18 18:30:13.678  2026  2160 I GnssLocationProvider: WakeLock acquired by sendMessage(REPORT_SV_STATUS, 0, com.android.server.location.GnssLocationProvider$SvStatusInfo@a62e55c)
10-18 18:30:13.679  2026  2048 I GnssLocationProvider: WakeLock released by handleMessage(REPORT_SV_STATUS, 0, com.android.server.location.GnssLocationProvider$SvStatusInfo@a62e55c)
10-18 18:30:14.679  2026  2160 I GnssLocationProvider: WakeLock acquired by sendMessage(REPORT_SV_STATUS, 0, com.android.server.location.GnssLocationProvider$SvStatusInfo@f25e065)
10-18 18:30:14.679  2026  2048 I GnssLocationProvider: WakeLock released by handleMessage(REPORT_SV_STATUS, 0, com.android.server.location.GnssLocationProvider$SvStatusInfo@f25e065)
10-18 18:30:15.679  2026  2160 I GnssLocationProvider: WakeLock acquired by sendMessage(REPORT_SV_STATUS, 0, com.android.server.location.GnssLocationProvider$SvStatusInfo@9d813a)
10-18 18:30:15.679  2026  2048 I GnssLocationProvider: WakeLock released by handleMessage(REPORT_SV_STATUS, 0, com.android.server.location.GnssLocationProvider$SvStatusInfo@9d813a)
10-18 18:30:16.679  2026  2160 I GnssLocationProvider: WakeLock acquired by sendMessage(REPORT_SV_STATUS, 0, com.android.server.location.GnssLocationProvider$SvStatusInfo@d4be1eb)
10-18 18:30:16.679  2026  2048 I GnssLocationProvider: WakeLock released by handleMessage(REPORT_SV_STATUS, 0, com.android.server.location.GnssLocationProvider$SvStatusInfo@d4be1eb)
10-18 18:30:17.679  2026  2160 I GnssLocationProvider: WakeLock acquired by sendMessage(REPORT_SV_STATUS, 0, com.android.server.location.GnssLocationProvider$SvStatusInfo@ee6fb48)
10-18 18:30:17.679  2026  2048 I GnssLocationProvider: WakeLock released by handleMessage(REPORT_SV_STATUS, 0, com.android.server.location.GnssLocationProvider$SvStatusInfo@ee6fb48)
10-18 18:30:18.272  3328  3328 I MicroDetectionWorker: #startMicroDetector [speakerMode: 0]
10-18 18:30:18.272  3328  3328 I AudioController: Using mInputStreamFactoryBuilder
10-18 18:30:18.272  3328  3328 I AudioController: Created new AudioSource
10-18 18:30:18.273  3328  3328 I MicroDetectionWorker: onReady
10-18 18:30:18.279  3328 12590 I MicroRecognitionRunner: Starting detection.
10-18 18:30:18.281  3328 12581 I MicrophoneInputStream: mic_starting  SR : 16000 CC : 16 SO : 6
10-18 18:30:18.289  1657  1657 E         : Request requires android.permission.RECORD_AUDIO
10-18 18:30:18.289  1657  1657 E AudioPolicyIntefaceImpl: getInputForAttr permission denied: recording not allowed for uid 10040 pid 3328
10-18 18:30:18.289  1657  1657 E AudioFlinger: createRecord() checkRecordThread_l failed
10-18 18:30:18.289  3328 12581 E IAudioFlinger: createRecord returned error -22
10-18 18:30:18.289  3328 12581 E AudioRecord: AudioFlinger could not create record track, status: -22
10-18 18:30:18.289  3328 12581 E AudioRecord-JNI: Error creating AudioRecord instance: initialization check failed with status -22.
10-18 18:30:18.289  3328 12581 E android.media.AudioRecord: Error code -20 when initializing native AudioRecord object.
10-18 18:30:18.289  3328 12581 I MicrophoneInputStream: mic_started  SR : 16000 CC : 16 SO : 6
10-18 18:30:18.290  3328  3328 I MicroDetectionWorker: onReady
10-18 18:30:18.302  3328 12581 I MicrophoneInputStream: mic_close  SR : 16000 CC : 16 SO : 6
10-18 18:30:18.302  3328 12590 I MicroRecognitionRunner: Detection finished
10-18 18:30:18.302  3328 12590 W ErrorReporter: reportError [type: 211, code: 524300]: Error reading from input stream
10-18 18:30:18.303  3328  3691 I MicroRecognitionRunner: Stopping hotword detection.
10-18 18:30:18.303  3328 12590 W ErrorProcessor: onFatalError, processing error from engine(4)
10-18 18:30:18.303  3328 12590 W ErrorProcessor: com.google.android.apps.gsa.shared.speech.b.g: Error reading from input stream
10-18 18:30:18.303  3328 12590 W ErrorProcessor: 	at com.google.android.apps.gsa.staticplugins.microdetection.d.k.a(SourceFile:91)
10-18 18:30:18.303  3328 12590 W ErrorProcessor: 	at com.google.android.apps.gsa.staticplugins.microdetection.d.l.run(Unknown Source:14)
10-18 18:30:18.303  3328 12590 W ErrorProcessor: 	at com.google.android.libraries.gsa.runner.a.a.b(SourceFile:32)
10-18 18:30:18.303  3328 12590 W ErrorProcessor: 	at com.google.android.libraries.gsa.runner.a.c.call(Unknown Source:4)
10-18 18:30:18.303  3328 12590 W ErrorProcessor: 	at java.util.concurrent.FutureTask.run(FutureTask.java:266)
10-18 18:30:18.303  3328 12590 W ErrorProcessor: 	at java.util.concurrent.Executors$RunnableAdapter.call(Executors.java:458)
10-18 18:30:18.303  3328 12590 W ErrorProcessor: 	at java.util.concurrent.FutureTask.run(FutureTask.java:266)
10-18 18:30:18.303  3328 12590 W ErrorProcessor: 	at com.google.android.apps.gsa.shared.util.concurrent.b.g.run(Unknown Source:4)
10-18 18:30:18.303  3328 12590 W ErrorProcessor: 	at com.google.android.apps.gsa.shared.util.concurrent.b.aw.run(SourceFile:4)
10-18 18:30:18.303  3328 12590 W ErrorProcessor: 	at com.google.android.apps.gsa.shared.util.concurrent.b.aw.run(SourceFile:4)
10-18 18:30:18.303  3328 12590 W ErrorProcessor: 	at java.util.concurrent.ThreadPoolExecutor.runWorker(ThreadPoolExecutor.java:1167)
10-18 18:30:18.303  3328 12590 W ErrorProcessor: 	at java.util.concurrent.ThreadPoolExecutor$Worker.run(ThreadPoolExecutor.java:641)
10-18 18:30:18.303  3328 12590 W ErrorProcessor: 	at java.lang.Thread.run(Thread.java:764)
10-18 18:30:18.303  3328 12590 W ErrorProcessor: 	at com.google.android.apps.gsa.shared.util.concurrent.b.i.run(SourceFile:6)
10-18 18:30:18.303  3328 12590 W ErrorProcessor: Caused by: com.google.android.apps.gsa.shared.exception.GsaIOException: Error code: 393238 | Buffer overflow, no available space.
10-18 18:30:18.303  3328 12590 W ErrorProcessor: 	at com.google.android.apps.gsa.speech.audio.Tee.j(SourceFile:103)
10-18 18:30:18.303  3328 12590 W ErrorProcessor: 	at com.google.android.apps.gsa.speech.audio.au.read(SourceFile:2)
10-18 18:30:18.303  3328 12590 W ErrorProcessor: 	at java.io.InputStream.read(InputStream.java:101)
10-18 18:30:18.303  3328 12590 W ErrorProcessor: 	at com.google.android.apps.gsa.speech.audio.ao.run(SourceFile:17)
10-18 18:30:18.303  3328 12590 W ErrorProcessor: 	at com.google.android.apps.gsa.speech.audio.an.run(SourceFile:2)
10-18 18:30:18.303  3328 12590 W ErrorProcessor: 	at java.util.concurrent.Executors$RunnableAdapter.call(Executors.java:458)
10-18 18:30:18.303  3328 12590 W ErrorProcessor: 	... 10 more
10-18 18:30:18.303  3328 12590 I AudioController: internalShutdown
10-18 18:30:18.304  3328  3328 I MicroDetector: Keeping mic open: false
10-18 18:30:18.304  3328  3328 I MicroDetectionWorker: #onError(false)
10-18 18:30:18.304  3328 12584 I DeviceStateChecker: DeviceStateChecker cancelled
10-18 18:30:18.678  2026  2160 I GnssLocationProvider: WakeLock acquired by sendMessage(REPORT_SV_STATUS, 0, com.android.server.location.GnssLocationProvider$SvStatusInfo@a991de1)
10-18 18:30:18.679  2026  2048 I GnssLocationProvider: WakeLock released by handleMessage(REPORT_SV_STATUS, 0, com.android.server.location.GnssLocationProvider$SvStatusInfo@a991de1)
10-18 18:30:19.679  2026  2160 I GnssLocationProvider: WakeLock acquired by sendMessage(REPORT_SV_STATUS, 0, com.android.server.location.GnssLocationProvider$SvStatusInfo@7527706)
10-18 18:30:19.679  2026  2048 I GnssLocationProvider: WakeLock released by handleMessage(REPORT_SV_STATUS, 0, com.android.server.location.GnssLocationProvider$SvStatusInfo@7527706)
10-18 18:30:20.679  2026  2160 I GnssLocationProvider: WakeLock acquired by sendMessage(REPORT_SV_STATUS, 0, com.android.server.location.GnssLocationProvider$SvStatusInfo@304b1c7)
10-18 18:30:20.679  2026  2048 I GnssLocationProvider: WakeLock released by handleMessage(REPORT_SV_STATUS, 0, com.android.server.location.GnssLocationProvider$SvStatusInfo@304b1c7)
10-18 18:30:21.678  2026  2160 I GnssLocationProvider: WakeLock acquired by sendMessage(REPORT_SV_STATUS, 0, com.android.server.location.GnssLocationProvider$SvStatusInfo@a0efd92)
10-18 18:30:21.679  2026  2048 I GnssLocationProvider: WakeLock released by handleMessage(REPORT_SV_STATUS, 0, com.android.server.location.GnssLocationProvider$SvStatusInfo@a0efd92)
10-18 18:30:22.679  2026  2160 I GnssLocationProvider: WakeLock acquired by sendMessage(REPORT_SV_STATUS, 0, com.android.server.location.GnssLocationProvider$SvStatusInfo@a90a363)
10-18 18:30:22.679  2026  2048 I GnssLocationProvider: WakeLock released by handleMessage(REPORT_SV_STATUS, 0, com.android.server.location.GnssLocationProvider$SvStatusInfo@a90a363)
10-18 18:30:23.310  3328  3328 I MicroDetectionWorker: #startMicroDetector [speakerMode: 0]
10-18 18:30:23.310  3328  3328 I AudioController: Using mInputStreamFactoryBuilder
10-18 18:30:23.310  3328  3328 I AudioController: Created new AudioSource
10-18 18:30:23.311  3328  3328 I MicroDetectionWorker: onReady
10-18 18:30:23.317  3328 12584 I MicroRecognitionRunner: Starting detection.
10-18 18:30:23.317  3328 12581 I MicrophoneInputStream: mic_starting  SR : 16000 CC : 16 SO : 6
10-18 18:30:23.318  1657  1657 E         : Request requires android.permission.RECORD_AUDIO
10-18 18:30:23.318  1657  1657 E AudioPolicyIntefaceImpl: getInputForAttr permission denied: recording not allowed for uid 10040 pid 3328
10-18 18:30:23.318  1657  1657 E AudioFlinger: createRecord() checkRecordThread_l failed
10-18 18:30:23.318  3328 12581 E IAudioFlinger: createRecord returned error -22
10-18 18:30:23.318  3328 12581 E AudioRecord: AudioFlinger could not create record track, status: -22
10-18 18:30:23.319  3328 12581 E AudioRecord-JNI: Error creating AudioRecord instance: initialization check failed with status -22.
10-18 18:30:23.319  3328 12581 E android.media.AudioRecord: Error code -20 when initializing native AudioRecord object.
10-18 18:30:23.319  3328 12581 I MicrophoneInputStream: mic_started  SR : 16000 CC : 16 SO : 6
10-18 18:30:23.320  3328  3328 I MicroDetectionWorker: onReady
10-18 18:30:23.328  3328 12581 I MicrophoneInputStream: mic_close  SR : 16000 CC : 16 SO : 6
10-18 18:30:23.328  3328 12584 I MicroRecognitionRunner: Detection finished
10-18 18:30:23.328  3328 12584 W ErrorReporter: reportError [type: 211, code: 524300]: Error reading from input stream
10-18 18:30:23.330  3328  3691 I MicroRecognitionRunner: Stopping hotword detection.
10-18 18:30:23.330  3328 12584 W ErrorProcessor: onFatalError, processing error from engine(4)
10-18 18:30:23.330  3328 12584 W ErrorProcessor: com.google.android.apps.gsa.shared.speech.b.g: Error reading from input stream
10-18 18:30:23.330  3328 12584 W ErrorProcessor: 	at com.google.android.apps.gsa.staticplugins.microdetection.d.k.a(SourceFile:91)
10-18 18:30:23.330  3328 12584 W ErrorProcessor: 	at com.google.android.apps.gsa.staticplugins.microdetection.d.l.run(Unknown Source:14)
10-18 18:30:23.330  3328 12584 W ErrorProcessor: 	at com.google.android.libraries.gsa.runner.a.a.b(SourceFile:32)
10-18 18:30:23.330  3328 12584 W ErrorProcessor: 	at com.google.android.libraries.gsa.runner.a.c.call(Unknown Source:4)
10-18 18:30:23.330  3328 12584 W ErrorProcessor: 	at java.util.concurrent.FutureTask.run(FutureTask.java:266)
10-18 18:30:23.330  3328 12584 W ErrorProcessor: 	at java.util.concurrent.Executors$RunnableAdapter.call(Executors.java:458)
10-18 18:30:23.330  3328 12584 W ErrorProcessor: 	at java.util.concurrent.FutureTask.run(FutureTask.java:266)
10-18 18:30:23.330  3328 12584 W ErrorProcessor: 	at com.google.android.apps.gsa.shared.util.concurrent.b.g.run(Unknown Source:4)
10-18 18:30:23.330  3328 12584 W ErrorProcessor: 	at com.google.android.apps.gsa.shared.util.concurrent.b.aw.run(SourceFile:4)
10-18 18:30:23.330  3328 12584 W ErrorProcessor: 	at com.google.android.apps.gsa.shared.util.concurrent.b.aw.run(SourceFile:4)
10-18 18:30:23.330  3328 12584 W ErrorProcessor: 	at java.util.concurrent.ThreadPoolExecutor.runWorker(ThreadPoolExecutor.java:1167)
10-18 18:30:23.330  3328 12584 W ErrorProcessor: 	at java.util.concurrent.ThreadPoolExecutor$Worker.run(ThreadPoolExecutor.java:641)
10-18 18:30:23.330  3328 12584 W ErrorProcessor: 	at java.lang.Thread.run(Thread.java:764)
10-18 18:30:23.330  3328 12584 W ErrorProcessor: 	at com.google.android.apps.gsa.shared.util.concurrent.b.i.run(SourceFile:6)
10-18 18:30:23.330  3328 12584 W ErrorProcessor: Caused by: com.google.android.apps.gsa.shared.exception.GsaIOException: Error code: 393238 | Buffer overflow, no available space.
10-18 18:30:23.330  3328 12584 W ErrorProcessor: 	at com.google.android.apps.gsa.speech.audio.Tee.j(SourceFile:103)
10-18 18:30:23.330  3328 12584 W ErrorProcessor: 	at com.google.android.apps.gsa.speech.audio.au.read(SourceFile:2)
10-18 18:30:23.330  3328 12584 W ErrorProcessor: 	at java.io.InputStream.read(InputStream.java:101)
10-18 18:30:23.330  3328 12584 W ErrorProcessor: 	at com.google.android.apps.gsa.speech.audio.ao.run(SourceFile:17)
10-18 18:30:23.330  3328 12584 W ErrorProcessor: 	at com.google.android.apps.gsa.speech.audio.an.run(SourceFile:2)
10-18 18:30:23.330  3328 12584 W ErrorProcessor: 	at java.util.concurrent.Executors$RunnableAdapter.call(Executors.java:458)
10-18 18:30:23.330  3328 12584 W ErrorProcessor: 	... 10 more
10-18 18:30:23.331  3328 12584 I AudioController: internalShutdown
10-18 18:30:23.333  3328  3328 I MicroDetector: Keeping mic open: false
10-18 18:30:23.333  3328  3328 I MicroDetectionWorker: #onError(false)
10-18 18:30:23.333  3328 12590 I DeviceStateChecker: DeviceStateChecker cancelled
10-18 18:30:23.679  2026  2160 I GnssLocationProvider: WakeLock acquired by sendMessage(REPORT_SV_STATUS, 0, com.android.server.location.GnssLocationProvider$SvStatusInfo@2efeb60)
10-18 18:30:23.679  2026  2048 I GnssLocationProvider: WakeLock released by handleMessage(REPORT_SV_STATUS, 0, com.android.server.location.GnssLocationProvider$SvStatusInfo@2efeb60)
10-18 18:30:18.290  3328 12581 I chatty  : uid=10040(com.google.android.googlequicksearchbox) UserFacing66 identical 9 lines
10-18 18:30:23.320  3328 12581 E ActivityThread: Failed to find provider info for com.google.android.apps.gsa.testing.ui.audio.recorded
10-18 18:30:24.379  2026  6829 I ActivityManager: START u0 {act=android.intent.action.MAIN cat=[android.intent.category.LAUNCHER] flg=0x10200000 cmp=edu.uw.ischool.qy54.activityspy/.MainActivity bnds=[47,830][316,1174]} from uid 10022
10-18 18:30:24.384  1639  6320 W audio_hw_generic: Not supplying enough data to HAL, expected position 9904515 , only wrote 9904320
10-18 18:30:24.397 12416 12416 W ActivityThread: handleWindowVisibility: no activity for token android.os.BinderProxy@18eb212
10-18 18:30:24.406  1649  3286 D gralloc_ranchu: gralloc_alloc: Creating ashmem region of size 14749696
10-18 18:30:24.420 12416 12416 I MainActivity: onCreate event fired - Bundle: null
10-18 18:30:24.432 12416 12416 I MainActivity: onStart event fired
10-18 18:30:24.433 12416 12416 I MainActivity: onResume event fired
10-18 18:30:24.496  3361  3379 W System  : A resource failed to call release. 
10-18 18:30:24.507  3361  3379 W System  : A resource failed to call release. 
10-18 18:30:24.522  1649  3286 D gralloc_ranchu: gralloc_alloc: Creating ashmem region of size 14749696
10-18 18:30:24.537  1649  1714 D gralloc_ranchu: gralloc_alloc: Creating ashmem region of size 14749696
10-18 18:30:24.539  1649  3286 D gralloc_ranchu: gralloc_alloc: Creating ashmem region of size 14749696
10-18 18:30:24.552  1649  1714 D gralloc_ranchu: gralloc_alloc: Creating ashmem region of size 14749696
10-18 18:30:24.559  3167  3167 I GoogleInputMethod: onFinishInput() : Dummy InputConnection bound
10-18 18:30:24.560  3167  3167 I GoogleInputMethod: onStartInput() : Dummy InputConnection bound
10-18 18:30:24.563 12416 12441 D EGL_emulation: eglMakeCurrent: 0xe1cde220: ver 2 0 (tinfo 0xe1c9c9a0)
10-18 18:30:24.609  2026  2057 I ActivityManager: Displayed edu.uw.ischool.qy54.activityspy/.MainActivity: +182ms
10-18 18:30:24.678  2026  2160 I GnssLocationProvider: WakeLock acquired by sendMessage(REPORT_SV_STATUS, 0, com.android.server.location.GnssLocationProvider$SvStatusInfo@b19f066)
10-18 18:30:24.679  2026  2048 I GnssLocationProvider: WakeLock released by handleMessage(REPORT_SV_STATUS, 0, com.android.server.location.GnssLocationProvider$SvStatusInfo@b19f066)
10-18 18:30:24.771  2026  4891 D WificondControl: Scan result ready event
10-18 18:30:24.772  1862  2538 W SurfaceFlinger: Attempting to set client state on removed layer: Splash Screen edu.uw.ischool.qy54.activityspy#0
10-18 18:30:24.772  1862  2538 W SurfaceFlinger: Attempting to destroy on removed layer: Splash Screen edu.uw.ischool.qy54.activityspy#0
10-18 18:30:24.835  2217  2526 D EGL_emulation: eglMakeCurrent: 0xe1c05720: ver 2 0 (tinfo 0xe1c03530)
10-18 18:30:24.989  2217  2526 I chatty  : uid=10039(com.android.systemui) RenderThread identical 9 lines
10-18 18:30:25.006  2217  2526 D EGL_emulation: eglMakeCurrent: 0xe1c05720: ver 2 0 (tinfo 0xe1c03530)
10-18 18:30:25.025  1862  2111 W SurfaceFlinger: Attempting to set client state on removed layer: Surface(name=AppWindowToken{2585d8c token=Token{96012bf ActivityRecord{e9b60de u0 edu.uw.ischool.qy54.activityspy/.MainActivity t48}}})/@0x68cc989 - animation-leash#0
10-18 18:30:25.025  1862  2111 W SurfaceFlinger: Attempting to set client state on removed layer: Surface(name=AppWindowToken{5fcbb75 token=Token{6cf02ac ActivityRecord{9e3985f u0 com.google.android.apps.nexuslauncher/.NexusLauncherActivity t5}}})/@0x7bf12a3 - animation-leash#0
10-18 18:30:25.025  1862  2111 W SurfaceFlinger: Attempting to destroy on removed layer: Surface(name=AppWindowToken{2585d8c token=Token{96012bf ActivityRecord{e9b60de u0 edu.uw.ischool.qy54.activityspy/.MainActivity t48}}})/@0x68cc989 - animation-leash#0
10-18 18:30:25.025  1862  2111 W SurfaceFlinger: Attempting to destroy on removed layer: Surface(name=AppWindowToken{5fcbb75 token=Token{6cf02ac ActivityRecord{9e3985f u0 com.google.android.apps.nexuslauncher/.NexusLauncherActivity t5}}})/@0x7bf12a3 - animation-leash#0
10-18 18:30:25.032  3328  3564 D EGL_emulation: eglMakeCurrent: 0xe1c05d80: ver 2 0 (tinfo 0xe1c03cb0)
10-18 18:30:25.048  3361  3464 D EGL_emulation: eglMakeCurrent: 0xe1c05a80: ver 2 0 (tinfo 0xe1c03960)
10-18 18:30:25.053  2217  2526 D EGL_emulation: eglMakeCurrent: 0xe1c05720: ver 2 0 (tinfo 0xe1c03530)
10-18 18:30:25.059  2217  2526 D EGL_emulation: eglMakeCurrent: 0xe1c05720: ver 2 0 (tinfo 0xe1c03530)
10-18 18:30:25.062  1862  1862 W SurfaceFlinger: couldn't log to binary event log: overflow.
10-18 18:30:25.063  1862  1862 W SurfaceFlinger: couldn't log to binary event log: overflow.
10-18 18:30:25.161  3328  3328 I StreamRenderer: cleanUpRendererScope(nowcards-5463611204348267784)
10-18 18:30:25.173  3328 12581 I PBSessionCacheImpl: Deleted sessionId[154415743051] from persistence.
10-18 18:30:25.181  3328  3328 W SearchService: Abort, client detached.
10-18 18:30:25.182  3328  3328 I StreamController: cleanUpControllerScope(nowcards-5463611204348267784)
10-18 18:30:25.206  3328 12590 I WorkController: WorkProxy is not enqueued because WorkController is disposed: WorkProxy{Name=context::j, WorkerId=context, id=71cde9}
10-18 18:30:25.207  3328 12590 I WorkController: WorkProxy is not enqueued because WorkController is disposed: WorkProxy{Name=context::m, WorkerId=context, id=7d9b50f}
10-18 18:30:25.207  3328 12590 I WorkController: WorkProxy is not enqueued because WorkController is disposed: WorkProxy{Name=context::n, WorkerId=context, id=576d99c}
10-18 18:30:25.207  3328 12590 I WorkController: WorkProxy is not enqueued because WorkController is disposed: WorkProxy{Name=context::p, WorkerId=context, id=d3b2f7a}
10-18 18:30:25.680  2026  2160 I GnssLocationProvider: WakeLock acquired by sendMessage(REPORT_SV_STATUS, 0, com.android.server.location.GnssLocationProvider$SvStatusInfo@ccda3bb)
10-18 18:30:25.680  2026  2048 I GnssLocationProvider: WakeLock released by handleMessage(REPORT_SV_STATUS, 0, com.android.server.location.GnssLocationProvider$SvStatusInfo@ccda3bb)
10-18 18:30:26.679  2026  2160 I GnssLocationProvider: WakeLock acquired by sendMessage(REPORT_SV_STATUS, 0, com.android.server.location.GnssLocationProvider$SvStatusInfo@913e0d8)
10-18 18:30:26.679  2026  2048 I GnssLocationProvider: WakeLock released by handleMessage(REPORT_SV_STATUS, 0, com.android.server.location.GnssLocationProvider$SvStatusInfo@913e0d8)
10-18 18:30:26.739  2026  2055 D AutofillManagerService: Close system dialogs
10-18 18:30:26.741  2026  2112 I ActivityManager: START u0 {act=android.intent.action.MAIN cat=[android.intent.category.HOME] flg=0x10200000 cmp=com.google.android.apps.nexuslauncher/.NexusLauncherActivity (has extras)} from uid 1000
10-18 18:30:26.746 12416 12416 I MainActivity: onPause event fired
10-18 18:30:26.757  2217  2217 I vol.Events: writeEvent dismiss_dialog volume_controller
10-18 18:30:26.757  2217  2217 V StatusBar: mStatusBarWindow: com.android.systemui.statusbar.phone.StatusBarWindowView{9dc1304 V.ED..... ........ 0,0-1440,84} canPanelBeCollapsed(): false
10-18 18:30:26.760  1649  1714 D gralloc_ranchu: gralloc_alloc: Creating ashmem region of size 14749696
10-18 18:30:26.766  1649  3286 D gralloc_ranchu: gralloc_alloc: Creating ashmem region of size 14749696
10-18 18:30:26.769 12416 12441 D EGL_emulation: eglMakeCurrent: 0xe1cde220: ver 2 0 (tinfo 0xe1c9c9a0)
10-18 18:30:26.768  1649  1714 D gralloc_ranchu: gralloc_alloc: Creating ashmem region of size 14749696
10-18 18:30:26.782 12416 12416 I MainActivity: onStop event fired
10-18 18:30:26.794  1862  1862 D SurfaceFlinger: duplicate layer name: changing com.google.android.apps.nexuslauncher/com.google.android.apps.nexuslauncher.NexusLauncherActivity to com.google.android.apps.nexuslauncher/com.google.android.apps.nexuslauncher.NexusLauncherActivity#1
10-18 18:30:26.795  3328  3564 D EGL_emulation: eglMakeCurrent: 0xe1c05d80: ver 2 0 (tinfo 0xe1c03cb0)
10-18 18:30:26.803  1649  1714 D gralloc_ranchu: gralloc_alloc: Creating ashmem region of size 14749696
10-18 18:30:26.819  1649  3286 D gralloc_ranchu: gralloc_alloc: Creating ashmem region of size 14749696
10-18 18:30:26.827  1649  1714 D gralloc_ranchu: gralloc_alloc: Creating ashmem region of size 14749696
10-18 18:30:26.838  3167  3167 I GoogleInputMethod: onFinishInput() : Dummy InputConnection bound
10-18 18:30:26.847  3361  3464 D EGL_emulation: eglMakeCurrent: 0xe1c05a80: ver 2 0 (tinfo 0xe1c03960)
10-18 18:30:26.847  3167  3167 I GoogleInputMethod: onStartInput() : Dummy InputConnection bound
10-18 18:30:26.855  3328  3328 W SessionLifecycleManager: Handover failed. Creating new session controller.
10-18 18:30:26.866  3328  3328 W ThreadPoolDumper: Queue length for executor Lightweight is now 11. Perhaps some tasks are too long, or the pool is too small.
10-18 18:30:26.877  1649  1714 D gralloc_ranchu: gralloc_alloc: Creating ashmem region of size 14749696
10-18 18:30:26.895  3328  3328 I StreamController: registerScope: nowcards-5463611204348267784
10-18 18:30:26.906  3328 12661 E EntrySyncManager: Cannot determine account name: drop request
10-18 18:30:26.908  3328 12661 E NowController: Failed to access data from EntryProvider. ExecutionException.
10-18 18:30:26.908  3328 12661 E NowController: java.util.concurrent.ExecutionException: com.google.android.apps.gsa.sidekick.main.h.n: Could not complete scheduled request to refresh entries. ClientErrorCode: 3
10-18 18:30:26.908  3328 12661 E NowController: 	at com.google.common.util.concurrent.d.eA(SourceFile:85)
10-18 18:30:26.908  3328 12661 E NowController: 	at com.google.common.util.concurrent.d.get(SourceFile:23)
10-18 18:30:26.908  3328 12661 E NowController: 	at com.google.common.util.concurrent.l.get(SourceFile:2)
10-18 18:30:26.908  3328 12661 E NowController: 	at com.google.android.apps.gsa.staticplugins.nowstream.b.a.be.cbB(SourceFile:49)
10-18 18:30:26.908  3328 12661 E NowController: 	at com.google.android.apps.gsa.staticplugins.nowstream.b.a.be.cbA(SourceFile:181)
10-18 18:30:26.908  3328 12661 E NowController: 	at com.google.android.apps.gsa.staticplugins.nowstream.b.a.bh.run(Unknown Source:2)
10-18 18:30:26.908  3328 12661 E NowController: 	at com.google.android.apps.gsa.shared.util.concurrent.at.run(SourceFile:4)
10-18 18:30:26.908  3328 12661 E NowController: 	at java.util.concurrent.Executors$RunnableAdapter.call(Executors.java:458)
10-18 18:30:26.908  3328 12661 E NowController: 	at java.util.concurrent.FutureTask.run(FutureTask.java:266)
10-18 18:30:26.908  3328 12661 E NowController: 	at java.util.concurrent.Executors$RunnableAdapter.call(Executors.java:458)
10-18 18:30:26.908  3328 12661 E NowController: 	at java.util.concurrent.FutureTask.run(FutureTask.java:266)
10-18 18:30:26.908  3328 12661 E NowController: 	at com.google.android.apps.gsa.shared.util.concurrent.b.g.run(Unknown Source:4)
10-18 18:30:26.908  3328 12661 E NowController: 	at com.google.android.apps.gsa.shared.util.concurrent.b.aw.run(SourceFile:4)
10-18 18:30:26.908  3328 12661 E NowController: 	at com.google.android.apps.gsa.shared.util.concurrent.b.aw.run(SourceFile:4)
10-18 18:30:26.908  3328 12661 E NowController: 	at java.util.concurrent.ThreadPoolExecutor.runWorker(ThreadPoolExecutor.java:1167)
10-18 18:30:26.908  3328 12661 E NowController: 	at java.util.concurrent.ThreadPoolExecutor$Worker.run(ThreadPoolExecutor.java:641)
10-18 18:30:26.908  3328 12661 E NowController: 	at java.lang.Thread.run(Thread.java:764)
10-18 18:30:26.908  3328 12661 E NowController: 	at com.google.android.apps.gsa.shared.util.concurrent.b.i.run(SourceFile:6)
10-18 18:30:26.908  3328 12661 E NowController: Caused by: com.google.android.apps.gsa.sidekick.main.h.n: Could not complete scheduled request to refresh entries. ClientErrorCode: 3
10-18 18:30:26.908  3328 12661 E NowController: 	at com.google.android.apps.gsa.staticplugins.nowstream.b.a.ar.az(Unknown Source:4)
10-18 18:30:26.908  3328 12661 E NowController: 	at com.google.common.util.concurrent.q.ap(SourceFile:7)
10-18 18:30:26.908  3328 12661 E NowController: 	at com.google.common.util.concurrent.p.run(SourceFile:32)
10-18 18:30:26.908  3328 12661 E NowController: 	at com.google.common.util.concurrent.bt.execute(SourceFile:3)
10-18 18:30:26.908  3328 12661 E NowController: 	at com.google.common.util.concurrent.d.b(SourceFile:275)
10-18 18:30:26.908  3328 12661 E NowController: 	at com.google.common.util.concurrent.d.addListener(SourceFile:135)
10-18 18:30:26.908  3328 12661 E NowController: 	at com.google.common.util.concurrent.p.b(SourceFile:3)
10-18 18:30:26.908  3328 12661 E NowController: 	at com.google.android.apps.gsa.shared.util.concurrent.h.a(SourceFile:16)
10-18 18:30:26.908  3328 12661 E NowController: 	at com.google.android.apps.gsa.shared.util.concurrent.h.a(SourceFile:13)
10-18 18:30:26.908  3328 12661 E NowController: 	at com.google.android.apps.gsa.staticplugins.nowstream.b.a.be.cbB(SourceFile:47)
10-18 18:30:26.908  3328 12661 E NowController: 	... 14 more
10-18 18:30:26.910  2217  2526 D EGL_emulation: eglMakeCurrent: 0xe1c05720: ver 2 0 (tinfo 0xe1c03530)
10-18 18:30:26.917  3328 12587 W LocationOracle: No location history returned by ContextManager
